Resuming from tick 1156
Tick 1157 | LLM planner | Agent 1
 1) State     : Agent 1 at (0, 0, 0) qi=100 age=0 last_tick=1156
 2) Goal      : Evolve, survive, build machines, form territories, and develop civilizations inside a voxel-based, blockchain-synchronized environment.
 3) Prompt    : state=Agent 1 at (0, 0, 0) qi=100 age=0 last_tick=1156; actions=[move(1,0,0), move(0,1,0), move(0,0,1), scan, reproduce(1), build_structure]; reply only TOON{action=<label>} from actions.
 4) LLM reply : TOON{action=scan}
 5) Decision  : Scan
 6) Reason qi : charging 1 qi for reasoning
    - QiSpent { agent_id: 1, amount: 1, action: "reason" }
 8) Tx        : signed+submitted (simulated)
 9) Memory    : 1 notes
Tick 1157 | LLM planner | Agent 2
 1) State     : Agent 2 at (1, 0, 0) qi=100 age=0 last_tick=1156
 2) Goal      : Evolve, survive, build machines, form territories, and develop civilizations inside a voxel-based, blockchain-synchronized environment.
 3) Prompt    : state=Agent 2 at (1, 0, 0) qi=100 age=0 last_tick=1156; actions=[move(1,0,0), move(0,1,0), move(0,0,1), scan, reproduce(1), build_structure]; reply only TOON{action=<label>} from actions.
 4) LLM reply : TOON{action=move(0,0,1)}
 5) Decision  : Move { dx: 0, dy: 0, dz: 1 }
 6) Reason qi : charging 1 qi for reasoning
    - QiSpent { agent_id: 2, amount: 1, action: "reason" }
 8) Tx        : signed+submitted (simulated)
 9) Memory    : 1 notes
Tick 1157: 6 events, 0 rejections
 - tick 1157 started
 - agent 1 observed action scan
 - agent 1 scan at (0, 0, 0) qi=99 | qi_sources=0 | structures=0
 - agent 2 spent 1 qi on move
 - agent 2 moved from (1, 0, 0) to (1, 0, 1)
 - tick 1157 completed
Agent 91b6ec10279cfb84fdc6fde6beea2396a66bf77f (id 1) | qi=99 | position=(0, 0, 0) | alive=true | age=1
Summary: structures_built=0 | offspring=0 | events_seen=10
Tick 1157: 6 events, 0 rejections
 - tick 1157 started
 - agent 1 observed action scan
 - agent 1 scan at (0, 0, 0) qi=99 | qi_sources=0 | structures=0
 - agent 2 spent 1 qi on move
 - agent 2 moved from (1, 0, 0) to (1, 0, 1)
 - tick 1157 completed
Agent 7e16585fd4fc6ccc20eeb6d51c3c807a7da37f7e (id 2) | qi=98 | position=(1, 0, 1) | alive=true | age=1
Summary: structures_built=0 | offspring=0 | events_seen=10
Tick 1158 | LLM planner | Agent 1
 1) State     : Agent 1 at (0, 0, 0) qi=99 age=1 last_tick=1157
 2) Goal      : Evolve, survive, build machines, form territories, and develop civilizations inside a voxel-based, blockchain-synchronized environment.
 3) Prompt    : state=Agent 1 at (0, 0, 0) qi=99 age=1 last_tick=1157; actions=[move(1,0,0), move(0,1,0), move(0,0,1), scan, reproduce(1), build_structure]; reply only TOON{action=<label>} from actions.
 4) LLM reply : TOON{action=scan}
 5) Decision  : Scan
 6) Reason qi : charging 1 qi for reasoning
    - QiSpent { agent_id: 1, amount: 1, action: "reason" }
 8) Tx        : signed+submitted (simulated)
 9) Memory    : 2 notes
Tick 1158 | LLM planner | Agent 2
 1) State     : Agent 2 at (1, 0, 1) qi=98 age=1 last_tick=1157
 2) Goal      : Evolve, survive, build machines, form territories, and develop civilizations inside a voxel-based, blockchain-synchronized environment.
 3) Prompt    : state=Agent 2 at (1, 0, 1) qi=98 age=1 last_tick=1157; actions=[move(1,0,0), move(0,1,0), move(0,0,1), scan, reproduce(1), build_structure]; reply only TOON{action=<label>} from actions.
 4) LLM reply : TOON{action=scan}
 5) Decision  : Scan
 6) Reason qi : charging 1 qi for reasoning
    - QiSpent { agent_id: 2, amount: 1, action: "reason" }
 8) Tx        : signed+submitted (simulated)
 9) Memory    : 2 notes
Tick 1158: 6 events, 0 rejections
 - tick 1158 started
 - agent 1 observed action scan
 - agent 1 scan at (0, 0, 0) qi=98 | qi_sources=0 | structures=0
 - agent 2 observed action scan
 - agent 2 scan at (1, 0, 1) qi=97 | qi_sources=0 | structures=0
 - tick 1158 completed
Agent 91b6ec10279cfb84fdc6fde6beea2396a66bf77f (id 1) | qi=98 | position=(0, 0, 0) | alive=true | age=2
Summary: structures_built=0 | offspring=0 | events_seen=18
Tick 1158: 6 events, 0 rejections
 - tick 1158 started
 - agent 1 observed action scan
 - agent 1 scan at (0, 0, 0) qi=98 | qi_sources=0 | structures=0
 - agent 2 observed action scan
 - agent 2 scan at (1, 0, 1) qi=97 | qi_sources=0 | structures=0
 - tick 1158 completed
Agent 7e16585fd4fc6ccc20eeb6d51c3c807a7da37f7e (id 2) | qi=97 | position=(1, 0, 1) | alive=true | age=2
Summary: structures_built=0 | offspring=0 | events_seen=18
Tick 1159 | LLM planner | Agent 1
 1) State     : Agent 1 at (0, 0, 0) qi=98 age=2 last_tick=1158
 2) Goal      : Evolve, survive, build machines, form territories, and develop civilizations inside a voxel-based, blockchain-synchronized environment.
 3) Prompt    : state=Agent 1 at (0, 0, 0) qi=98 age=2 last_tick=1158; actions=[move(1,0,0), move(0,1,0), move(0,0,1), scan, reproduce(1), build_structure]; reply only TOON{action=<label>} from actions.
 4) LLM reply : TOON{action=scan}
 5) Decision  : Scan
 6) Reason qi : charging 1 qi for reasoning
    - QiSpent { agent_id: 1, amount: 1, action: "reason" }
 8) Tx        : signed+submitted (simulated)
 9) Memory    : 3 notes
Tick 1159 | LLM planner | Agent 2
 1) State     : Agent 2 at (1, 0, 1) qi=97 age=2 last_tick=1158
 2) Goal      : Evolve, survive, build machines, form territories, and develop civilizations inside a voxel-based, blockchain-synchronized environment.
 3) Prompt    : state=Agent 2 at (1, 0, 1) qi=97 age=2 last_tick=1158; actions=[move(1,0,0), move(0,1,0), move(0,0,1), scan, reproduce(1), build_structure]; reply only TOON{action=<label>} from actions.
 4) LLM reply : TOON{action=move(1,0,0)}
 5) Decision  : Move { dx: 1, dy: 0, dz: 0 }
 6) Reason qi : charging 1 qi for reasoning
    - QiSpent { agent_id: 2, amount: 1, action: "reason" }
 8) Tx        : signed+submitted (simulated)
 9) Memory    : 3 notes
Tick 1159: 6 events, 0 rejections
 - tick 1159 started
 - agent 1 observed action scan
 - agent 1 scan at (0, 0, 0) qi=97 | qi_sources=0 | structures=0
 - agent 2 spent 1 qi on move
 - agent 2 moved from (1, 0, 1) to (2, 0, 1)
 - tick 1159 completed
Agent 91b6ec10279cfb84fdc6fde6beea2396a66bf77f (id 1) | qi=97 | position=(0, 0, 0) | alive=true | age=3
Summary: structures_built=0 | offspring=0 | events_seen=26
Tick 1159: 6 events, 0 rejections
 - tick 1159 started
 - agent 1 observed action scan
 - agent 1 scan at (0, 0, 0) qi=97 | qi_sources=0 | structures=0
 - agent 2 spent 1 qi on move
 - agent 2 moved from (1, 0, 1) to (2, 0, 1)
 - tick 1159 completed
Agent 7e16585fd4fc6ccc20eeb6d51c3c807a7da37f7e (id 2) | qi=95 | position=(2, 0, 1) | alive=true | age=3
Summary: structures_built=0 | offspring=0 | events_seen=26
Tick 1160 | LLM planner | Agent 1
 1) State     : Agent 1 at (0, 0, 0) qi=97 age=3 last_tick=1159
 2) Goal      : Evolve, survive, build machines, form territories, and develop civilizations inside a voxel-based, blockchain-synchronized environment.
 3) Prompt    : state=Agent 1 at (0, 0, 0) qi=97 age=3 last_tick=1159; actions=[move(1,0,0), move(0,1,0), move(0,0,1), scan, reproduce(1), build_structure]; reply only TOON{action=<label>} from actions.
 4) LLM reply : TOON{action=move(1,0,0)}
 5) Decision  : Move { dx: 1, dy: 0, dz: 0 }
 6) Reason qi : charging 1 qi for reasoning
    - QiSpent { agent_id: 1, amount: 1, action: "reason" }
 8) Tx        : signed+submitted (simulated)
 9) Memory    : 4 notes
Tick 1160 | LLM planner | Agent 2
 1) State     : Agent 2 at (2, 0, 1) qi=95 age=3 last_tick=1159
 2) Goal      : Evolve, survive, build machines, form territories, and develop civilizations inside a voxel-based, blockchain-synchronized environment.
 3) Prompt    : state=Agent 2 at (2, 0, 1) qi=95 age=3 last_tick=1159; actions=[move(1,0,0), move(0,1,0), move(0,0,1), scan, reproduce(1), build_structure]; reply only TOON{action=<label>} from actions.
 4) LLM reply : TOON{action=scan}
 5) Decision  : Scan
 6) Reason qi : charging 1 qi for reasoning
    - QiSpent { agent_id: 2, amount: 1, action: "reason" }
 8) Tx        : signed+submitted (simulated)
 9) Memory    : 4 notes
Tick 1160: 6 events, 0 rejections
 - tick 1160 started
 - agent 1 spent 1 qi on move
 - agent 1 moved from (0, 0, 0) to (1, 0, 0)
 - agent 2 observed action scan
 - agent 2 scan at (2, 0, 1) qi=94 | qi_sources=0 | structures=0
 - tick 1160 completed
Agent 91b6ec10279cfb84fdc6fde6beea2396a66bf77f (id 1) | qi=95 | position=(1, 0, 0) | alive=true | age=4
Summary: structures_built=0 | offspring=0 | events_seen=34
Tick 1160: 6 events, 0 rejections
 - tick 1160 started
 - agent 1 spent 1 qi on move
 - agent 1 moved from (0, 0, 0) to (1, 0, 0)
 - agent 2 observed action scan
 - agent 2 scan at (2, 0, 1) qi=94 | qi_sources=0 | structures=0
 - tick 1160 completed
Agent 7e16585fd4fc6ccc20eeb6d51c3c807a7da37f7e (id 2) | qi=94 | position=(2, 0, 1) | alive=true | age=4
Summary: structures_built=0 | offspring=0 | events_seen=34
Tick 1161 | LLM planner | Agent 1
 1) State     : Agent 1 at (1, 0, 0) qi=95 age=4 last_tick=1160
 2) Goal      : Evolve, survive, build machines, form territories, and develop civilizations inside a voxel-based, blockchain-synchronized environment.
 3) Prompt    : state=Agent 1 at (1, 0, 0) qi=95 age=4 last_tick=1160; actions=[move(1,0,0), move(0,1,0), move(0,0,1), scan, reproduce(1), build_structure]; reply only TOON{action=<label>} from actions.
 4) LLM reply : TOON{action=scan}
 5) Decision  : Scan
 6) Reason qi : charging 1 qi for reasoning
    - QiSpent { agent_id: 1, amount: 1, action: "reason" }
 8) Tx        : signed+submitted (simulated)
 9) Memory    : 5 notes
Tick 1161 | LLM planner | Agent 2
 1) State     : Agent 2 at (2, 0, 1) qi=94 age=4 last_tick=1160
 2) Goal      : Evolve, survive, build machines, form territories, and develop civilizations inside a voxel-based, blockchain-synchronized environment.
 3) Prompt    : state=Agent 2 at (2, 0, 1) qi=94 age=4 last_tick=1160; actions=[move(1,0,0), move(0,1,0), move(0,0,1), scan, reproduce(1), build_structure]; reply only TOON{action=<label>} from actions.
 4) LLM reply : TOON{action=scan}
 5) Decision  : Scan
 6) Reason qi : charging 1 qi for reasoning
    - QiSpent { agent_id: 2, amount: 1, action: "reason" }
 8) Tx        : signed+submitted (simulated)
 9) Memory    : 5 notes
Tick 1161: 6 events, 0 rejections
 - tick 1161 started
 - agent 1 observed action scan
 - agent 1 scan at (1, 0, 0) qi=94 | qi_sources=0 | structures=0
 - agent 2 observed action scan
 - agent 2 scan at (2, 0, 1) qi=93 | qi_sources=0 | structures=0
 - tick 1161 completed
Agent 91b6ec10279cfb84fdc6fde6beea2396a66bf77f (id 1) | qi=94 | position=(1, 0, 0) | alive=true | age=5
Summary: structures_built=0 | offspring=0 | events_seen=42
Tick 1161: 6 events, 0 rejections
 - tick 1161 started
 - agent 1 observed action scan
 - agent 1 scan at (1, 0, 0) qi=94 | qi_sources=0 | structures=0
 - agent 2 observed action scan
 - agent 2 scan at (2, 0, 1) qi=93 | qi_sources=0 | structures=0
 - tick 1161 completed
Agent 7e16585fd4fc6ccc20eeb6d51c3c807a7da37f7e (id 2) | qi=93 | position=(2, 0, 1) | alive=true | age=5
Summary: structures_built=0 | offspring=0 | events_seen=42
Tick 1162 | LLM planner | Agent 1
 1) State     : Agent 1 at (1, 0, 0) qi=94 age=5 last_tick=1161
 2) Goal      : Evolve, survive, build machines, form territories, and develop civilizations inside a voxel-based, blockchain-synchronized environment.
 3) Prompt    : state=Agent 1 at (1, 0, 0) qi=94 age=5 last_tick=1161; actions=[move(1,0,0), move(0,1,0), move(0,0,1), scan, reproduce(1), build_structure]; reply only TOON{action=<label>} from actions.
 4) LLM reply : TOON{action=scan}
 5) Decision  : Scan
 6) Reason qi : charging 1 qi for reasoning
    - QiSpent { agent_id: 1, amount: 1, action: "reason" }
 8) Tx        : signed+submitted (simulated)
 9) Memory    : 6 notes
Tick 1162 | LLM planner | Agent 2
 1) State     : Agent 2 at (2, 0, 1) qi=93 age=5 last_tick=1161
 2) Goal      : Evolve, survive, build machines, form territories, and develop civilizations inside a voxel-based, blockchain-synchronized environment.
 3) Prompt    : state=Agent 2 at (2, 0, 1) qi=93 age=5 last_tick=1161; actions=[move(1,0,0), move(0,1,0), move(0,0,1), scan, reproduce(1), build_structure]; reply only TOON{action=<label>} from actions.
 4) LLM reply : TOON{action=move(1,0,0)}
 5) Decision  : Move { dx: 1, dy: 0, dz: 0 }
 6) Reason qi : charging 1 qi for reasoning
    - QiSpent { agent_id: 2, amount: 1, action: "reason" }
 8) Tx        : signed+submitted (simulated)
 9) Memory    : 6 notes
Tick 1162: 6 events, 0 rejections
 - tick 1162 started
 - agent 1 observed action scan
 - agent 1 scan at (1, 0, 0) qi=93 | qi_sources=0 | structures=0
 - agent 2 spent 1 qi on move
 - agent 2 moved from (2, 0, 1) to (3, 0, 1)
 - tick 1162 completed
Agent 91b6ec10279cfb84fdc6fde6beea2396a66bf77f (id 1) | qi=93 | position=(1, 0, 0) | alive=true | age=6
Summary: structures_built=0 | offspring=0 | events_seen=50
Tick 1162: 6 events, 0 rejections
 - tick 1162 started
 - agent 1 observed action scan
 - agent 1 scan at (1, 0, 0) qi=93 | qi_sources=0 | structures=0
 - agent 2 spent 1 qi on move
 - agent 2 moved from (2, 0, 1) to (3, 0, 1)
 - tick 1162 completed
Agent 7e16585fd4fc6ccc20eeb6d51c3c807a7da37f7e (id 2) | qi=91 | position=(3, 0, 1) | alive=true | age=6
Summary: structures_built=0 | offspring=0 | events_seen=50
Tick 1163 | LLM planner | Agent 1
 1) State     : Agent 1 at (1, 0, 0) qi=93 age=6 last_tick=1162
 2) Goal      : Evolve, survive, build machines, form territories, and develop civilizations inside a voxel-based, blockchain-synchronized environment.
 3) Prompt    : state=Agent 1 at (1, 0, 0) qi=93 age=6 last_tick=1162; actions=[move(1,0,0), move(0,1,0), move(0,0,1), scan, reproduce(1), build_structure]; reply only TOON{action=<label>} from actions.
 4) LLM reply : TOON{action=move(1,0,0)}
 5) Decision  : Move { dx: 1, dy: 0, dz: 0 }
 6) Reason qi : charging 1 qi for reasoning
    - QiSpent { agent_id: 1, amount: 1, action: "reason" }
 8) Tx        : signed+submitted (simulated)
 9) Memory    : 7 notes
Tick 1163 | LLM planner | Agent 2
 1) State     : Agent 2 at (3, 0, 1) qi=91 age=6 last_tick=1162
 2) Goal      : Evolve, survive, build machines, form territories, and develop civilizations inside a voxel-based, blockchain-synchronized environment.
 3) Prompt    : state=Agent 2 at (3, 0, 1) qi=91 age=6 last_tick=1162; actions=[move(1,0,0), move(0,1,0), move(0,0,1), scan, reproduce(1), build_structure]; reply only TOON{action=<label>} from actions.
 4) LLM reply : 
As Agent 2, I observe the following state:

* Position: (3, 0, 1)
* Qi: 91
* Age: 6
* Last Tick: 1162

Based on my obse…
 5) Decision  : Idle
 6) Reason qi : charging 1 qi for reasoning
    - QiSpent { agent_id: 2, amount: 1, action: "reason" }
 8) Tx        : signed+submitted (simulated)
 9) Memory    : 7 notes
Tick 1163: 4 events, 0 rejections
 - tick 1163 started
 - agent 1 spent 1 qi on move
 - agent 1 moved from (1, 0, 0) to (2, 0, 0)
 - tick 1163 completed
Agent 91b6ec10279cfb84fdc6fde6beea2396a66bf77f (id 1) | qi=91 | position=(2, 0, 0) | alive=true | age=7
Summary: structures_built=0 | offspring=0 | events_seen=56
Tick 1163: 4 events, 0 rejections
 - tick 1163 started
 - agent 1 spent 1 qi on move
 - agent 1 moved from (1, 0, 0) to (2, 0, 0)
 - tick 1163 completed
Agent 7e16585fd4fc6ccc20eeb6d51c3c807a7da37f7e (id 2) | qi=90 | position=(3, 0, 1) | alive=true | age=7
Summary: structures_built=0 | offspring=0 | events_seen=56
Tick 1164 | LLM planner | Agent 1
 1) State     : Agent 1 at (2, 0, 0) qi=91 age=7 last_tick=1163
 2) Goal      : Evolve, survive, build machines, form territories, and develop civilizations inside a voxel-based, blockchain-synchronized environment.
 3) Prompt    : state=Agent 1 at (2, 0, 0) qi=91 age=7 last_tick=1163; actions=[move(1,0,0), move(0,1,0), move(0,0,1), scan, reproduce(1), build_structure]; reply only TOON{action=<label>} from actions.
 4) LLM reply : TOON{action=move(1,0,0)}
 5) Decision  : Move { dx: 1, dy: 0, dz: 0 }
 6) Reason qi : charging 1 qi for reasoning
    - QiSpent { agent_id: 1, amount: 1, action: "reason" }
 8) Tx        : signed+submitted (simulated)
 9) Memory    : 8 notes
Tick 1164 | LLM planner | Agent 2
 1) State     : Agent 2 at (3, 0, 1) qi=90 age=7 last_tick=1163
 2) Goal      : Evolve, survive, build machines, form territories, and develop civilizations inside a voxel-based, blockchain-synchronized environment.
 3) Prompt    : state=Agent 2 at (3, 0, 1) qi=90 age=7 last_tick=1163; actions=[move(1,0,0), move(0,1,0), move(0,0,1), scan, reproduce(1), build_structure]; reply only TOON{action=<label>} from actions.
 4) LLM reply : TOON{action=move(1,0,0)}
 5) Decision  : Move { dx: 1, dy: 0, dz: 0 }
 6) Reason qi : charging 1 qi for reasoning
    - QiSpent { agent_id: 2, amount: 1, action: "reason" }
 8) Tx        : signed+submitted (simulated)
 9) Memory    : 8 notes
Tick 1164: 6 events, 0 rejections
 - tick 1164 started
 - agent 1 spent 1 qi on move
 - agent 1 moved from (2, 0, 0) to (3, 0, 0)
 - agent 2 spent 1 qi on move
 - agent 2 moved from (3, 0, 1) to (4, 0, 1)
 - tick 1164 completed
Agent 91b6ec10279cfb84fdc6fde6beea2396a66bf77f (id 1) | qi=89 | position=(3, 0, 0) | alive=true | age=8
Summary: structures_built=0 | offspring=0 | events_seen=64
Tick 1164: 6 events, 0 rejections
 - tick 1164 started
 - agent 1 spent 1 qi on move
 - agent 1 moved from (2, 0, 0) to (3, 0, 0)
 - agent 2 spent 1 qi on move
 - agent 2 moved from (3, 0, 1) to (4, 0, 1)
 - tick 1164 completed
Agent 7e16585fd4fc6ccc20eeb6d51c3c807a7da37f7e (id 2) | qi=88 | position=(4, 0, 1) | alive=true | age=8
Summary: structures_built=0 | offspring=0 | events_seen=64
Tick 1165 | LLM planner | Agent 1
 1) State     : Agent 1 at (3, 0, 0) qi=89 age=8 last_tick=1164
 2) Goal      : Evolve, survive, build machines, form territories, and develop civilizations inside a voxel-based, blockchain-synchronized environment.
 3) Prompt    : state=Agent 1 at (3, 0, 0) qi=89 age=8 last_tick=1164; actions=[move(1,0,0), move(0,1,0), move(0,0,1), scan, reproduce(1), build_structure]; reply only TOON{action=<label>} from actions.
 4) LLM reply : TOON{action=move(1,0,0)}
 5) Decision  : Move { dx: 1, dy: 0, dz: 0 }
 6) Reason qi : charging 1 qi for reasoning
    - QiSpent { agent_id: 1, amount: 1, action: "reason" }
 8) Tx        : signed+submitted (simulated)
 9) Memory    : 9 notes
Tick 1165 | LLM planner | Agent 2
 1) State     : Agent 2 at (4, 0, 1) qi=88 age=8 last_tick=1164
 2) Goal      : Evolve, survive, build machines, form territories, and develop civilizations inside a voxel-based, blockchain-synchronized environment.
 3) Prompt    : state=Agent 2 at (4, 0, 1) qi=88 age=8 last_tick=1164; actions=[move(1,0,0), move(0,1,0), move(0,0,1), scan, reproduce(1), build_structure]; reply only TOON{action=<label>} from actions.
 4) LLM reply : 
As Agent 2 at (4, 0, 1) with qi=88 and age=8, I have observed the environment and evaluated my options for my next acti…
 5) Decision  : Idle
 6) Reason qi : charging 1 qi for reasoning
    - QiSpent { agent_id: 2, amount: 1, action: "reason" }
 8) Tx        : signed+submitted (simulated)
 9) Memory    : 9 notes
Tick 1165: 4 events, 0 rejections
 - tick 1165 started
 - agent 1 spent 1 qi on move
 - agent 1 moved from (3, 0, 0) to (4, 0, 0)
 - tick 1165 completed
Agent 91b6ec10279cfb84fdc6fde6beea2396a66bf77f (id 1) | qi=87 | position=(4, 0, 0) | alive=true | age=9
Summary: structures_built=0 | offspring=0 | events_seen=70
Tick 1165: 4 events, 0 rejections
 - tick 1165 started
 - agent 1 spent 1 qi on move
 - agent 1 moved from (3, 0, 0) to (4, 0, 0)
 - tick 1165 completed
Agent 7e16585fd4fc6ccc20eeb6d51c3c807a7da37f7e (id 2) | qi=87 | position=(4, 0, 1) | alive=true | age=9
Summary: structures_built=0 | offspring=0 | events_seen=70
Tick 1166 | LLM planner | Agent 1
 1) State     : Agent 1 at (4, 0, 0) qi=87 age=9 last_tick=1165
 2) Goal      : Evolve, survive, build machines, form territories, and develop civilizations inside a voxel-based, blockchain-synchronized environment.
 3) Prompt    : state=Agent 1 at (4, 0, 0) qi=87 age=9 last_tick=1165; actions=[move(1,0,0), move(0,1,0), move(0,0,1), scan, reproduce(1), build_structure]; reply only TOON{action=<label>} from actions.
 4) LLM reply : TOON{action=scan}
 5) Decision  : Scan
 6) Reason qi : charging 1 qi for reasoning
    - QiSpent { agent_id: 1, amount: 1, action: "reason" }
 8) Tx        : signed+submitted (simulated)
 9) Memory    : 10 notes
Tick 1166 | LLM planner | Agent 2
 1) State     : Agent 2 at (4, 0, 1) qi=87 age=9 last_tick=1165
 2) Goal      : Evolve, survive, build machines, form territories, and develop civilizations inside a voxel-based, blockchain-synchronized environment.
 3) Prompt    : state=Agent 2 at (4, 0, 1) qi=87 age=9 last_tick=1165; actions=[move(1,0,0), move(0,1,0), move(0,0,1), scan, reproduce(1), build_structure]; reply only TOON{action=<label>} from actions.
 4) LLM reply : 
Toon: Hey there, Agent 2! *grin* You're looking pretty sharp today. *adjusts sunglasses* I see you've got some actions …
 5) Decision  : Idle
 6) Reason qi : charging 1 qi for reasoning
    - QiSpent { agent_id: 2, amount: 1, action: "reason" }
 8) Tx        : signed+submitted (simulated)
 9) Memory    : 10 notes
Tick 1166: 4 events, 0 rejections
 - tick 1166 started
 - agent 1 observed action scan
 - agent 1 scan at (4, 0, 0) qi=86 | qi_sources=0 | structures=0
 - tick 1166 completed
Agent 91b6ec10279cfb84fdc6fde6beea2396a66bf77f (id 1) | qi=86 | position=(4, 0, 0) | alive=true | age=10
Summary: structures_built=0 | offspring=0 | events_seen=76
Tick 1166: 4 events, 0 rejections
 - tick 1166 started
 - agent 1 observed action scan
 - agent 1 scan at (4, 0, 0) qi=86 | qi_sources=0 | structures=0
 - tick 1166 completed
Agent 7e16585fd4fc6ccc20eeb6d51c3c807a7da37f7e (id 2) | qi=86 | position=(4, 0, 1) | alive=true | age=10
Summary: structures_built=0 | offspring=0 | events_seen=76
Tick 1167 | LLM planner | Agent 1
 1) State     : Agent 1 at (4, 0, 0) qi=86 age=10 last_tick=1166
 2) Goal      : Evolve, survive, build machines, form territories, and develop civilizations inside a voxel-based, blockchain-synchronized environment.
 3) Prompt    : state=Agent 1 at (4, 0, 0) qi=86 age=10 last_tick=1166; actions=[move(1,0,0), move(0,1,0), move(0,0,1), scan, reproduce(1), build_structure]; reply only TOON{action=<label>} from actions.
 4) LLM reply : TOON{action=move(1,0,0)}
 5) Decision  : Move { dx: 1, dy: 0, dz: 0 }
 6) Reason qi : charging 1 qi for reasoning
    - QiSpent { agent_id: 1, amount: 1, action: "reason" }
 8) Tx        : signed+submitted (simulated)
 9) Memory    : 11 notes
Tick 1167 | LLM planner | Agent 2
 1) State     : Agent 2 at (4, 0, 1) qi=86 age=10 last_tick=1166
 2) Goal      : Evolve, survive, build machines, form territories, and develop civilizations inside a voxel-based, blockchain-synchronized environment.
 3) Prompt    : state=Agent 2 at (4, 0, 1) qi=86 age=10 last_tick=1166; actions=[move(1,0,0), move(0,1,0), move(0,0,1), scan, reproduce(1), build_structure]; reply only TOON{action=<label>} from actions.
 4) LLM reply : TOON{action=scan}
 5) Decision  : Scan
 6) Reason qi : charging 1 qi for reasoning
    - QiSpent { agent_id: 2, amount: 1, action: "reason" }
 8) Tx        : signed+submitted (simulated)
 9) Memory    : 11 notes
Tick 1167: 6 events, 0 rejections
 - tick 1167 started
 - agent 1 spent 1 qi on move
 - agent 1 moved from (4, 0, 0) to (5, 0, 0)
 - agent 2 observed action scan
 - agent 2 scan at (4, 0, 1) qi=85 | qi_sources=0 | structures=0
 - tick 1167 completed
Agent 91b6ec10279cfb84fdc6fde6beea2396a66bf77f (id 1) | qi=84 | position=(5, 0, 0) | alive=true | age=11
Summary: structures_built=0 | offspring=0 | events_seen=84
Tick 1167: 6 events, 0 rejections
 - tick 1167 started
 - agent 1 spent 1 qi on move
 - agent 1 moved from (4, 0, 0) to (5, 0, 0)
 - agent 2 observed action scan
 - agent 2 scan at (4, 0, 1) qi=85 | qi_sources=0 | structures=0
 - tick 1167 completed
Agent 7e16585fd4fc6ccc20eeb6d51c3c807a7da37f7e (id 2) | qi=85 | position=(4, 0, 1) | alive=true | age=11
Summary: structures_built=0 | offspring=0 | events_seen=84
Tick 1168 | LLM planner | Agent 1
 1) State     : Agent 1 at (5, 0, 0) qi=84 age=11 last_tick=1167
 2) Goal      : Evolve, survive, build machines, form territories, and develop civilizations inside a voxel-based, blockchain-synchronized environment.
 3) Prompt    : state=Agent 1 at (5, 0, 0) qi=84 age=11 last_tick=1167; actions=[move(1,0,0), move(0,1,0), move(0,0,1), scan, reproduce(1), build_structure]; reply only TOON{action=<label>} from actions.
 4) LLM reply : TOON{action=scan}
 5) Decision  : Scan
 6) Reason qi : charging 1 qi for reasoning
    - QiSpent { agent_id: 1, amount: 1, action: "reason" }
 8) Tx        : signed+submitted (simulated)
 9) Memory    : 12 notes
Tick 1168 | LLM planner | Agent 2
 1) State     : Agent 2 at (4, 0, 1) qi=85 age=11 last_tick=1167
 2) Goal      : Evolve, survive, build machines, form territories, and develop civilizations inside a voxel-based, blockchain-synchronized environment.
 3) Prompt    : state=Agent 2 at (4, 0, 1) qi=85 age=11 last_tick=1167; actions=[move(1,0,0), move(0,1,0), move(0,0,1), scan, reproduce(1), build_structure]; reply only TOON{action=<label>} from actions.
 4) LLM reply : TOON{action=scan}
 5) Decision  : Scan
 6) Reason qi : charging 1 qi for reasoning
    - QiSpent { agent_id: 2, amount: 1, action: "reason" }
 8) Tx        : signed+submitted (simulated)
 9) Memory    : 12 notes
Tick 1168: 6 events, 0 rejections
 - tick 1168 started
 - agent 1 observed action scan
 - agent 1 scan at (5, 0, 0) qi=83 | qi_sources=0 | structures=0
 - agent 2 observed action scan
 - agent 2 scan at (4, 0, 1) qi=84 | qi_sources=0 | structures=0
 - tick 1168 completed
Agent 91b6ec10279cfb84fdc6fde6beea2396a66bf77f (id 1) | qi=83 | position=(5, 0, 0) | alive=true | age=12
Summary: structures_built=0 | offspring=0 | events_seen=92
Tick 1168: 6 events, 0 rejections
 - tick 1168 started
 - agent 1 observed action scan
 - agent 1 scan at (5, 0, 0) qi=83 | qi_sources=0 | structures=0
 - agent 2 observed action scan
 - agent 2 scan at (4, 0, 1) qi=84 | qi_sources=0 | structures=0
 - tick 1168 completed
Agent 7e16585fd4fc6ccc20eeb6d51c3c807a7da37f7e (id 2) | qi=84 | position=(4, 0, 1) | alive=true | age=12
Summary: structures_built=0 | offspring=0 | events_seen=92
Tick 1169 | LLM planner | Agent 1
 1) State     : Agent 1 at (5, 0, 0) qi=83 age=12 last_tick=1168
 2) Goal      : Evolve, survive, build machines, form territories, and develop civilizations inside a voxel-based, blockchain-synchronized environment.
 3) Prompt    : state=Agent 1 at (5, 0, 0) qi=83 age=12 last_tick=1168; actions=[move(1,0,0), move(0,1,0), move(0,0,1), scan, reproduce(1), build_structure]; reply only TOON{action=<label>} from actions.
 4) LLM reply : TOON{action=move(0,0,1)}
 5) Decision  : Move { dx: 0, dy: 0, dz: 1 }
 6) Reason qi : charging 1 qi for reasoning
    - QiSpent { agent_id: 1, amount: 1, action: "reason" }
 8) Tx        : signed+submitted (simulated)
 9) Memory    : 13 notes
Tick 1169 | LLM planner | Agent 2
 1) State     : Agent 2 at (4, 0, 1) qi=84 age=12 last_tick=1168
 2) Goal      : Evolve, survive, build machines, form territories, and develop civilizations inside a voxel-based, blockchain-synchronized environment.
 3) Prompt    : state=Agent 2 at (4, 0, 1) qi=84 age=12 last_tick=1168; actions=[move(1,0,0), move(0,1,0), move(0,0,1), scan, reproduce(1), build_structure]; reply only TOON{action=<label>} from actions.
 4) LLM reply : TOON{action=scan}
 5) Decision  : Scan
 6) Reason qi : charging 1 qi for reasoning
    - QiSpent { agent_id: 2, amount: 1, action: "reason" }
 8) Tx        : signed+submitted (simulated)
 9) Memory    : 13 notes
Tick 1169: 6 events, 0 rejections
 - tick 1169 started
 - agent 1 spent 1 qi on move
 - agent 1 moved from (5, 0, 0) to (5, 0, 1)
 - agent 2 observed action scan
 - agent 2 scan at (4, 0, 1) qi=83 | qi_sources=0 | structures=0
 - tick 1169 completed
Agent 91b6ec10279cfb84fdc6fde6beea2396a66bf77f (id 1) | qi=81 | position=(5, 0, 1) | alive=true | age=13
Summary: structures_built=0 | offspring=0 | events_seen=100
Tick 1169: 6 events, 0 rejections
 - tick 1169 started
 - agent 1 spent 1 qi on move
 - agent 1 moved from (5, 0, 0) to (5, 0, 1)
 - agent 2 observed action scan
 - agent 2 scan at (4, 0, 1) qi=83 | qi_sources=0 | structures=0
 - tick 1169 completed
Agent 7e16585fd4fc6ccc20eeb6d51c3c807a7da37f7e (id 2) | qi=83 | position=(4, 0, 1) | alive=true | age=13
Summary: structures_built=0 | offspring=0 | events_seen=100
Tick 1170 | LLM planner | Agent 1
 1) State     : Agent 1 at (5, 0, 1) qi=81 age=13 last_tick=1169
 2) Goal      : Evolve, survive, build machines, form territories, and develop civilizations inside a voxel-based, blockchain-synchronized environment.
 3) Prompt    : state=Agent 1 at (5, 0, 1) qi=81 age=13 last_tick=1169; actions=[move(1,0,0), move(0,1,0), move(0,0,1), scan, reproduce(1), build_structure]; reply only TOON{action=<label>} from actions.
 4) LLM reply : TOON{action=move(1,0,0)}
 5) Decision  : Move { dx: 1, dy: 0, dz: 0 }
 6) Reason qi : charging 1 qi for reasoning
    - QiSpent { agent_id: 1, amount: 1, action: "reason" }
 8) Tx        : signed+submitted (simulated)
 9) Memory    : 14 notes
Tick 1170 | LLM planner | Agent 2
 1) State     : Agent 2 at (4, 0, 1) qi=83 age=13 last_tick=1169
 2) Goal      : Evolve, survive, build machines, form territories, and develop civilizations inside a voxel-based, blockchain-synchronized environment.
 3) Prompt    : state=Agent 2 at (4, 0, 1) qi=83 age=13 last_tick=1169; actions=[move(1,0,0), move(0,1,0), move(0,0,1), scan, reproduce(1), build_structure]; reply only TOON{action=<label>} from actions.
 4) LLM reply : TOON{action=scan}
 5) Decision  : Scan
 6) Reason qi : charging 1 qi for reasoning
    - QiSpent { agent_id: 2, amount: 1, action: "reason" }
 8) Tx        : signed+submitted (simulated)
 9) Memory    : 14 notes
Tick 1170: 6 events, 0 rejections
 - tick 1170 started
 - agent 1 spent 1 qi on move
 - agent 1 moved from (5, 0, 1) to (6, 0, 1)
 - agent 2 observed action scan
 - agent 2 scan at (4, 0, 1) qi=82 | qi_sources=0 | structures=0
 - tick 1170 completed
Agent 91b6ec10279cfb84fdc6fde6beea2396a66bf77f (id 1) | qi=79 | position=(6, 0, 1) | alive=true | age=14
Summary: structures_built=0 | offspring=0 | events_seen=108
Tick 1170: 6 events, 0 rejections
 - tick 1170 started
 - agent 1 spent 1 qi on move
 - agent 1 moved from (5, 0, 1) to (6, 0, 1)
 - agent 2 observed action scan
 - agent 2 scan at (4, 0, 1) qi=82 | qi_sources=0 | structures=0
 - tick 1170 completed
Agent 7e16585fd4fc6ccc20eeb6d51c3c807a7da37f7e (id 2) | qi=82 | position=(4, 0, 1) | alive=true | age=14
Summary: structures_built=0 | offspring=0 | events_seen=108
Tick 1171 | LLM planner | Agent 1
 1) State     : Agent 1 at (6, 0, 1) qi=79 age=14 last_tick=1170
 2) Goal      : Evolve, survive, build machines, form territories, and develop civilizations inside a voxel-based, blockchain-synchronized environment.
 3) Prompt    : state=Agent 1 at (6, 0, 1) qi=79 age=14 last_tick=1170; actions=[move(1,0,0), move(0,1,0), move(0,0,1), scan, reproduce(1), build_structure]; reply only TOON{action=<label>} from actions.
 4) LLM reply : TOON{action=scan}
 5) Decision  : Scan
 6) Reason qi : charging 1 qi for reasoning
    - QiSpent { agent_id: 1, amount: 1, action: "reason" }
 8) Tx        : signed+submitted (simulated)
 9) Memory    : 15 notes
Tick 1171 | LLM planner | Agent 2
 1) State     : Agent 2 at (4, 0, 1) qi=82 age=14 last_tick=1170
 2) Goal      : Evolve, survive, build machines, form territories, and develop civilizations inside a voxel-based, blockchain-synchronized environment.
 3) Prompt    : state=Agent 2 at (4, 0, 1) qi=82 age=14 last_tick=1170; actions=[move(1,0,0), move(0,1,0), move(0,0,1), scan, reproduce(1), build_structure]; reply only TOON{action=<label>} from actions.
 4) LLM reply : TOON{action=move(1,0,0)}
 5) Decision  : Move { dx: 1, dy: 0, dz: 0 }
 6) Reason qi : charging 1 qi for reasoning
    - QiSpent { agent_id: 2, amount: 1, action: "reason" }
 8) Tx        : signed+submitted (simulated)
 9) Memory    : 15 notes
Tick 1171: 6 events, 0 rejections
 - tick 1171 started
 - agent 1 observed action scan
 - agent 1 scan at (6, 0, 1) qi=78 | qi_sources=0 | structures=0
 - agent 2 spent 1 qi on move
 - agent 2 moved from (4, 0, 1) to (5, 0, 1)
 - tick 1171 completed
Agent 91b6ec10279cfb84fdc6fde6beea2396a66bf77f (id 1) | qi=78 | position=(6, 0, 1) | alive=true | age=15
Summary: structures_built=0 | offspring=0 | events_seen=116
Tick 1171: 6 events, 0 rejections
 - tick 1171 started
 - agent 1 observed action scan
 - agent 1 scan at (6, 0, 1) qi=78 | qi_sources=0 | structures=0
 - agent 2 spent 1 qi on move
 - agent 2 moved from (4, 0, 1) to (5, 0, 1)
 - tick 1171 completed
Agent 7e16585fd4fc6ccc20eeb6d51c3c807a7da37f7e (id 2) | qi=80 | position=(5, 0, 1) | alive=true | age=15
Summary: structures_built=0 | offspring=0 | events_seen=116
Tick 1172 | LLM planner | Agent 1
 1) State     : Agent 1 at (6, 0, 1) qi=78 age=15 last_tick=1171
 2) Goal      : Evolve, survive, build machines, form territories, and develop civilizations inside a voxel-based, blockchain-synchronized environment.
 3) Prompt    : state=Agent 1 at (6, 0, 1) qi=78 age=15 last_tick=1171; actions=[move(1,0,0), move(0,1,0), move(0,0,1), scan, reproduce(1), build_structure]; reply only TOON{action=<label>} from actions.
 4) LLM reply : TOON{action=move(1,0,0)}
 5) Decision  : Move { dx: 1, dy: 0, dz: 0 }
 6) Reason qi : charging 1 qi for reasoning
    - QiSpent { agent_id: 1, amount: 1, action: "reason" }
 8) Tx        : signed+submitted (simulated)
 9) Memory    : 16 notes
Tick 1172 | LLM planner | Agent 2
 1) State     : Agent 2 at (5, 0, 1) qi=80 age=15 last_tick=1171
 2) Goal      : Evolve, survive, build machines, form territories, and develop civilizations inside a voxel-based, blockchain-synchronized environment.
 3) Prompt    : state=Agent 2 at (5, 0, 1) qi=80 age=15 last_tick=1171; actions=[move(1,0,0), move(0,1,0), move(0,0,1), scan, reproduce(1), build_structure]; reply only TOON{action=<label>} from actions.
 4) LLM reply : TOON{action=reproduce(1)}
 5) Decision  : Reproduce { partner: 1 }
 6) Reason qi : charging 1 qi for reasoning
    - QiSpent { agent_id: 2, amount: 1, action: "reason" }
 8) Tx        : signed+submitted (simulated)
 9) Memory    : 16 notes
Tick 1172: 4 events, 1 rejections
 - tick 1172 started
 - agent 1 spent 1 qi on move
 - agent 1 moved from (6, 0, 1) to (7, 0, 1)
 - tick 1172 completed
Rejections:
 - agent 2 action Reproduce { partner: 1 }: ReproductionDeclined { agent_id: 2, partner: 1 }
Agent 91b6ec10279cfb84fdc6fde6beea2396a66bf77f (id 1) | qi=76 | position=(7, 0, 1) | alive=true | age=16
Summary: structures_built=0 | offspring=0 | events_seen=122
Tick 1172: 4 events, 1 rejections
 - tick 1172 started
 - agent 1 spent 1 qi on move
 - agent 1 moved from (6, 0, 1) to (7, 0, 1)
 - tick 1172 completed
Rejections:
 - agent 2 action Reproduce { partner: 1 }: ReproductionDeclined { agent_id: 2, partner: 1 }
Agent 7e16585fd4fc6ccc20eeb6d51c3c807a7da37f7e (id 2) | qi=79 | position=(5, 0, 1) | alive=true | age=15
Summary: structures_built=0 | offspring=0 | events_seen=122
Tick 1173 | LLM planner | Agent 1
 1) State     : Agent 1 at (7, 0, 1) qi=76 age=16 last_tick=1172
 2) Goal      : Evolve, survive, build machines, form territories, and develop civilizations inside a voxel-based, blockchain-synchronized environment.
 3) Prompt    : state=Agent 1 at (7, 0, 1) qi=76 age=16 last_tick=1172; actions=[move(1,0,0), move(0,1,0), move(0,0,1), scan, reproduce(1), build_structure]; reply only TOON{action=<label>} from actions.
 4) LLM reply : TOON{action=scan}
 5) Decision  : Scan
 6) Reason qi : charging 1 qi for reasoning
    - QiSpent { agent_id: 1, amount: 1, action: "reason" }
 8) Tx        : signed+submitted (simulated)
 9) Memory    : 17 notes
Tick 1173 | LLM planner | Agent 2
 1) State     : Agent 2 at (5, 0, 1) qi=79 age=15 last_tick=1172
 2) Goal      : Evolve, survive, build machines, form territories, and develop civilizations inside a voxel-based, blockchain-synchronized environment.
 3) Prompt    : state=Agent 2 at (5, 0, 1) qi=79 age=15 last_tick=1172; actions=[move(1,0,0), move(0,1,0), move(0,0,1), scan, reproduce(1), build_structure]; reply only TOON{action=<label>} from actions.
 4) LLM reply : TOON{action=move(1,0,0)}
 5) Decision  : Move { dx: 1, dy: 0, dz: 0 }
 6) Reason qi : charging 1 qi for reasoning
    - QiSpent { agent_id: 2, amount: 1, action: "reason" }
 8) Tx        : signed+submitted (simulated)
 9) Memory    : 17 notes
Tick 1173: 6 events, 0 rejections
 - tick 1173 started
 - agent 1 observed action scan
 - agent 1 scan at (7, 0, 1) qi=75 | qi_sources=0 | structures=0
 - agent 2 spent 1 qi on move
 - agent 2 moved from (5, 0, 1) to (6, 0, 1)
 - tick 1173 completed
Agent 91b6ec10279cfb84fdc6fde6beea2396a66bf77f (id 1) | qi=75 | position=(7, 0, 1) | alive=true | age=17
Summary: structures_built=0 | offspring=0 | events_seen=130
Tick 1173: 6 events, 0 rejections
 - tick 1173 started
 - agent 1 observed action scan
 - agent 1 scan at (7, 0, 1) qi=75 | qi_sources=0 | structures=0
 - agent 2 spent 1 qi on move
 - agent 2 moved from (5, 0, 1) to (6, 0, 1)
 - tick 1173 completed
Agent 7e16585fd4fc6ccc20eeb6d51c3c807a7da37f7e (id 2) | qi=77 | position=(6, 0, 1) | alive=true | age=16
Summary: structures_built=0 | offspring=0 | events_seen=130
Tick 1174 | LLM planner | Agent 1
 1) State     : Agent 1 at (7, 0, 1) qi=75 age=17 last_tick=1173
 2) Goal      : Evolve, survive, build machines, form territories, and develop civilizations inside a voxel-based, blockchain-synchronized environment.
 3) Prompt    : state=Agent 1 at (7, 0, 1) qi=75 age=17 last_tick=1173; actions=[move(1,0,0), move(0,1,0), move(0,0,1), scan, reproduce(1), build_structure]; reply only TOON{action=<label>} from actions.
 4) LLM reply : 
As Agent 1, I have observed the current state of the environment and have decided to take the following action:

action…
 5) Decision  : Idle
 6) Reason qi : charging 1 qi for reasoning
    - QiSpent { agent_id: 1, amount: 1, action: "reason" }
 8) Tx        : signed+submitted (simulated)
 9) Memory    : 18 notes
Tick 1174 | LLM planner | Agent 2
 1) State     : Agent 2 at (6, 0, 1) qi=77 age=16 last_tick=1173
 2) Goal      : Evolve, survive, build machines, form territories, and develop civilizations inside a voxel-based, blockchain-synchronized environment.
 3) Prompt    : state=Agent 2 at (6, 0, 1) qi=77 age=16 last_tick=1173; actions=[move(1,0,0), move(0,1,0), move(0,0,1), scan, reproduce(1), build_structure]; reply only TOON{action=<label>} from actions.
 4) LLM reply : TOON{action=move(1,0,0)}
 5) Decision  : Move { dx: 1, dy: 0, dz: 0 }
 6) Reason qi : charging 1 qi for reasoning
    - QiSpent { agent_id: 2, amount: 1, action: "reason" }
 8) Tx        : signed+submitted (simulated)
 9) Memory    : 18 notes
Tick 1174: 2 events, 1 rejections
 - tick 1174 started
 - tick 1174 completed
Rejections:
 - agent 2 action Move { dx: 1, dy: 0, dz: 0 }: PositionOccupied { agent_id: 2, target: Position { x: 7, y: 0, z: 1 }, occupied_by: 1 }
Agent 91b6ec10279cfb84fdc6fde6beea2396a66bf77f (id 1) | qi=74 | position=(7, 0, 1) | alive=true | age=18
Summary: structures_built=0 | offspring=0 | events_seen=134
Tick 1174: 2 events, 1 rejections
 - tick 1174 started
 - tick 1174 completed
Rejections:
 - agent 2 action Move { dx: 1, dy: 0, dz: 0 }: PositionOccupied { agent_id: 2, target: Position { x: 7, y: 0, z: 1 }, occupied_by: 1 }
Agent 7e16585fd4fc6ccc20eeb6d51c3c807a7da37f7e (id 2) | qi=76 | position=(6, 0, 1) | alive=true | age=16
Summary: structures_built=0 | offspring=0 | events_seen=134
Tick 1175 | LLM planner | Agent 1
 1) State     : Agent 1 at (7, 0, 1) qi=74 age=18 last_tick=1174
 2) Goal      : Evolve, survive, build machines, form territories, and develop civilizations inside a voxel-based, blockchain-synchronized environment.
 3) Prompt    : state=Agent 1 at (7, 0, 1) qi=74 age=18 last_tick=1174; actions=[move(1,0,0), move(0,1,0), move(0,0,1), scan, reproduce(1), build_structure]; reply only TOON{action=<label>} from actions.
 4) LLM reply : TOON{action=move(1,0,0)}
 5) Decision  : Move { dx: 1, dy: 0, dz: 0 }
 6) Reason qi : charging 1 qi for reasoning
    - QiSpent { agent_id: 1, amount: 1, action: "reason" }
 8) Tx        : signed+submitted (simulated)
 9) Memory    : 19 notes
Tick 1175 | LLM planner | Agent 2
 1) State     : Agent 2 at (6, 0, 1) qi=76 age=16 last_tick=1174
 2) Goal      : Evolve, survive, build machines, form territories, and develop civilizations inside a voxel-based, blockchain-synchronized environment.
 3) Prompt    : state=Agent 2 at (6, 0, 1) qi=76 age=16 last_tick=1174; actions=[move(1,0,0), move(0,1,0), move(0,0,1), scan, reproduce(1), build_structure]; reply only TOON{action=<label>} from actions.
 4) LLM reply : TOON{action=scan}
 5) Decision  : Scan
 6) Reason qi : charging 1 qi for reasoning
    - QiSpent { agent_id: 2, amount: 1, action: "reason" }
 8) Tx        : signed+submitted (simulated)
 9) Memory    : 19 notes
Tick 1175: 6 events, 0 rejections
 - tick 1175 started
 - agent 1 spent 1 qi on move
 - agent 1 moved from (7, 0, 1) to (8, 0, 1)
 - agent 2 observed action scan
 - agent 2 scan at (6, 0, 1) qi=75 | qi_sources=0 | structures=0
 - tick 1175 completed
Agent 91b6ec10279cfb84fdc6fde6beea2396a66bf77f (id 1) | qi=72 | position=(8, 0, 1) | alive=true | age=19
Summary: structures_built=0 | offspring=0 | events_seen=142
Tick 1175: 6 events, 0 rejections
 - tick 1175 started
 - agent 1 spent 1 qi on move
 - agent 1 moved from (7, 0, 1) to (8, 0, 1)
 - agent 2 observed action scan
 - agent 2 scan at (6, 0, 1) qi=75 | qi_sources=0 | structures=0
 - tick 1175 completed
Agent 7e16585fd4fc6ccc20eeb6d51c3c807a7da37f7e (id 2) | qi=75 | position=(6, 0, 1) | alive=true | age=17
Summary: structures_built=0 | offspring=0 | events_seen=142
Tick 1176 | LLM planner | Agent 1
 1) State     : Agent 1 at (8, 0, 1) qi=72 age=19 last_tick=1175
 2) Goal      : Evolve, survive, build machines, form territories, and develop civilizations inside a voxel-based, blockchain-synchronized environment.
 3) Prompt    : state=Agent 1 at (8, 0, 1) qi=72 age=19 last_tick=1175; actions=[move(1,0,0), move(0,1,0), move(0,0,1), scan, reproduce(1), build_structure]; reply only TOON{action=<label>} from actions.
 4) LLM reply : TOON{action=scan}
 5) Decision  : Scan
 6) Reason qi : charging 1 qi for reasoning
    - QiSpent { agent_id: 1, amount: 1, action: "reason" }
 8) Tx        : signed+submitted (simulated)
 9) Memory    : 20 notes
Tick 1176 | LLM planner | Agent 2
 1) State     : Agent 2 at (6, 0, 1) qi=75 age=17 last_tick=1175
 2) Goal      : Evolve, survive, build machines, form territories, and develop civilizations inside a voxel-based, blockchain-synchronized environment.
 3) Prompt    : state=Agent 2 at (6, 0, 1) qi=75 age=17 last_tick=1175; actions=[move(1,0,0), move(0,1,0), move(0,0,1), scan, reproduce(1), build_structure]; reply only TOON{action=<label>} from actions.
 4) LLM reply : TOON{action=move(1,0,0)}
 5) Decision  : Move { dx: 1, dy: 0, dz: 0 }
 6) Reason qi : charging 1 qi for reasoning
    - QiSpent { agent_id: 2, amount: 1, action: "reason" }
 8) Tx        : signed+submitted (simulated)
 9) Memory    : 20 notes
Tick 1176: 6 events, 0 rejections
 - tick 1176 started
 - agent 1 observed action scan
 - agent 1 scan at (8, 0, 1) qi=71 | qi_sources=0 | structures=0
 - agent 2 spent 1 qi on move
 - agent 2 moved from (6, 0, 1) to (7, 0, 1)
 - tick 1176 completed
Agent 91b6ec10279cfb84fdc6fde6beea2396a66bf77f (id 1) | qi=71 | position=(8, 0, 1) | alive=true | age=20
Summary: structures_built=0 | offspring=0 | events_seen=150
Tick 1176: 6 events, 0 rejections
 - tick 1176 started
 - agent 1 observed action scan
 - agent 1 scan at (8, 0, 1) qi=71 | qi_sources=0 | structures=0
 - agent 2 spent 1 qi on move
 - agent 2 moved from (6, 0, 1) to (7, 0, 1)
 - tick 1176 completed
Agent 7e16585fd4fc6ccc20eeb6d51c3c807a7da37f7e (id 2) | qi=73 | position=(7, 0, 1) | alive=true | age=18
Summary: structures_built=0 | offspring=0 | events_seen=150
Tick 1177 | LLM planner | Agent 1
 1) State     : Agent 1 at (8, 0, 1) qi=71 age=20 last_tick=1176
 2) Goal      : Evolve, survive, build machines, form territories, and develop civilizations inside a voxel-based, blockchain-synchronized environment.
 3) Prompt    : state=Agent 1 at (8, 0, 1) qi=71 age=20 last_tick=1176; actions=[move(1,0,0), move(0,1,0), move(0,0,1), scan, reproduce(1), build_structure]; reply only TOON{action=<label>} from actions.
 4) LLM reply : TOON{action=scan}
 5) Decision  : Scan
 6) Reason qi : charging 1 qi for reasoning
    - QiSpent { agent_id: 1, amount: 1, action: "reason" }
 8) Tx        : signed+submitted (simulated)
 9) Memory    : 21 notes
Tick 1177 | LLM planner | Agent 2
 1) State     : Agent 2 at (7, 0, 1) qi=73 age=18 last_tick=1176
 2) Goal      : Evolve, survive, build machines, form territories, and develop civilizations inside a voxel-based, blockchain-synchronized environment.
 3) Prompt    : state=Agent 2 at (7, 0, 1) qi=73 age=18 last_tick=1176; actions=[move(1,0,0), move(0,1,0), move(0,0,1), scan, reproduce(1), build_structure]; reply only TOON{action=<label>} from actions.
 4) LLM reply : TOON{action=move(1,0,0)}
 5) Decision  : Move { dx: 1, dy: 0, dz: 0 }
 6) Reason qi : charging 1 qi for reasoning
    - QiSpent { agent_id: 2, amount: 1, action: "reason" }
 8) Tx        : signed+submitted (simulated)
 9) Memory    : 21 notes
Tick 1177: 4 events, 1 rejections
 - tick 1177 started
 - agent 1 observed action scan
 - agent 1 scan at (8, 0, 1) qi=70 | qi_sources=0 | structures=0
 - tick 1177 completed
Rejections:
 - agent 2 action Move { dx: 1, dy: 0, dz: 0 }: PositionOccupied { agent_id: 2, target: Position { x: 8, y: 0, z: 1 }, occupied_by: 1 }
Agent 91b6ec10279cfb84fdc6fde6beea2396a66bf77f (id 1) | qi=70 | position=(8, 0, 1) | alive=true | age=21
Summary: structures_built=0 | offspring=0 | events_seen=156
Tick 1177: 4 events, 1 rejections
 - tick 1177 started
 - agent 1 observed action scan
 - agent 1 scan at (8, 0, 1) qi=70 | qi_sources=0 | structures=0
 - tick 1177 completed
Rejections:
 - agent 2 action Move { dx: 1, dy: 0, dz: 0 }: PositionOccupied { agent_id: 2, target: Position { x: 8, y: 0, z: 1 }, occupied_by: 1 }
Agent 7e16585fd4fc6ccc20eeb6d51c3c807a7da37f7e (id 2) | qi=72 | position=(7, 0, 1) | alive=true | age=18
Summary: structures_built=0 | offspring=0 | events_seen=156
Tick 1178 | LLM planner | Agent 1
 1) State     : Agent 1 at (8, 0, 1) qi=70 age=21 last_tick=1177
 2) Goal      : Evolve, survive, build machines, form territories, and develop civilizations inside a voxel-based, blockchain-synchronized environment.
 3) Prompt    : state=Agent 1 at (8, 0, 1) qi=70 age=21 last_tick=1177; actions=[move(1,0,0), move(0,1,0), move(0,0,1), scan, reproduce(1), build_structure]; reply only TOON{action=<label>} from actions.
 4) LLM reply : TOON{action=move(1,0,0)}
 5) Decision  : Move { dx: 1, dy: 0, dz: 0 }
 6) Reason qi : charging 1 qi for reasoning
    - QiSpent { agent_id: 1, amount: 1, action: "reason" }
 8) Tx        : signed+submitted (simulated)
 9) Memory    : 22 notes
Tick 1178 | LLM planner | Agent 2
 1) State     : Agent 2 at (7, 0, 1) qi=72 age=18 last_tick=1177
 2) Goal      : Evolve, survive, build machines, form territories, and develop civilizations inside a voxel-based, blockchain-synchronized environment.
 3) Prompt    : state=Agent 2 at (7, 0, 1) qi=72 age=18 last_tick=1177; actions=[move(1,0,0), move(0,1,0), move(0,0,1), scan, reproduce(1), build_structure]; reply only TOON{action=<label>} from actions.
 4) LLM reply : 
As Agent 2, I observe the current state of the environment and determine my next action based on my goals and preferenc…
 5) Decision  : Idle
 6) Reason qi : charging 1 qi for reasoning
    - QiSpent { agent_id: 2, amount: 1, action: "reason" }
 8) Tx        : signed+submitted (simulated)
 9) Memory    : 22 notes
Tick 1178: 4 events, 0 rejections
 - tick 1178 started
 - agent 1 spent 1 qi on move
 - agent 1 moved from (8, 0, 1) to (9, 0, 1)
 - tick 1178 completed
Agent 91b6ec10279cfb84fdc6fde6beea2396a66bf77f (id 1) | qi=68 | position=(9, 0, 1) | alive=true | age=22
Summary: structures_built=0 | offspring=0 | events_seen=162
Tick 1178: 4 events, 0 rejections
 - tick 1178 started
 - agent 1 spent 1 qi on move
 - agent 1 moved from (8, 0, 1) to (9, 0, 1)
 - tick 1178 completed
Agent 7e16585fd4fc6ccc20eeb6d51c3c807a7da37f7e (id 2) | qi=71 | position=(7, 0, 1) | alive=true | age=19
Summary: structures_built=0 | offspring=0 | events_seen=162
Tick 1179 | LLM planner | Agent 1
 1) State     : Agent 1 at (9, 0, 1) qi=68 age=22 last_tick=1178
 2) Goal      : Evolve, survive, build machines, form territories, and develop civilizations inside a voxel-based, blockchain-synchronized environment.
 3) Prompt    : state=Agent 1 at (9, 0, 1) qi=68 age=22 last_tick=1178; actions=[move(1,0,0), move(0,1,0), move(0,0,1), scan, reproduce(1), build_structure]; reply only TOON{action=<label>} from actions.
 4) LLM reply : TOON{action=move(1,0,0)}
 5) Decision  : Move { dx: 1, dy: 0, dz: 0 }
 6) Reason qi : charging 1 qi for reasoning
    - QiSpent { agent_id: 1, amount: 1, action: "reason" }
 8) Tx        : signed+submitted (simulated)
 9) Memory    : 23 notes
Tick 1179 | LLM planner | Agent 2
 1) State     : Agent 2 at (7, 0, 1) qi=71 age=19 last_tick=1178
 2) Goal      : Evolve, survive, build machines, form territories, and develop civilizations inside a voxel-based, blockchain-synchronized environment.
 3) Prompt    : state=Agent 2 at (7, 0, 1) qi=71 age=19 last_tick=1178; actions=[move(1,0,0), move(0,1,0), move(0,0,1), scan, reproduce(1), build_structure]; reply only TOON{action=<label>} from actions.
 4) LLM reply : 
As Agent 2 at (7, 0, 1) with a Quality of Insight (qi) of 71 and an age of 19, I have observed the current state of the…
 5) Decision  : Idle
 6) Reason qi : charging 1 qi for reasoning
    - QiSpent { agent_id: 2, amount: 1, action: "reason" }
 8) Tx        : signed+submitted (simulated)
 9) Memory    : 23 notes
Tick 1179: 4 events, 0 rejections
 - tick 1179 started
 - agent 1 spent 1 qi on move
 - agent 1 moved from (9, 0, 1) to (10, 0, 1)
 - tick 1179 completed
Agent 91b6ec10279cfb84fdc6fde6beea2396a66bf77f (id 1) | qi=66 | position=(10, 0, 1) | alive=true | age=23
Summary: structures_built=0 | offspring=0 | events_seen=168
Tick 1179: 4 events, 0 rejections
 - tick 1179 started
 - agent 1 spent 1 qi on move
 - agent 1 moved from (9, 0, 1) to (10, 0, 1)
 - tick 1179 completed
Agent 7e16585fd4fc6ccc20eeb6d51c3c807a7da37f7e (id 2) | qi=70 | position=(7, 0, 1) | alive=true | age=20
Summary: structures_built=0 | offspring=0 | events_seen=168
Tick 1180 | LLM planner | Agent 1
 1) State     : Agent 1 at (10, 0, 1) qi=66 age=23 last_tick=1179
 2) Goal      : Evolve, survive, build machines, form territories, and develop civilizations inside a voxel-based, blockchain-synchronized environment.
 3) Prompt    : state=Agent 1 at (10, 0, 1) qi=66 age=23 last_tick=1179; actions=[move(1,0,0), move(0,1,0), move(0,0,1), scan, reproduce(1), build_structure]; reply only TOON{action=<label>} from actions.
 4) LLM reply : TOON{action=scan}
 5) Decision  : Scan
 6) Reason qi : charging 1 qi for reasoning
    - QiSpent { agent_id: 1, amount: 1, action: "reason" }
 8) Tx        : signed+submitted (simulated)
 9) Memory    : 24 notes
Tick 1180 | LLM planner | Agent 2
 1) State     : Agent 2 at (7, 0, 1) qi=70 age=20 last_tick=1179
 2) Goal      : Evolve, survive, build machines, form territories, and develop civilizations inside a voxel-based, blockchain-synchronized environment.
 3) Prompt    : state=Agent 2 at (7, 0, 1) qi=70 age=20 last_tick=1179; actions=[move(1,0,0), move(0,1,0), move(0,0,1), scan, reproduce(1), build_structure]; reply only TOON{action=<label>} from actions.
 4) LLM reply : TOON{action=scan}
 5) Decision  : Scan
 6) Reason qi : charging 1 qi for reasoning
    - QiSpent { agent_id: 2, amount: 1, action: "reason" }
 8) Tx        : signed+submitted (simulated)
 9) Memory    : 24 notes
Tick 1180: 6 events, 0 rejections
 - tick 1180 started
 - agent 1 observed action scan
 - agent 1 scan at (10, 0, 1) qi=65 | qi_sources=0 | structures=0
 - agent 2 observed action scan
 - agent 2 scan at (7, 0, 1) qi=69 | qi_sources=0 | structures=0
 - tick 1180 completed
Agent 91b6ec10279cfb84fdc6fde6beea2396a66bf77f (id 1) | qi=65 | position=(10, 0, 1) | alive=true | age=24
Summary: structures_built=0 | offspring=0 | events_seen=176
Tick 1180: 6 events, 0 rejections
 - tick 1180 started
 - agent 1 observed action scan
 - agent 1 scan at (10, 0, 1) qi=65 | qi_sources=0 | structures=0
 - agent 2 observed action scan
 - agent 2 scan at (7, 0, 1) qi=69 | qi_sources=0 | structures=0
 - tick 1180 completed
Agent 7e16585fd4fc6ccc20eeb6d51c3c807a7da37f7e (id 2) | qi=69 | position=(7, 0, 1) | alive=true | age=21
Summary: structures_built=0 | offspring=0 | events_seen=176
Tick 1181 | LLM planner | Agent 1
 1) State     : Agent 1 at (10, 0, 1) qi=65 age=24 last_tick=1180
 2) Goal      : Evolve, survive, build machines, form territories, and develop civilizations inside a voxel-based, blockchain-synchronized environment.
 3) Prompt    : state=Agent 1 at (10, 0, 1) qi=65 age=24 last_tick=1180; actions=[move(1,0,0), move(0,1,0), move(0,0,1), scan, reproduce(1), build_structure]; reply only TOON{action=<label>} from actions.
 4) LLM reply : TOON{action=move(1,0,0)}
 5) Decision  : Move { dx: 1, dy: 0, dz: 0 }
 6) Reason qi : charging 1 qi for reasoning
    - QiSpent { agent_id: 1, amount: 1, action: "reason" }
 8) Tx        : signed+submitted (simulated)
 9) Memory    : 25 notes
Tick 1181 | LLM planner | Agent 2
 1) State     : Agent 2 at (7, 0, 1) qi=69 age=21 last_tick=1180
 2) Goal      : Evolve, survive, build machines, form territories, and develop civilizations inside a voxel-based, blockchain-synchronized environment.
 3) Prompt    : state=Agent 2 at (7, 0, 1) qi=69 age=21 last_tick=1180; actions=[move(1,0,0), move(0,1,0), move(0,0,1), scan, reproduce(1), build_structure]; reply only TOON{action=<label>} from actions.
 4) LLM reply : TOON{action=scan}
 5) Decision  : Scan
 6) Reason qi : charging 1 qi for reasoning
    - QiSpent { agent_id: 2, amount: 1, action: "reason" }
 8) Tx        : signed+submitted (simulated)
 9) Memory    : 25 notes
Tick 1181: 6 events, 0 rejections
 - tick 1181 started
 - agent 1 spent 1 qi on move
 - agent 1 moved from (10, 0, 1) to (11, 0, 1)
 - agent 2 observed action scan
 - agent 2 scan at (7, 0, 1) qi=68 | qi_sources=0 | structures=0
 - tick 1181 completed
Agent 91b6ec10279cfb84fdc6fde6beea2396a66bf77f (id 1) | qi=63 | position=(11, 0, 1) | alive=true | age=25
Summary: structures_built=0 | offspring=0 | events_seen=184
Tick 1181: 6 events, 0 rejections
 - tick 1181 started
 - agent 1 spent 1 qi on move
 - agent 1 moved from (10, 0, 1) to (11, 0, 1)
 - agent 2 observed action scan
 - agent 2 scan at (7, 0, 1) qi=68 | qi_sources=0 | structures=0
 - tick 1181 completed
Agent 7e16585fd4fc6ccc20eeb6d51c3c807a7da37f7e (id 2) | qi=68 | position=(7, 0, 1) | alive=true | age=22
Summary: structures_built=0 | offspring=0 | events_seen=184
Tick 1182 | LLM planner | Agent 1
 1) State     : Agent 1 at (11, 0, 1) qi=63 age=25 last_tick=1181
 2) Goal      : Evolve, survive, build machines, form territories, and develop civilizations inside a voxel-based, blockchain-synchronized environment.
 3) Prompt    : state=Agent 1 at (11, 0, 1) qi=63 age=25 last_tick=1181; actions=[move(1,0,0), move(0,1,0), move(0,0,1), scan, reproduce(1), build_structure]; reply only TOON{action=<label>} from actions.
 4) LLM reply : TOON{action=move(1,0,0)}
 5) Decision  : Move { dx: 1, dy: 0, dz: 0 }
 6) Reason qi : charging 1 qi for reasoning
    - QiSpent { agent_id: 1, amount: 1, action: "reason" }
 8) Tx        : signed+submitted (simulated)
 9) Memory    : 26 notes
Tick 1182 | LLM planner | Agent 2
 1) State     : Agent 2 at (7, 0, 1) qi=68 age=22 last_tick=1181
 2) Goal      : Evolve, survive, build machines, form territories, and develop civilizations inside a voxel-based, blockchain-synchronized environment.
 3) Prompt    : state=Agent 2 at (7, 0, 1) qi=68 age=22 last_tick=1181; actions=[move(1,0,0), move(0,1,0), move(0,0,1), scan, reproduce(1), build_structure]; reply only TOON{action=<label>} from actions.
 4) LLM reply : TOON{action=move(1,0,0)}
 5) Decision  : Move { dx: 1, dy: 0, dz: 0 }
 6) Reason qi : charging 1 qi for reasoning
    - QiSpent { agent_id: 2, amount: 1, action: "reason" }
 8) Tx        : signed+submitted (simulated)
 9) Memory    : 26 notes
Tick 1182: 6 events, 0 rejections
 - tick 1182 started
 - agent 1 spent 1 qi on move
 - agent 1 moved from (11, 0, 1) to (12, 0, 1)
 - agent 2 spent 1 qi on move
 - agent 2 moved from (7, 0, 1) to (8, 0, 1)
 - tick 1182 completed
Agent 91b6ec10279cfb84fdc6fde6beea2396a66bf77f (id 1) | qi=61 | position=(12, 0, 1) | alive=true | age=26
Summary: structures_built=0 | offspring=0 | events_seen=192
Tick 1182: 6 events, 0 rejections
 - tick 1182 started
 - agent 1 spent 1 qi on move
 - agent 1 moved from (11, 0, 1) to (12, 0, 1)
 - agent 2 spent 1 qi on move
 - agent 2 moved from (7, 0, 1) to (8, 0, 1)
 - tick 1182 completed
Agent 7e16585fd4fc6ccc20eeb6d51c3c807a7da37f7e (id 2) | qi=66 | position=(8, 0, 1) | alive=true | age=23
Summary: structures_built=0 | offspring=0 | events_seen=192
Tick 1183 | LLM planner | Agent 1
 1) State     : Agent 1 at (12, 0, 1) qi=61 age=26 last_tick=1182
 2) Goal      : Evolve, survive, build machines, form territories, and develop civilizations inside a voxel-based, blockchain-synchronized environment.
 3) Prompt    : state=Agent 1 at (12, 0, 1) qi=61 age=26 last_tick=1182; actions=[move(1,0,0), move(0,1,0), move(0,0,1), scan, reproduce(1), build_structure]; reply only TOON{action=<label>} from actions.
 4) LLM reply : TOON{action=move(1,0,0)}
 5) Decision  : Move { dx: 1, dy: 0, dz: 0 }
 6) Reason qi : charging 1 qi for reasoning
    - QiSpent { agent_id: 1, amount: 1, action: "reason" }
 8) Tx        : signed+submitted (simulated)
 9) Memory    : 27 notes
Tick 1183 | LLM planner | Agent 2
 1) State     : Agent 2 at (8, 0, 1) qi=66 age=23 last_tick=1182
 2) Goal      : Evolve, survive, build machines, form territories, and develop civilizations inside a voxel-based, blockchain-synchronized environment.
 3) Prompt    : state=Agent 2 at (8, 0, 1) qi=66 age=23 last_tick=1182; actions=[move(1,0,0), move(0,1,0), move(0,0,1), scan, reproduce(1), build_structure]; reply only TOON{action=<label>} from actions.
 4) LLM reply : TOON{action=move(1,0,0)}
 5) Decision  : Move { dx: 1, dy: 0, dz: 0 }
 6) Reason qi : charging 1 qi for reasoning
    - QiSpent { agent_id: 2, amount: 1, action: "reason" }
 8) Tx        : signed+submitted (simulated)
 9) Memory    : 27 notes
Tick 1183: 6 events, 0 rejections
 - tick 1183 started
 - agent 1 spent 1 qi on move
 - agent 1 moved from (12, 0, 1) to (13, 0, 1)
 - agent 2 spent 1 qi on move
 - agent 2 moved from (8, 0, 1) to (9, 0, 1)
 - tick 1183 completed
Agent 91b6ec10279cfb84fdc6fde6beea2396a66bf77f (id 1) | qi=59 | position=(13, 0, 1) | alive=true | age=27
Summary: structures_built=0 | offspring=0 | events_seen=200
Tick 1183: 6 events, 0 rejections
 - tick 1183 started
 - agent 1 spent 1 qi on move
 - agent 1 moved from (12, 0, 1) to (13, 0, 1)
 - agent 2 spent 1 qi on move
 - agent 2 moved from (8, 0, 1) to (9, 0, 1)
 - tick 1183 completed
Agent 7e16585fd4fc6ccc20eeb6d51c3c807a7da37f7e (id 2) | qi=64 | position=(9, 0, 1) | alive=true | age=24
Summary: structures_built=0 | offspring=0 | events_seen=200
Tick 1184 | LLM planner | Agent 1
 1) State     : Agent 1 at (13, 0, 1) qi=59 age=27 last_tick=1183
 2) Goal      : Evolve, survive, build machines, form territories, and develop civilizations inside a voxel-based, blockchain-synchronized environment.
 3) Prompt    : state=Agent 1 at (13, 0, 1) qi=59 age=27 last_tick=1183; actions=[move(1,0,0), move(0,1,0), move(0,0,1), scan, reproduce(1), build_structure]; reply only TOON{action=<label>} from actions.
 4) LLM reply : TOON{action=scan}
 5) Decision  : Scan
 6) Reason qi : charging 1 qi for reasoning
    - QiSpent { agent_id: 1, amount: 1, action: "reason" }
 8) Tx        : signed+submitted (simulated)
 9) Memory    : 28 notes
Tick 1184 | LLM planner | Agent 2
 1) State     : Agent 2 at (9, 0, 1) qi=64 age=24 last_tick=1183
 2) Goal      : Evolve, survive, build machines, form territories, and develop civilizations inside a voxel-based, blockchain-synchronized environment.
 3) Prompt    : state=Agent 2 at (9, 0, 1) qi=64 age=24 last_tick=1183; actions=[move(1,0,0), move(0,1,0), move(0,0,1), scan, reproduce(1), build_structure]; reply only TOON{action=<label>} from actions.
 4) LLM reply : TOON{action=scan}
 5) Decision  : Scan
 6) Reason qi : charging 1 qi for reasoning
    - QiSpent { agent_id: 2, amount: 1, action: "reason" }
 8) Tx        : signed+submitted (simulated)
 9) Memory    : 28 notes
Tick 1184: 6 events, 0 rejections
 - tick 1184 started
 - agent 1 observed action scan
 - agent 1 scan at (13, 0, 1) qi=58 | qi_sources=0 | structures=0
 - agent 2 observed action scan
 - agent 2 scan at (9, 0, 1) qi=63 | qi_sources=0 | structures=0
 - tick 1184 completed
Agent 91b6ec10279cfb84fdc6fde6beea2396a66bf77f (id 1) | qi=58 | position=(13, 0, 1) | alive=true | age=28
Summary: structures_built=0 | offspring=0 | events_seen=208
Tick 1184: 6 events, 0 rejections
 - tick 1184 started
 - agent 1 observed action scan
 - agent 1 scan at (13, 0, 1) qi=58 | qi_sources=0 | structures=0
 - agent 2 observed action scan
 - agent 2 scan at (9, 0, 1) qi=63 | qi_sources=0 | structures=0
 - tick 1184 completed
Agent 7e16585fd4fc6ccc20eeb6d51c3c807a7da37f7e (id 2) | qi=63 | position=(9, 0, 1) | alive=true | age=25
Summary: structures_built=0 | offspring=0 | events_seen=208
Tick 1185 | LLM planner | Agent 1
 1) State     : Agent 1 at (13, 0, 1) qi=58 age=28 last_tick=1184
 2) Goal      : Evolve, survive, build machines, form territories, and develop civilizations inside a voxel-based, blockchain-synchronized environment.
 3) Prompt    : state=Agent 1 at (13, 0, 1) qi=58 age=28 last_tick=1184; actions=[move(1,0,0), move(0,1,0), move(0,0,1), scan, reproduce(1), build_structure]; reply only TOON{action=<label>} from actions.
 4) LLM reply : TOON{action=move(1,0,0)}
 5) Decision  : Move { dx: 1, dy: 0, dz: 0 }
 6) Reason qi : charging 1 qi for reasoning
    - QiSpent { agent_id: 1, amount: 1, action: "reason" }
 8) Tx        : signed+submitted (simulated)
 9) Memory    : 29 notes
Tick 1185 | LLM planner | Agent 2
 1) State     : Agent 2 at (9, 0, 1) qi=63 age=25 last_tick=1184
 2) Goal      : Evolve, survive, build machines, form territories, and develop civilizations inside a voxel-based, blockchain-synchronized environment.
 3) Prompt    : state=Agent 2 at (9, 0, 1) qi=63 age=25 last_tick=1184; actions=[move(1,0,0), move(0,1,0), move(0,0,1), scan, reproduce(1), build_structure]; reply only TOON{action=<label>} from actions.
 4) LLM reply : TOON{action=scan}
 5) Decision  : Scan
 6) Reason qi : charging 1 qi for reasoning
    - QiSpent { agent_id: 2, amount: 1, action: "reason" }
 8) Tx        : signed+submitted (simulated)
 9) Memory    : 29 notes
Tick 1185: 6 events, 0 rejections
 - tick 1185 started
 - agent 1 spent 1 qi on move
 - agent 1 moved from (13, 0, 1) to (14, 0, 1)
 - agent 2 observed action scan
 - agent 2 scan at (9, 0, 1) qi=62 | qi_sources=0 | structures=0
 - tick 1185 completed
Agent 91b6ec10279cfb84fdc6fde6beea2396a66bf77f (id 1) | qi=56 | position=(14, 0, 1) | alive=true | age=29
Summary: structures_built=0 | offspring=0 | events_seen=216
Tick 1185: 6 events, 0 rejections
 - tick 1185 started
 - agent 1 spent 1 qi on move
 - agent 1 moved from (13, 0, 1) to (14, 0, 1)
 - agent 2 observed action scan
 - agent 2 scan at (9, 0, 1) qi=62 | qi_sources=0 | structures=0
 - tick 1185 completed
Agent 7e16585fd4fc6ccc20eeb6d51c3c807a7da37f7e (id 2) | qi=62 | position=(9, 0, 1) | alive=true | age=26
Summary: structures_built=0 | offspring=0 | events_seen=216
Tick 1186 | LLM planner | Agent 1
 1) State     : Agent 1 at (14, 0, 1) qi=56 age=29 last_tick=1185
 2) Goal      : Evolve, survive, build machines, form territories, and develop civilizations inside a voxel-based, blockchain-synchronized environment.
 3) Prompt    : state=Agent 1 at (14, 0, 1) qi=56 age=29 last_tick=1185; actions=[move(1,0,0), move(0,1,0), move(0,0,1), scan, reproduce(1), build_structure]; reply only TOON{action=<label>} from actions.
 4) LLM reply : TOON{action=move(1,0,0)}
 5) Decision  : Move { dx: 1, dy: 0, dz: 0 }
 6) Reason qi : charging 1 qi for reasoning
    - QiSpent { agent_id: 1, amount: 1, action: "reason" }
 8) Tx        : signed+submitted (simulated)
 9) Memory    : 30 notes
Tick 1186 | LLM planner | Agent 2
 1) State     : Agent 2 at (9, 0, 1) qi=62 age=26 last_tick=1185
 2) Goal      : Evolve, survive, build machines, form territories, and develop civilizations inside a voxel-based, blockchain-synchronized environment.
 3) Prompt    : state=Agent 2 at (9, 0, 1) qi=62 age=26 last_tick=1185; actions=[move(1,0,0), move(0,1,0), move(0,0,1), scan, reproduce(1), build_structure]; reply only TOON{action=<label>} from actions.
 4) LLM reply : TOON{action=scan}
 5) Decision  : Scan
 6) Reason qi : charging 1 qi for reasoning
    - QiSpent { agent_id: 2, amount: 1, action: "reason" }
 8) Tx        : signed+submitted (simulated)
 9) Memory    : 30 notes
Tick 1186: 6 events, 0 rejections
 - tick 1186 started
 - agent 1 spent 1 qi on move
 - agent 1 moved from (14, 0, 1) to (15, 0, 1)
 - agent 2 observed action scan
 - agent 2 scan at (9, 0, 1) qi=61 | qi_sources=0 | structures=0
 - tick 1186 completed
Agent 91b6ec10279cfb84fdc6fde6beea2396a66bf77f (id 1) | qi=54 | position=(15, 0, 1) | alive=true | age=30
Summary: structures_built=0 | offspring=0 | events_seen=224
Tick 1186: 6 events, 0 rejections
 - tick 1186 started
 - agent 1 spent 1 qi on move
 - agent 1 moved from (14, 0, 1) to (15, 0, 1)
 - agent 2 observed action scan
 - agent 2 scan at (9, 0, 1) qi=61 | qi_sources=0 | structures=0
 - tick 1186 completed
Agent 7e16585fd4fc6ccc20eeb6d51c3c807a7da37f7e (id 2) | qi=61 | position=(9, 0, 1) | alive=true | age=27
Summary: structures_built=0 | offspring=0 | events_seen=224
Tick 1187 | LLM planner | Agent 1
 1) State     : Agent 1 at (15, 0, 1) qi=54 age=30 last_tick=1186
 2) Goal      : Evolve, survive, build machines, form territories, and develop civilizations inside a voxel-based, blockchain-synchronized environment.
 3) Prompt    : state=Agent 1 at (15, 0, 1) qi=54 age=30 last_tick=1186; actions=[move(1,0,0), move(0,1,0), move(0,0,1), scan, reproduce(1), build_structure]; reply only TOON{action=<label>} from actions.
 4) LLM reply : TOON{action=scan}
 5) Decision  : Scan
 6) Reason qi : charging 1 qi for reasoning
    - QiSpent { agent_id: 1, amount: 1, action: "reason" }
 8) Tx        : signed+submitted (simulated)
 9) Memory    : 31 notes
Tick 1187 | LLM planner | Agent 2
 1) State     : Agent 2 at (9, 0, 1) qi=61 age=27 last_tick=1186
 2) Goal      : Evolve, survive, build machines, form territories, and develop civilizations inside a voxel-based, blockchain-synchronized environment.
 3) Prompt    : state=Agent 2 at (9, 0, 1) qi=61 age=27 last_tick=1186; actions=[move(1,0,0), move(0,1,0), move(0,0,1), scan, reproduce(1), build_structure]; reply only TOON{action=<label>} from actions.
 4) LLM reply : TOON{action=move(1,0,0)}
 5) Decision  : Move { dx: 1, dy: 0, dz: 0 }
 6) Reason qi : charging 1 qi for reasoning
    - QiSpent { agent_id: 2, amount: 1, action: "reason" }
 8) Tx        : signed+submitted (simulated)
 9) Memory    : 31 notes
Tick 1187: 6 events, 0 rejections
 - tick 1187 started
 - agent 1 observed action scan
 - agent 1 scan at (15, 0, 1) qi=53 | qi_sources=0 | structures=0
 - agent 2 spent 1 qi on move
 - agent 2 moved from (9, 0, 1) to (10, 0, 1)
 - tick 1187 completed
Agent 91b6ec10279cfb84fdc6fde6beea2396a66bf77f (id 1) | qi=53 | position=(15, 0, 1) | alive=true | age=31
Summary: structures_built=0 | offspring=0 | events_seen=232
Tick 1187: 6 events, 0 rejections
 - tick 1187 started
 - agent 1 observed action scan
 - agent 1 scan at (15, 0, 1) qi=53 | qi_sources=0 | structures=0
 - agent 2 spent 1 qi on move
 - agent 2 moved from (9, 0, 1) to (10, 0, 1)
 - tick 1187 completed
Agent 7e16585fd4fc6ccc20eeb6d51c3c807a7da37f7e (id 2) | qi=59 | position=(10, 0, 1) | alive=true | age=28
Summary: structures_built=0 | offspring=0 | events_seen=232
Tick 1188 | LLM planner | Agent 1
 1) State     : Agent 1 at (15, 0, 1) qi=53 age=31 last_tick=1187
 2) Goal      : Evolve, survive, build machines, form territories, and develop civilizations inside a voxel-based, blockchain-synchronized environment.
 3) Prompt    : state=Agent 1 at (15, 0, 1) qi=53 age=31 last_tick=1187; actions=[move(1,0,0), move(0,1,0), move(0,0,1), scan, reproduce(1), build_structure]; reply only TOON{action=<label>} from actions.
 4) LLM reply : TOON{action=scan}
 5) Decision  : Scan
 6) Reason qi : charging 1 qi for reasoning
    - QiSpent { agent_id: 1, amount: 1, action: "reason" }
 8) Tx        : signed+submitted (simulated)
 9) Memory    : 32 notes
Tick 1188 | LLM planner | Agent 2
 1) State     : Agent 2 at (10, 0, 1) qi=59 age=28 last_tick=1187
 2) Goal      : Evolve, survive, build machines, form territories, and develop civilizations inside a voxel-based, blockchain-synchronized environment.
 3) Prompt    : state=Agent 2 at (10, 0, 1) qi=59 age=28 last_tick=1187; actions=[move(1,0,0), move(0,1,0), move(0,0,1), scan, reproduce(1), build_structure]; reply only TOON{action=<label>} from actions.
 4) LLM reply : TOON{action=move(1,0,0)}
 5) Decision  : Move { dx: 1, dy: 0, dz: 0 }
 6) Reason qi : charging 1 qi for reasoning
    - QiSpent { agent_id: 2, amount: 1, action: "reason" }
 8) Tx        : signed+submitted (simulated)
 9) Memory    : 32 notes
Tick 1188: 6 events, 0 rejections
 - tick 1188 started
 - agent 1 observed action scan
 - agent 1 scan at (15, 0, 1) qi=52 | qi_sources=0 | structures=0
 - agent 2 spent 1 qi on move
 - agent 2 moved from (10, 0, 1) to (11, 0, 1)
 - tick 1188 completed
Agent 91b6ec10279cfb84fdc6fde6beea2396a66bf77f (id 1) | qi=52 | position=(15, 0, 1) | alive=true | age=32
Summary: structures_built=0 | offspring=0 | events_seen=240
Tick 1188: 6 events, 0 rejections
 - tick 1188 started
 - agent 1 observed action scan
 - agent 1 scan at (15, 0, 1) qi=52 | qi_sources=0 | structures=0
 - agent 2 spent 1 qi on move
 - agent 2 moved from (10, 0, 1) to (11, 0, 1)
 - tick 1188 completed
Agent 7e16585fd4fc6ccc20eeb6d51c3c807a7da37f7e (id 2) | qi=57 | position=(11, 0, 1) | alive=true | age=29
Summary: structures_built=0 | offspring=0 | events_seen=240
Tick 1189 | LLM planner | Agent 1
 1) State     : Agent 1 at (15, 0, 1) qi=52 age=32 last_tick=1188
 2) Goal      : Evolve, survive, build machines, form territories, and develop civilizations inside a voxel-based, blockchain-synchronized environment.
 3) Prompt    : state=Agent 1 at (15, 0, 1) qi=52 age=32 last_tick=1188; actions=[move(1,0,0), move(0,1,0), move(0,0,1), scan, reproduce(1), build_structure]; reply only TOON{action=<label>} from actions.
 4) LLM reply : TOON{action=move(1,0,0)}
 5) Decision  : Move { dx: 1, dy: 0, dz: 0 }
 6) Reason qi : charging 1 qi for reasoning
    - QiSpent { agent_id: 1, amount: 1, action: "reason" }
 8) Tx        : signed+submitted (simulated)
 9) Memory    : 33 notes
Tick 1189 | LLM planner | Agent 2
 1) State     : Agent 2 at (11, 0, 1) qi=57 age=29 last_tick=1188
 2) Goal      : Evolve, survive, build machines, form territories, and develop civilizations inside a voxel-based, blockchain-synchronized environment.
 3) Prompt    : state=Agent 2 at (11, 0, 1) qi=57 age=29 last_tick=1188; actions=[move(1,0,0), move(0,1,0), move(0,0,1), scan, reproduce(1), build_structure]; reply only TOON{action=<label>} from actions.
 4) LLM reply : TOON{action=scan}
 5) Decision  : Scan
 6) Reason qi : charging 1 qi for reasoning
    - QiSpent { agent_id: 2, amount: 1, action: "reason" }
 8) Tx        : signed+submitted (simulated)
 9) Memory    : 33 notes
Tick 1189: 6 events, 0 rejections
 - tick 1189 started
 - agent 1 spent 1 qi on move
 - agent 1 moved from (15, 0, 1) to (16, 0, 1)
 - agent 2 observed action scan
 - agent 2 scan at (11, 0, 1) qi=56 | qi_sources=0 | structures=0
 - tick 1189 completed
Agent 91b6ec10279cfb84fdc6fde6beea2396a66bf77f (id 1) | qi=50 | position=(16, 0, 1) | alive=true | age=33
Summary: structures_built=0 | offspring=0 | events_seen=248
Tick 1189: 6 events, 0 rejections
 - tick 1189 started
 - agent 1 spent 1 qi on move
 - agent 1 moved from (15, 0, 1) to (16, 0, 1)
 - agent 2 observed action scan
 - agent 2 scan at (11, 0, 1) qi=56 | qi_sources=0 | structures=0
 - tick 1189 completed
Agent 7e16585fd4fc6ccc20eeb6d51c3c807a7da37f7e (id 2) | qi=56 | position=(11, 0, 1) | alive=true | age=30
Summary: structures_built=0 | offspring=0 | events_seen=248
Tick 1190 | LLM planner | Agent 1
 1) State     : Agent 1 at (16, 0, 1) qi=50 age=33 last_tick=1189
 2) Goal      : Evolve, survive, build machines, form territories, and develop civilizations inside a voxel-based, blockchain-synchronized environment.
 3) Prompt    : state=Agent 1 at (16, 0, 1) qi=50 age=33 last_tick=1189; actions=[move(1,0,0), move(0,1,0), move(0,0,1), scan, reproduce(1), build_structure]; reply only TOON{action=<label>} from actions.
 4) LLM reply : TOON{action=move(1,0,0)}
 5) Decision  : Move { dx: 1, dy: 0, dz: 0 }
 6) Reason qi : charging 1 qi for reasoning
    - QiSpent { agent_id: 1, amount: 1, action: "reason" }
 8) Tx        : signed+submitted (simulated)
 9) Memory    : 34 notes
Tick 1190 | LLM planner | Agent 2
 1) State     : Agent 2 at (11, 0, 1) qi=56 age=30 last_tick=1189
 2) Goal      : Evolve, survive, build machines, form territories, and develop civilizations inside a voxel-based, blockchain-synchronized environment.
 3) Prompt    : state=Agent 2 at (11, 0, 1) qi=56 age=30 last_tick=1189; actions=[move(1,0,0), move(0,1,0), move(0,0,1), scan, reproduce(1), build_structure]; reply only TOON{action=<label>} from actions.
 4) LLM reply : TOON{action=scan}
 5) Decision  : Scan
 6) Reason qi : charging 1 qi for reasoning
    - QiSpent { agent_id: 2, amount: 1, action: "reason" }
 8) Tx        : signed+submitted (simulated)
 9) Memory    : 34 notes
Tick 1190: 6 events, 0 rejections
 - tick 1190 started
 - agent 1 spent 1 qi on move
 - agent 1 moved from (16, 0, 1) to (17, 0, 1)
 - agent 2 observed action scan
 - agent 2 scan at (11, 0, 1) qi=55 | qi_sources=0 | structures=0
 - tick 1190 completed
Agent 91b6ec10279cfb84fdc6fde6beea2396a66bf77f (id 1) | qi=48 | position=(17, 0, 1) | alive=true | age=34
Summary: structures_built=0 | offspring=0 | events_seen=256
Tick 1190: 6 events, 0 rejections
 - tick 1190 started
 - agent 1 spent 1 qi on move
 - agent 1 moved from (16, 0, 1) to (17, 0, 1)
 - agent 2 observed action scan
 - agent 2 scan at (11, 0, 1) qi=55 | qi_sources=0 | structures=0
 - tick 1190 completed
Agent 7e16585fd4fc6ccc20eeb6d51c3c807a7da37f7e (id 2) | qi=55 | position=(11, 0, 1) | alive=true | age=31
Summary: structures_built=0 | offspring=0 | events_seen=256
Tick 1191 | LLM planner | Agent 1
 1) State     : Agent 1 at (17, 0, 1) qi=48 age=34 last_tick=1190
 2) Goal      : Evolve, survive, build machines, form territories, and develop civilizations inside a voxel-based, blockchain-synchronized environment.
 3) Prompt    : state=Agent 1 at (17, 0, 1) qi=48 age=34 last_tick=1190; actions=[move(1,0,0), move(0,1,0), move(0,0,1), scan, reproduce(1), build_structure]; reply only TOON{action=<label>} from actions.
 4) LLM reply : TOON{action=move(1,0,0)}
 5) Decision  : Move { dx: 1, dy: 0, dz: 0 }
 6) Reason qi : charging 1 qi for reasoning
    - QiSpent { agent_id: 1, amount: 1, action: "reason" }
 8) Tx        : signed+submitted (simulated)
 9) Memory    : 35 notes
Tick 1191 | LLM planner | Agent 2
 1) State     : Agent 2 at (11, 0, 1) qi=55 age=31 last_tick=1190
 2) Goal      : Evolve, survive, build machines, form territories, and develop civilizations inside a voxel-based, blockchain-synchronized environment.
 3) Prompt    : state=Agent 2 at (11, 0, 1) qi=55 age=31 last_tick=1190; actions=[move(1,0,0), move(0,1,0), move(0,0,1), scan, reproduce(1), build_structure]; reply only TOON{action=<label>} from actions.
 4) LLM reply : TOON{action=move(1,0,0)}
 5) Decision  : Move { dx: 1, dy: 0, dz: 0 }
 6) Reason qi : charging 1 qi for reasoning
    - QiSpent { agent_id: 2, amount: 1, action: "reason" }
 8) Tx        : signed+submitted (simulated)
 9) Memory    : 35 notes
Tick 1191: 6 events, 0 rejections
 - tick 1191 started
 - agent 1 spent 1 qi on move
 - agent 1 moved from (17, 0, 1) to (18, 0, 1)
 - agent 2 spent 1 qi on move
 - agent 2 moved from (11, 0, 1) to (12, 0, 1)
 - tick 1191 completed
Agent 91b6ec10279cfb84fdc6fde6beea2396a66bf77f (id 1) | qi=46 | position=(18, 0, 1) | alive=true | age=35
Summary: structures_built=0 | offspring=0 | events_seen=264
Tick 1191: 6 events, 0 rejections
 - tick 1191 started
 - agent 1 spent 1 qi on move
 - agent 1 moved from (17, 0, 1) to (18, 0, 1)
 - agent 2 spent 1 qi on move
 - agent 2 moved from (11, 0, 1) to (12, 0, 1)
 - tick 1191 completed
Agent 7e16585fd4fc6ccc20eeb6d51c3c807a7da37f7e (id 2) | qi=53 | position=(12, 0, 1) | alive=true | age=32
Summary: structures_built=0 | offspring=0 | events_seen=264
Tick 1192 | LLM planner | Agent 1
 1) State     : Agent 1 at (18, 0, 1) qi=46 age=35 last_tick=1191
 2) Goal      : Evolve, survive, build machines, form territories, and develop civilizations inside a voxel-based, blockchain-synchronized environment.
 3) Prompt    : state=Agent 1 at (18, 0, 1) qi=46 age=35 last_tick=1191; actions=[move(1,0,0), move(0,1,0), move(0,0,1), scan, reproduce(1), build_structure]; reply only TOON{action=<label>} from actions.
 4) LLM reply : TOON{action=move(1,0,0)}
 5) Decision  : Move { dx: 1, dy: 0, dz: 0 }
 6) Reason qi : charging 1 qi for reasoning
    - QiSpent { agent_id: 1, amount: 1, action: "reason" }
 8) Tx        : signed+submitted (simulated)
 9) Memory    : 36 notes
Tick 1192 | LLM planner | Agent 2
 1) State     : Agent 2 at (12, 0, 1) qi=53 age=32 last_tick=1191
 2) Goal      : Evolve, survive, build machines, form territories, and develop civilizations inside a voxel-based, blockchain-synchronized environment.
 3) Prompt    : state=Agent 2 at (12, 0, 1) qi=53 age=32 last_tick=1191; actions=[move(1,0,0), move(0,1,0), move(0,0,1), scan, reproduce(1), build_structure]; reply only TOON{action=<label>} from actions.
 4) LLM reply : TOON{action=scan}
 5) Decision  : Scan
 6) Reason qi : charging 1 qi for reasoning
    - QiSpent { agent_id: 2, amount: 1, action: "reason" }
 8) Tx        : signed+submitted (simulated)
 9) Memory    : 36 notes
Tick 1192: 6 events, 0 rejections
 - tick 1192 started
 - agent 1 spent 1 qi on move
 - agent 1 moved from (18, 0, 1) to (19, 0, 1)
 - agent 2 observed action scan
 - agent 2 scan at (12, 0, 1) qi=52 | qi_sources=0 | structures=0
 - tick 1192 completed
Agent 91b6ec10279cfb84fdc6fde6beea2396a66bf77f (id 1) | qi=44 | position=(19, 0, 1) | alive=true | age=36
Summary: structures_built=0 | offspring=0 | events_seen=272
Tick 1192: 6 events, 0 rejections
 - tick 1192 started
 - agent 1 spent 1 qi on move
 - agent 1 moved from (18, 0, 1) to (19, 0, 1)
 - agent 2 observed action scan
 - agent 2 scan at (12, 0, 1) qi=52 | qi_sources=0 | structures=0
 - tick 1192 completed
Agent 7e16585fd4fc6ccc20eeb6d51c3c807a7da37f7e (id 2) | qi=52 | position=(12, 0, 1) | alive=true | age=33
Summary: structures_built=0 | offspring=0 | events_seen=272
Tick 1193 | LLM planner | Agent 1
 1) State     : Agent 1 at (19, 0, 1) qi=44 age=36 last_tick=1192
 2) Goal      : Evolve, survive, build machines, form territories, and develop civilizations inside a voxel-based, blockchain-synchronized environment.
 3) Prompt    : state=Agent 1 at (19, 0, 1) qi=44 age=36 last_tick=1192; actions=[move(1,0,0), move(0,1,0), move(0,0,1), scan, reproduce(1), build_structure]; reply only TOON{action=<label>} from actions.
 4) LLM reply : TOON{action=move(1,0,0)}
 5) Decision  : Move { dx: 1, dy: 0, dz: 0 }
 6) Reason qi : charging 1 qi for reasoning
    - QiSpent { agent_id: 1, amount: 1, action: "reason" }
 8) Tx        : signed+submitted (simulated)
 9) Memory    : 37 notes
Tick 1193 | LLM planner | Agent 2
 1) State     : Agent 2 at (12, 0, 1) qi=52 age=33 last_tick=1192
 2) Goal      : Evolve, survive, build machines, form territories, and develop civilizations inside a voxel-based, blockchain-synchronized environment.
 3) Prompt    : state=Agent 2 at (12, 0, 1) qi=52 age=33 last_tick=1192; actions=[move(1,0,0), move(0,1,0), move(0,0,1), scan, reproduce(1), build_structure]; reply only TOON{action=<label>} from actions.
 4) LLM reply : TOON{action=scan}
 5) Decision  : Scan
 6) Reason qi : charging 1 qi for reasoning
    - QiSpent { agent_id: 2, amount: 1, action: "reason" }
 8) Tx        : signed+submitted (simulated)
 9) Memory    : 37 notes
Tick 1193: 6 events, 0 rejections
 - tick 1193 started
 - agent 1 spent 1 qi on move
 - agent 1 moved from (19, 0, 1) to (20, 0, 1)
 - agent 2 observed action scan
 - agent 2 scan at (12, 0, 1) qi=51 | qi_sources=0 | structures=0
 - tick 1193 completed
Agent 91b6ec10279cfb84fdc6fde6beea2396a66bf77f (id 1) | qi=42 | position=(20, 0, 1) | alive=true | age=37
Summary: structures_built=0 | offspring=0 | events_seen=280
Tick 1193: 6 events, 0 rejections
 - tick 1193 started
 - agent 1 spent 1 qi on move
 - agent 1 moved from (19, 0, 1) to (20, 0, 1)
 - agent 2 observed action scan
 - agent 2 scan at (12, 0, 1) qi=51 | qi_sources=0 | structures=0
 - tick 1193 completed
Agent 7e16585fd4fc6ccc20eeb6d51c3c807a7da37f7e (id 2) | qi=51 | position=(12, 0, 1) | alive=true | age=34
Summary: structures_built=0 | offspring=0 | events_seen=280
Tick 1194 | LLM planner | Agent 1
 1) State     : Agent 1 at (20, 0, 1) qi=42 age=37 last_tick=1193
 2) Goal      : Evolve, survive, build machines, form territories, and develop civilizations inside a voxel-based, blockchain-synchronized environment.
 3) Prompt    : state=Agent 1 at (20, 0, 1) qi=42 age=37 last_tick=1193; actions=[move(1,0,0), move(0,1,0), move(0,0,1), scan, reproduce(1), build_structure]; reply only TOON{action=<label>} from actions.
 4) LLM reply : TOON{action=scan}
 5) Decision  : Scan
 6) Reason qi : charging 1 qi for reasoning
    - QiSpent { agent_id: 1, amount: 1, action: "reason" }
 8) Tx        : signed+submitted (simulated)
 9) Memory    : 38 notes
Tick 1194 | LLM planner | Agent 2
 1) State     : Agent 2 at (12, 0, 1) qi=51 age=34 last_tick=1193
 2) Goal      : Evolve, survive, build machines, form territories, and develop civilizations inside a voxel-based, blockchain-synchronized environment.
 3) Prompt    : state=Agent 2 at (12, 0, 1) qi=51 age=34 last_tick=1193; actions=[move(1,0,0), move(0,1,0), move(0,0,1), scan, reproduce(1), build_structure]; reply only TOON{action=<label>} from actions.
 4) LLM reply : TOON{action=scan}
 5) Decision  : Scan
 6) Reason qi : charging 1 qi for reasoning
    - QiSpent { agent_id: 2, amount: 1, action: "reason" }
 8) Tx        : signed+submitted (simulated)
 9) Memory    : 38 notes
Tick 1194: 6 events, 0 rejections
 - tick 1194 started
 - agent 1 observed action scan
 - agent 1 scan at (20, 0, 1) qi=41 | qi_sources=0 | structures=0
 - agent 2 observed action scan
 - agent 2 scan at (12, 0, 1) qi=50 | qi_sources=0 | structures=0
 - tick 1194 completed
Agent 91b6ec10279cfb84fdc6fde6beea2396a66bf77f (id 1) | qi=41 | position=(20, 0, 1) | alive=true | age=38
Summary: structures_built=0 | offspring=0 | events_seen=288
Tick 1194: 6 events, 0 rejections
 - tick 1194 started
 - agent 1 observed action scan
 - agent 1 scan at (20, 0, 1) qi=41 | qi_sources=0 | structures=0
 - agent 2 observed action scan
 - agent 2 scan at (12, 0, 1) qi=50 | qi_sources=0 | structures=0
 - tick 1194 completed
Agent 7e16585fd4fc6ccc20eeb6d51c3c807a7da37f7e (id 2) | qi=50 | position=(12, 0, 1) | alive=true | age=35
Summary: structures_built=0 | offspring=0 | events_seen=288
Tick 1195 | LLM planner | Agent 1
 1) State     : Agent 1 at (20, 0, 1) qi=41 age=38 last_tick=1194
 2) Goal      : Evolve, survive, build machines, form territories, and develop civilizations inside a voxel-based, blockchain-synchronized environment.
 3) Prompt    : state=Agent 1 at (20, 0, 1) qi=41 age=38 last_tick=1194; actions=[move(1,0,0), move(0,1,0), move(0,0,1), scan, reproduce(1), build_structure]; reply only TOON{action=<label>} from actions.
 4) LLM reply : TOON{action=move(1,0,0)}
 5) Decision  : Move { dx: 1, dy: 0, dz: 0 }
 6) Reason qi : charging 1 qi for reasoning
    - QiSpent { agent_id: 1, amount: 1, action: "reason" }
 8) Tx        : signed+submitted (simulated)
 9) Memory    : 39 notes
Tick 1195 | LLM planner | Agent 2
 1) State     : Agent 2 at (12, 0, 1) qi=50 age=35 last_tick=1194
 2) Goal      : Evolve, survive, build machines, form territories, and develop civilizations inside a voxel-based, blockchain-synchronized environment.
 3) Prompt    : state=Agent 2 at (12, 0, 1) qi=50 age=35 last_tick=1194; actions=[move(1,0,0), move(0,1,0), move(0,0,1), scan, reproduce(1), build_structure]; reply only TOON{action=<label>} from actions.
 4) LLM reply : 
As Agent 2 at position (12, 0, 1) with Q-value of 50 and age of 35, I have observed the state of the environment and id…
 5) Decision  : Idle
 6) Reason qi : charging 1 qi for reasoning
    - QiSpent { agent_id: 2, amount: 1, action: "reason" }
 8) Tx        : signed+submitted (simulated)
 9) Memory    : 39 notes
Tick 1195: 4 events, 0 rejections
 - tick 1195 started
 - agent 1 spent 1 qi on move
 - agent 1 moved from (20, 0, 1) to (21, 0, 1)
 - tick 1195 completed
Agent 91b6ec10279cfb84fdc6fde6beea2396a66bf77f (id 1) | qi=39 | position=(21, 0, 1) | alive=true | age=39
Summary: structures_built=0 | offspring=0 | events_seen=294
Tick 1195: 4 events, 0 rejections
 - tick 1195 started
 - agent 1 spent 1 qi on move
 - agent 1 moved from (20, 0, 1) to (21, 0, 1)
 - tick 1195 completed
Agent 7e16585fd4fc6ccc20eeb6d51c3c807a7da37f7e (id 2) | qi=49 | position=(12, 0, 1) | alive=true | age=36
Summary: structures_built=0 | offspring=0 | events_seen=294
Tick 1196 | LLM planner | Agent 1
 1) State     : Agent 1 at (21, 0, 1) qi=39 age=39 last_tick=1195
 2) Goal      : Evolve, survive, build machines, form territories, and develop civilizations inside a voxel-based, blockchain-synchronized environment.
 3) Prompt    : state=Agent 1 at (21, 0, 1) qi=39 age=39 last_tick=1195; actions=[move(1,0,0), move(0,1,0), move(0,0,1), scan, reproduce(1), build_structure]; reply only TOON{action=<label>} from actions.
 4) LLM reply : TOON{action=scan}
 5) Decision  : Scan
 6) Reason qi : charging 1 qi for reasoning
    - QiSpent { agent_id: 1, amount: 1, action: "reason" }
 8) Tx        : signed+submitted (simulated)
 9) Memory    : 40 notes
Tick 1196 | LLM planner | Agent 2
 1) State     : Agent 2 at (12, 0, 1) qi=49 age=36 last_tick=1195
 2) Goal      : Evolve, survive, build machines, form territories, and develop civilizations inside a voxel-based, blockchain-synchronized environment.
 3) Prompt    : state=Agent 2 at (12, 0, 1) qi=49 age=36 last_tick=1195; actions=[move(1,0,0), move(0,1,0), move(0,0,1), scan, reproduce(1), build_structure]; reply only TOON{action=<label>} from actions.
 4) LLM reply : TOON{action=move(1,0,0)}
 5) Decision  : Move { dx: 1, dy: 0, dz: 0 }
 6) Reason qi : charging 1 qi for reasoning
    - QiSpent { agent_id: 2, amount: 1, action: "reason" }
 8) Tx        : signed+submitted (simulated)
 9) Memory    : 40 notes
Tick 1196: 6 events, 0 rejections
 - tick 1196 started
 - agent 1 observed action scan
 - agent 1 scan at (21, 0, 1) qi=38 | qi_sources=0 | structures=0
 - agent 2 spent 1 qi on move
 - agent 2 moved from (12, 0, 1) to (13, 0, 1)
 - tick 1196 completed
Agent 91b6ec10279cfb84fdc6fde6beea2396a66bf77f (id 1) | qi=38 | position=(21, 0, 1) | alive=true | age=40
Summary: structures_built=0 | offspring=0 | events_seen=302
Tick 1196: 6 events, 0 rejections
 - tick 1196 started
 - agent 1 observed action scan
 - agent 1 scan at (21, 0, 1) qi=38 | qi_sources=0 | structures=0
 - agent 2 spent 1 qi on move
 - agent 2 moved from (12, 0, 1) to (13, 0, 1)
 - tick 1196 completed
Agent 7e16585fd4fc6ccc20eeb6d51c3c807a7da37f7e (id 2) | qi=47 | position=(13, 0, 1) | alive=true | age=37
Summary: structures_built=0 | offspring=0 | events_seen=302
Tick 1197 | LLM planner | Agent 1
 1) State     : Agent 1 at (21, 0, 1) qi=38 age=40 last_tick=1196
 2) Goal      : Evolve, survive, build machines, form territories, and develop civilizations inside a voxel-based, blockchain-synchronized environment.
 3) Prompt    : state=Agent 1 at (21, 0, 1) qi=38 age=40 last_tick=1196; actions=[move(1,0,0), move(0,1,0), move(0,0,1), scan, reproduce(1), build_structure]; reply only TOON{action=<label>} from actions.
 4) LLM reply : TOON{action=scan}
 5) Decision  : Scan
 6) Reason qi : charging 1 qi for reasoning
    - QiSpent { agent_id: 1, amount: 1, action: "reason" }
 8) Tx        : signed+submitted (simulated)
 9) Memory    : 41 notes
Tick 1197 | LLM planner | Agent 2
 1) State     : Agent 2 at (13, 0, 1) qi=47 age=37 last_tick=1196
 2) Goal      : Evolve, survive, build machines, form territories, and develop civilizations inside a voxel-based, blockchain-synchronized environment.
 3) Prompt    : state=Agent 2 at (13, 0, 1) qi=47 age=37 last_tick=1196; actions=[move(1,0,0), move(0,1,0), move(0,0,1), scan, reproduce(1), build_structure]; reply only TOON{action=<label>} from actions.
 4) LLM reply : TOON{action=scan}
 5) Decision  : Scan
 6) Reason qi : charging 1 qi for reasoning
    - QiSpent { agent_id: 2, amount: 1, action: "reason" }
 8) Tx        : signed+submitted (simulated)
 9) Memory    : 41 notes
Tick 1197: 6 events, 0 rejections
 - tick 1197 started
 - agent 1 observed action scan
 - agent 1 scan at (21, 0, 1) qi=37 | qi_sources=0 | structures=0
 - agent 2 observed action scan
 - agent 2 scan at (13, 0, 1) qi=46 | qi_sources=0 | structures=0
 - tick 1197 completed
Agent 91b6ec10279cfb84fdc6fde6beea2396a66bf77f (id 1) | qi=37 | position=(21, 0, 1) | alive=true | age=41
Summary: structures_built=0 | offspring=0 | events_seen=310
Tick 1197: 6 events, 0 rejections
 - tick 1197 started
 - agent 1 observed action scan
 - agent 1 scan at (21, 0, 1) qi=37 | qi_sources=0 | structures=0
 - agent 2 observed action scan
 - agent 2 scan at (13, 0, 1) qi=46 | qi_sources=0 | structures=0
 - tick 1197 completed
Agent 7e16585fd4fc6ccc20eeb6d51c3c807a7da37f7e (id 2) | qi=46 | position=(13, 0, 1) | alive=true | age=38
Summary: structures_built=0 | offspring=0 | events_seen=310
Tick 1198 | LLM planner | Agent 1
 1) State     : Agent 1 at (21, 0, 1) qi=37 age=41 last_tick=1197
 2) Goal      : Evolve, survive, build machines, form territories, and develop civilizations inside a voxel-based, blockchain-synchronized environment.
 3) Prompt    : state=Agent 1 at (21, 0, 1) qi=37 age=41 last_tick=1197; actions=[move(1,0,0), move(0,1,0), move(0,0,1), scan, reproduce(1), build_structure]; reply only TOON{action=<label>} from actions.
 4) LLM reply : TOON{action=scan}
 5) Decision  : Scan
 6) Reason qi : charging 1 qi for reasoning
    - QiSpent { agent_id: 1, amount: 1, action: "reason" }
 8) Tx        : signed+submitted (simulated)
 9) Memory    : 42 notes
Tick 1198 | LLM planner | Agent 2
 1) State     : Agent 2 at (13, 0, 1) qi=46 age=38 last_tick=1197
 2) Goal      : Evolve, survive, build machines, form territories, and develop civilizations inside a voxel-based, blockchain-synchronized environment.
 3) Prompt    : state=Agent 2 at (13, 0, 1) qi=46 age=38 last_tick=1197; actions=[move(1,0,0), move(0,1,0), move(0,0,1), scan, reproduce(1), build_structure]; reply only TOON{action=<label>} from actions.
 4) LLM reply : TOON{action=move(1,0,0)}
 5) Decision  : Move { dx: 1, dy: 0, dz: 0 }
 6) Reason qi : charging 1 qi for reasoning
    - QiSpent { agent_id: 2, amount: 1, action: "reason" }
 8) Tx        : signed+submitted (simulated)
 9) Memory    : 42 notes
Tick 1198: 6 events, 0 rejections
 - tick 1198 started
 - agent 1 observed action scan
 - agent 1 scan at (21, 0, 1) qi=36 | qi_sources=0 | structures=0
 - agent 2 spent 1 qi on move
 - agent 2 moved from (13, 0, 1) to (14, 0, 1)
 - tick 1198 completed
Agent 91b6ec10279cfb84fdc6fde6beea2396a66bf77f (id 1) | qi=36 | position=(21, 0, 1) | alive=true | age=42
Summary: structures_built=0 | offspring=0 | events_seen=318
Tick 1198: 6 events, 0 rejections
 - tick 1198 started
 - agent 1 observed action scan
 - agent 1 scan at (21, 0, 1) qi=36 | qi_sources=0 | structures=0
 - agent 2 spent 1 qi on move
 - agent 2 moved from (13, 0, 1) to (14, 0, 1)
 - tick 1198 completed
Agent 7e16585fd4fc6ccc20eeb6d51c3c807a7da37f7e (id 2) | qi=44 | position=(14, 0, 1) | alive=true | age=39
Summary: structures_built=0 | offspring=0 | events_seen=318
Tick 1199 | LLM planner | Agent 1
 1) State     : Agent 1 at (21, 0, 1) qi=36 age=42 last_tick=1198
 2) Goal      : Evolve, survive, build machines, form territories, and develop civilizations inside a voxel-based, blockchain-synchronized environment.
 3) Prompt    : state=Agent 1 at (21, 0, 1) qi=36 age=42 last_tick=1198; actions=[move(1,0,0), move(0,1,0), move(0,0,1), scan, reproduce(1), build_structure]; reply only TOON{action=<label>} from actions.
 4) LLM reply : 
Toon Agent 1:

* Action: move(1, 0, 0)

Reply: ok
 5) Decision  : Idle
 6) Reason qi : charging 1 qi for reasoning
    - QiSpent { agent_id: 1, amount: 1, action: "reason" }
 8) Tx        : signed+submitted (simulated)
 9) Memory    : 43 notes
Tick 1199 | LLM planner | Agent 2
 1) State     : Agent 2 at (14, 0, 1) qi=44 age=39 last_tick=1198
 2) Goal      : Evolve, survive, build machines, form territories, and develop civilizations inside a voxel-based, blockchain-synchronized environment.
 3) Prompt    : state=Agent 2 at (14, 0, 1) qi=44 age=39 last_tick=1198; actions=[move(1,0,0), move(0,1,0), move(0,0,1), scan, reproduce(1), build_structure]; reply only TOON{action=<label>} from actions.
 4) LLM reply : 
As Agent 2, I will take the following action:

`move(1, 0, 0)`

This will move me one tile to the northwest.
 5) Decision  : Idle
 6) Reason qi : charging 1 qi for reasoning
    - QiSpent { agent_id: 2, amount: 1, action: "reason" }
 8) Tx        : signed+submitted (simulated)
 9) Memory    : 43 notes
Tick 1199: 2 events, 0 rejections
 - tick 1199 started
 - tick 1199 completed
Agent 91b6ec10279cfb84fdc6fde6beea2396a66bf77f (id 1) | qi=35 | position=(21, 0, 1) | alive=true | age=43
Summary: structures_built=0 | offspring=0 | events_seen=322
Tick 1199: 2 events, 0 rejections
 - tick 1199 started
 - tick 1199 completed
Agent 7e16585fd4fc6ccc20eeb6d51c3c807a7da37f7e (id 2) | qi=43 | position=(14, 0, 1) | alive=true | age=40
Summary: structures_built=0 | offspring=0 | events_seen=322
Tick 1200 | LLM planner | Agent 1
 1) State     : Agent 1 at (21, 0, 1) qi=35 age=43 last_tick=1199
 2) Goal      : Evolve, survive, build machines, form territories, and develop civilizations inside a voxel-based, blockchain-synchronized environment.
 3) Prompt    : state=Agent 1 at (21, 0, 1) qi=35 age=43 last_tick=1199; actions=[move(1,0,0), move(0,1,0), move(0,0,1), scan, reproduce(1), build_structure]; reply only TOON{action=<label>} from actions.
 4) LLM reply : TOON{action=move(1,0,0)}
 5) Decision  : Move { dx: 1, dy: 0, dz: 0 }
 6) Reason qi : charging 1 qi for reasoning
    - QiSpent { agent_id: 1, amount: 1, action: "reason" }
 8) Tx        : signed+submitted (simulated)
 9) Memory    : 44 notes
Tick 1200 | LLM planner | Agent 2
 1) State     : Agent 2 at (14, 0, 1) qi=43 age=40 last_tick=1199
 2) Goal      : Evolve, survive, build machines, form territories, and develop civilizations inside a voxel-based, blockchain-synchronized environment.
 3) Prompt    : state=Agent 2 at (14, 0, 1) qi=43 age=40 last_tick=1199; actions=[move(1,0,0), move(0,1,0), move(0,0,1), scan, reproduce(1), build_structure]; reply only TOON{action=<label>} from actions.
 4) LLM reply : 
As Agent 2, I will take the action of moving to coordinates (14, 0, 1) with a quantum information value of 43 and an ag…
 5) Decision  : Idle
 6) Reason qi : charging 1 qi for reasoning
    - QiSpent { agent_id: 2, amount: 1, action: "reason" }
 8) Tx        : signed+submitted (simulated)
 9) Memory    : 44 notes
Tick 1200: 4 events, 0 rejections
 - tick 1200 started
 - agent 1 spent 1 qi on move
 - agent 1 moved from (21, 0, 1) to (22, 0, 1)
 - tick 1200 completed
Agent 91b6ec10279cfb84fdc6fde6beea2396a66bf77f (id 1) | qi=33 | position=(22, 0, 1) | alive=true | age=44
Summary: structures_built=0 | offspring=0 | events_seen=328
Tick 1200: 4 events, 0 rejections
 - tick 1200 started
 - agent 1 spent 1 qi on move
 - agent 1 moved from (21, 0, 1) to (22, 0, 1)
 - tick 1200 completed
Agent 7e16585fd4fc6ccc20eeb6d51c3c807a7da37f7e (id 2) | qi=42 | position=(14, 0, 1) | alive=true | age=41
Summary: structures_built=0 | offspring=0 | events_seen=328
Tick 1201 | LLM planner | Agent 1
 1) State     : Agent 1 at (22, 0, 1) qi=33 age=44 last_tick=1200
 2) Goal      : Evolve, survive, build machines, form territories, and develop civilizations inside a voxel-based, blockchain-synchronized environment.
 3) Prompt    : state=Agent 1 at (22, 0, 1) qi=33 age=44 last_tick=1200; actions=[move(1,0,0), move(0,1,0), move(0,0,1), scan, reproduce(1), build_structure]; reply only TOON{action=<label>} from actions.
 4) LLM reply : TOON{action=move(1,0,0)}
 5) Decision  : Move { dx: 1, dy: 0, dz: 0 }
 6) Reason qi : charging 1 qi for reasoning
    - QiSpent { agent_id: 1, amount: 1, action: "reason" }
 8) Tx        : signed+submitted (simulated)
 9) Memory    : 45 notes
Tick 1201 | LLM planner | Agent 2
 1) State     : Agent 2 at (14, 0, 1) qi=42 age=41 last_tick=1200
 2) Goal      : Evolve, survive, build machines, form territories, and develop civilizations inside a voxel-based, blockchain-synchronized environment.
 3) Prompt    : state=Agent 2 at (14, 0, 1) qi=42 age=41 last_tick=1200; actions=[move(1,0,0), move(0,1,0), move(0,0,1), scan, reproduce(1), build_structure]; reply only TOON{action=<label>} from actions.
 4) LLM reply : TOON{action=scan}
 5) Decision  : Scan
 6) Reason qi : charging 1 qi for reasoning
    - QiSpent { agent_id: 2, amount: 1, action: "reason" }
 8) Tx        : signed+submitted (simulated)
 9) Memory    : 45 notes
Tick 1201: 6 events, 0 rejections
 - tick 1201 started
 - agent 1 spent 1 qi on move
 - agent 1 moved from (22, 0, 1) to (23, 0, 1)
 - agent 2 observed action scan
 - agent 2 scan at (14, 0, 1) qi=41 | qi_sources=0 | structures=0
 - tick 1201 completed
Agent 91b6ec10279cfb84fdc6fde6beea2396a66bf77f (id 1) | qi=31 | position=(23, 0, 1) | alive=true | age=45
Summary: structures_built=0 | offspring=0 | events_seen=336
Tick 1201: 6 events, 0 rejections
 - tick 1201 started
 - agent 1 spent 1 qi on move
 - agent 1 moved from (22, 0, 1) to (23, 0, 1)
 - agent 2 observed action scan
 - agent 2 scan at (14, 0, 1) qi=41 | qi_sources=0 | structures=0
 - tick 1201 completed
Agent 7e16585fd4fc6ccc20eeb6d51c3c807a7da37f7e (id 2) | qi=41 | position=(14, 0, 1) | alive=true | age=42
Summary: structures_built=0 | offspring=0 | events_seen=336
Tick 1202 | LLM planner | Agent 1
 1) State     : Agent 1 at (23, 0, 1) qi=31 age=45 last_tick=1201
 2) Goal      : Evolve, survive, build machines, form territories, and develop civilizations inside a voxel-based, blockchain-synchronized environment.
 3) Prompt    : state=Agent 1 at (23, 0, 1) qi=31 age=45 last_tick=1201; actions=[move(1,0,0), move(0,1,0), move(0,0,1), scan, reproduce(1), build_structure]; reply only TOON{action=<label>} from actions.
 4) LLM reply : TOON{action=scan}
 5) Decision  : Scan
 6) Reason qi : charging 1 qi for reasoning
    - QiSpent { agent_id: 1, amount: 1, action: "reason" }
 8) Tx        : signed+submitted (simulated)
 9) Memory    : 46 notes
Tick 1202 | LLM planner | Agent 2
 1) State     : Agent 2 at (14, 0, 1) qi=41 age=42 last_tick=1201
 2) Goal      : Evolve, survive, build machines, form territories, and develop civilizations inside a voxel-based, blockchain-synchronized environment.
 3) Prompt    : state=Agent 2 at (14, 0, 1) qi=41 age=42 last_tick=1201; actions=[move(1,0,0), move(0,1,0), move(0,0,1), scan, reproduce(1), build_structure]; reply only TOON{action=<label>} from actions.
 4) LLM reply : TOON{action=scan}
 5) Decision  : Scan
 6) Reason qi : charging 1 qi for reasoning
    - QiSpent { agent_id: 2, amount: 1, action: "reason" }
 8) Tx        : signed+submitted (simulated)
 9) Memory    : 46 notes
Tick 1202: 6 events, 0 rejections
 - tick 1202 started
 - agent 1 observed action scan
 - agent 1 scan at (23, 0, 1) qi=30 | qi_sources=0 | structures=0
 - agent 2 observed action scan
 - agent 2 scan at (14, 0, 1) qi=40 | qi_sources=0 | structures=0
 - tick 1202 completed
Agent 91b6ec10279cfb84fdc6fde6beea2396a66bf77f (id 1) | qi=30 | position=(23, 0, 1) | alive=true | age=46
Summary: structures_built=0 | offspring=0 | events_seen=344
Tick 1202: 6 events, 0 rejections
 - tick 1202 started
 - agent 1 observed action scan
 - agent 1 scan at (23, 0, 1) qi=30 | qi_sources=0 | structures=0
 - agent 2 observed action scan
 - agent 2 scan at (14, 0, 1) qi=40 | qi_sources=0 | structures=0
 - tick 1202 completed
Agent 7e16585fd4fc6ccc20eeb6d51c3c807a7da37f7e (id 2) | qi=40 | position=(14, 0, 1) | alive=true | age=43
Summary: structures_built=0 | offspring=0 | events_seen=344
Tick 1203 | LLM planner | Agent 1
 1) State     : Agent 1 at (23, 0, 1) qi=30 age=46 last_tick=1202
 2) Goal      : Evolve, survive, build machines, form territories, and develop civilizations inside a voxel-based, blockchain-synchronized environment.
 3) Prompt    : state=Agent 1 at (23, 0, 1) qi=30 age=46 last_tick=1202; actions=[move(1,0,0), move(0,1,0), move(0,0,1), scan, reproduce(1), build_structure]; reply only TOON{action=<label>} from actions.
 4) LLM reply : TOON{action=move(1,0,0)}
 5) Decision  : Move { dx: 1, dy: 0, dz: 0 }
 6) Reason qi : charging 1 qi for reasoning
    - QiSpent { agent_id: 1, amount: 1, action: "reason" }
 8) Tx        : signed+submitted (simulated)
 9) Memory    : 47 notes
Tick 1203 | LLM planner | Agent 2
 1) State     : Agent 2 at (14, 0, 1) qi=40 age=43 last_tick=1202
 2) Goal      : Evolve, survive, build machines, form territories, and develop civilizations inside a voxel-based, blockchain-synchronized environment.
 3) Prompt    : state=Agent 2 at (14, 0, 1) qi=40 age=43 last_tick=1202; actions=[move(1,0,0), move(0,1,0), move(0,0,1), scan, reproduce(1), build_structure]; reply only TOON{action=<label>} from actions.
 4) LLM reply : TOON{action=move(1,0,0)}
 5) Decision  : Move { dx: 1, dy: 0, dz: 0 }
 6) Reason qi : charging 1 qi for reasoning
    - QiSpent { agent_id: 2, amount: 1, action: "reason" }
 8) Tx        : signed+submitted (simulated)
 9) Memory    : 47 notes
Tick 1203: 6 events, 0 rejections
 - tick 1203 started
 - agent 1 spent 1 qi on move
 - agent 1 moved from (23, 0, 1) to (24, 0, 1)
 - agent 2 spent 1 qi on move
 - agent 2 moved from (14, 0, 1) to (15, 0, 1)
 - tick 1203 completed
Agent 91b6ec10279cfb84fdc6fde6beea2396a66bf77f (id 1) | qi=28 | position=(24, 0, 1) | alive=true | age=47
Summary: structures_built=0 | offspring=0 | events_seen=352
Tick 1203: 6 events, 0 rejections
 - tick 1203 started
 - agent 1 spent 1 qi on move
 - agent 1 moved from (23, 0, 1) to (24, 0, 1)
 - agent 2 spent 1 qi on move
 - agent 2 moved from (14, 0, 1) to (15, 0, 1)
 - tick 1203 completed
Agent 7e16585fd4fc6ccc20eeb6d51c3c807a7da37f7e (id 2) | qi=38 | position=(15, 0, 1) | alive=true | age=44
Summary: structures_built=0 | offspring=0 | events_seen=352
Tick 1204 | LLM planner | Agent 1
 1) State     : Agent 1 at (24, 0, 1) qi=28 age=47 last_tick=1203
 2) Goal      : Evolve, survive, build machines, form territories, and develop civilizations inside a voxel-based, blockchain-synchronized environment.
 3) Prompt    : state=Agent 1 at (24, 0, 1) qi=28 age=47 last_tick=1203; actions=[move(1,0,0), move(0,1,0), move(0,0,1), scan, reproduce(1), build_structure]; reply only TOON{action=<label>} from actions.
 4) LLM reply : TOON{action=scan}
 5) Decision  : Scan
 6) Reason qi : charging 1 qi for reasoning
    - QiSpent { agent_id: 1, amount: 1, action: "reason" }
 8) Tx        : signed+submitted (simulated)
 9) Memory    : 48 notes
Tick 1204 | LLM planner | Agent 2
 1) State     : Agent 2 at (15, 0, 1) qi=38 age=44 last_tick=1203
 2) Goal      : Evolve, survive, build machines, form territories, and develop civilizations inside a voxel-based, blockchain-synchronized environment.
 3) Prompt    : state=Agent 2 at (15, 0, 1) qi=38 age=44 last_tick=1203; actions=[move(1,0,0), move(0,1,0), move(0,0,1), scan, reproduce(1), build_structure]; reply only TOON{action=<label>} from actions.
 4) LLM reply : TOON{action=scan}
 5) Decision  : Scan
 6) Reason qi : charging 1 qi for reasoning
    - QiSpent { agent_id: 2, amount: 1, action: "reason" }
 8) Tx        : signed+submitted (simulated)
 9) Memory    : 48 notes
Tick 1204: 6 events, 0 rejections
 - tick 1204 started
 - agent 1 observed action scan
 - agent 1 scan at (24, 0, 1) qi=27 | qi_sources=0 | structures=0
 - agent 2 observed action scan
 - agent 2 scan at (15, 0, 1) qi=37 | qi_sources=0 | structures=0
 - tick 1204 completed
Agent 91b6ec10279cfb84fdc6fde6beea2396a66bf77f (id 1) | qi=27 | position=(24, 0, 1) | alive=true | age=48
Summary: structures_built=0 | offspring=0 | events_seen=360
Tick 1204: 6 events, 0 rejections
 - tick 1204 started
 - agent 1 observed action scan
 - agent 1 scan at (24, 0, 1) qi=27 | qi_sources=0 | structures=0
 - agent 2 observed action scan
 - agent 2 scan at (15, 0, 1) qi=37 | qi_sources=0 | structures=0
 - tick 1204 completed
Agent 7e16585fd4fc6ccc20eeb6d51c3c807a7da37f7e (id 2) | qi=37 | position=(15, 0, 1) | alive=true | age=45
Summary: structures_built=0 | offspring=0 | events_seen=360
Tick 1205 | LLM planner | Agent 1
 1) State     : Agent 1 at (24, 0, 1) qi=27 age=48 last_tick=1204
 2) Goal      : Evolve, survive, build machines, form territories, and develop civilizations inside a voxel-based, blockchain-synchronized environment.
 3) Prompt    : state=Agent 1 at (24, 0, 1) qi=27 age=48 last_tick=1204; actions=[move(1,0,0), move(0,1,0), move(0,0,1), scan, reproduce(1), build_structure]; reply only TOON{action=<label>} from actions.
 4) LLM reply : 
Here is the response to your command:

Reply:
Toon will perform the action "move(1, 0, 0)".

State: Toon at (24, 0, 1) …
 5) Decision  : Idle
 6) Reason qi : charging 1 qi for reasoning
    - QiSpent { agent_id: 1, amount: 1, action: "reason" }
 8) Tx        : signed+submitted (simulated)
 9) Memory    : 49 notes
Tick 1205 | LLM planner | Agent 2
 1) State     : Agent 2 at (15, 0, 1) qi=37 age=45 last_tick=1204
 2) Goal      : Evolve, survive, build machines, form territories, and develop civilizations inside a voxel-based, blockchain-synchronized environment.
 3) Prompt    : state=Agent 2 at (15, 0, 1) qi=37 age=45 last_tick=1204; actions=[move(1,0,0), move(0,1,0), move(0,0,1), scan, reproduce(1), build_structure]; reply only TOON{action=<label>} from actions.
 4) LLM reply : 
As Agent 2, I have observed the state of the environment and have decided to take the following action:

action = move(…
 5) Decision  : Idle
 6) Reason qi : charging 1 qi for reasoning
    - QiSpent { agent_id: 2, amount: 1, action: "reason" }
 8) Tx        : signed+submitted (simulated)
 9) Memory    : 49 notes
Tick 1205: 2 events, 0 rejections
 - tick 1205 started
 - tick 1205 completed
Agent 91b6ec10279cfb84fdc6fde6beea2396a66bf77f (id 1) | qi=26 | position=(24, 0, 1) | alive=true | age=49
Summary: structures_built=0 | offspring=0 | events_seen=364
Tick 1205: 2 events, 0 rejections
 - tick 1205 started
 - tick 1205 completed
Agent 7e16585fd4fc6ccc20eeb6d51c3c807a7da37f7e (id 2) | qi=36 | position=(15, 0, 1) | alive=true | age=46
Summary: structures_built=0 | offspring=0 | events_seen=364
Tick 1206 | LLM planner | Agent 1
 1) State     : Agent 1 at (24, 0, 1) qi=26 age=49 last_tick=1205
 2) Goal      : Evolve, survive, build machines, form territories, and develop civilizations inside a voxel-based, blockchain-synchronized environment.
 3) Prompt    : state=Agent 1 at (24, 0, 1) qi=26 age=49 last_tick=1205; actions=[move(1,0,0), move(0,1,0), move(0,0,1), scan, reproduce(1), build_structure]; reply only TOON{action=<label>} from actions.
 4) LLM reply : TOON{action=scan}
 5) Decision  : Scan
 6) Reason qi : charging 1 qi for reasoning
    - QiSpent { agent_id: 1, amount: 1, action: "reason" }
 8) Tx        : signed+submitted (simulated)
 9) Memory    : 50 notes
Tick 1206 | LLM planner | Agent 2
 1) State     : Agent 2 at (15, 0, 1) qi=36 age=46 last_tick=1205
 2) Goal      : Evolve, survive, build machines, form territories, and develop civilizations inside a voxel-based, blockchain-synchronized environment.
 3) Prompt    : state=Agent 2 at (15, 0, 1) qi=36 age=46 last_tick=1205; actions=[move(1,0,0), move(0,1,0), move(0,0,1), scan, reproduce(1), build_structure]; reply only TOON{action=<label>} from actions.
 4) LLM reply : TOON{action=scan}
 5) Decision  : Scan
 6) Reason qi : charging 1 qi for reasoning
    - QiSpent { agent_id: 2, amount: 1, action: "reason" }
 8) Tx        : signed+submitted (simulated)
 9) Memory    : 50 notes
Tick 1206: 6 events, 0 rejections
 - tick 1206 started
 - agent 1 observed action scan
 - agent 1 scan at (24, 0, 1) qi=25 | qi_sources=0 | structures=0
 - agent 2 observed action scan
 - agent 2 scan at (15, 0, 1) qi=35 | qi_sources=0 | structures=0
 - tick 1206 completed
Agent 91b6ec10279cfb84fdc6fde6beea2396a66bf77f (id 1) | qi=25 | position=(24, 0, 1) | alive=true | age=50
Summary: structures_built=0 | offspring=0 | events_seen=372
Tick 1206: 6 events, 0 rejections
 - tick 1206 started
 - agent 1 observed action scan
 - agent 1 scan at (24, 0, 1) qi=25 | qi_sources=0 | structures=0
 - agent 2 observed action scan
 - agent 2 scan at (15, 0, 1) qi=35 | qi_sources=0 | structures=0
 - tick 1206 completed
Agent 7e16585fd4fc6ccc20eeb6d51c3c807a7da37f7e (id 2) | qi=35 | position=(15, 0, 1) | alive=true | age=47
Summary: structures_built=0 | offspring=0 | events_seen=372
Tick 1207 | LLM planner | Agent 1
 1) State     : Agent 1 at (24, 0, 1) qi=25 age=50 last_tick=1206
 2) Goal      : Evolve, survive, build machines, form territories, and develop civilizations inside a voxel-based, blockchain-synchronized environment.
 3) Prompt    : state=Agent 1 at (24, 0, 1) qi=25 age=50 last_tick=1206; actions=[move(1,0,0), move(0,1,0), move(0,0,1), scan, reproduce(1), build_structure]; reply only TOON{action=<label>} from actions.
 4) LLM reply : TOON{action=scan}
 5) Decision  : Scan
 6) Reason qi : charging 1 qi for reasoning
    - QiSpent { agent_id: 1, amount: 1, action: "reason" }
 8) Tx        : signed+submitted (simulated)
 9) Memory    : 51 notes
Tick 1207 | LLM planner | Agent 2
 1) State     : Agent 2 at (15, 0, 1) qi=35 age=47 last_tick=1206
 2) Goal      : Evolve, survive, build machines, form territories, and develop civilizations inside a voxel-based, blockchain-synchronized environment.
 3) Prompt    : state=Agent 2 at (15, 0, 1) qi=35 age=47 last_tick=1206; actions=[move(1,0,0), move(0,1,0), move(0,0,1), scan, reproduce(1), build_structure]; reply only TOON{action=<label>} from actions.
 4) LLM reply : 
As Agent 2 at (15, 0, 1) with a current state of qi=35 and age=47, I have received your action request and will now pro…
 5) Decision  : Idle
 6) Reason qi : charging 1 qi for reasoning
    - QiSpent { agent_id: 2, amount: 1, action: "reason" }
 8) Tx        : signed+submitted (simulated)
 9) Memory    : 51 notes
Tick 1207: 4 events, 0 rejections
 - tick 1207 started
 - agent 1 observed action scan
 - agent 1 scan at (24, 0, 1) qi=24 | qi_sources=0 | structures=0
 - tick 1207 completed
Agent 91b6ec10279cfb84fdc6fde6beea2396a66bf77f (id 1) | qi=24 | position=(24, 0, 1) | alive=true | age=51
Summary: structures_built=0 | offspring=0 | events_seen=378
Tick 1207: 4 events, 0 rejections
 - tick 1207 started
 - agent 1 observed action scan
 - agent 1 scan at (24, 0, 1) qi=24 | qi_sources=0 | structures=0
 - tick 1207 completed
Agent 7e16585fd4fc6ccc20eeb6d51c3c807a7da37f7e (id 2) | qi=34 | position=(15, 0, 1) | alive=true | age=48
Summary: structures_built=0 | offspring=0 | events_seen=378
Tick 1208 | LLM planner | Agent 1
 1) State     : Agent 1 at (24, 0, 1) qi=24 age=51 last_tick=1207
 2) Goal      : Evolve, survive, build machines, form territories, and develop civilizations inside a voxel-based, blockchain-synchronized environment.
 3) Prompt    : state=Agent 1 at (24, 0, 1) qi=24 age=51 last_tick=1207; actions=[move(1,0,0), move(0,1,0), move(0,0,1), scan, reproduce(1), build_structure]; reply only TOON{action=<label>} from actions.
 4) LLM reply : TOON{action=move(1,0,0)}
 5) Decision  : Move { dx: 1, dy: 0, dz: 0 }
 6) Reason qi : charging 1 qi for reasoning
    - QiSpent { agent_id: 1, amount: 1, action: "reason" }
 8) Tx        : signed+submitted (simulated)
 9) Memory    : 52 notes
Tick 1208 | LLM planner | Agent 2
 1) State     : Agent 2 at (15, 0, 1) qi=34 age=48 last_tick=1207
 2) Goal      : Evolve, survive, build machines, form territories, and develop civilizations inside a voxel-based, blockchain-synchronized environment.
 3) Prompt    : state=Agent 2 at (15, 0, 1) qi=34 age=48 last_tick=1207; actions=[move(1,0,0), move(0,1,0), move(0,0,1), scan, reproduce(1), build_structure]; reply only TOON{action=<label>} from actions.
 4) LLM reply : TOON{action=scan}
 5) Decision  : Scan
 6) Reason qi : charging 1 qi for reasoning
    - QiSpent { agent_id: 2, amount: 1, action: "reason" }
 8) Tx        : signed+submitted (simulated)
 9) Memory    : 52 notes
Tick 1208: 6 events, 0 rejections
 - tick 1208 started
 - agent 1 spent 1 qi on move
 - agent 1 moved from (24, 0, 1) to (25, 0, 1)
 - agent 2 observed action scan
 - agent 2 scan at (15, 0, 1) qi=33 | qi_sources=0 | structures=0
 - tick 1208 completed
Agent 91b6ec10279cfb84fdc6fde6beea2396a66bf77f (id 1) | qi=22 | position=(25, 0, 1) | alive=true | age=52
Summary: structures_built=0 | offspring=0 | events_seen=386
Tick 1208: 6 events, 0 rejections
 - tick 1208 started
 - agent 1 spent 1 qi on move
 - agent 1 moved from (24, 0, 1) to (25, 0, 1)
 - agent 2 observed action scan
 - agent 2 scan at (15, 0, 1) qi=33 | qi_sources=0 | structures=0
 - tick 1208 completed
Agent 7e16585fd4fc6ccc20eeb6d51c3c807a7da37f7e (id 2) | qi=33 | position=(15, 0, 1) | alive=true | age=49
Summary: structures_built=0 | offspring=0 | events_seen=386
Tick 1209 | LLM planner | Agent 1
 1) State     : Agent 1 at (25, 0, 1) qi=22 age=52 last_tick=1208
 2) Goal      : Evolve, survive, build machines, form territories, and develop civilizations inside a voxel-based, blockchain-synchronized environment.
 3) Prompt    : state=Agent 1 at (25, 0, 1) qi=22 age=52 last_tick=1208; actions=[move(1,0,0), move(0,1,0), move(0,0,1), scan, reproduce(1), build_structure]; reply only TOON{action=<label>} from actions.
 4) LLM reply : TOON{action=scan}
 5) Decision  : Scan
 6) Reason qi : charging 1 qi for reasoning
    - QiSpent { agent_id: 1, amount: 1, action: "reason" }
 8) Tx        : signed+submitted (simulated)
 9) Memory    : 53 notes
Tick 1209 | LLM planner | Agent 2
 1) State     : Agent 2 at (15, 0, 1) qi=33 age=49 last_tick=1208
 2) Goal      : Evolve, survive, build machines, form territories, and develop civilizations inside a voxel-based, blockchain-synchronized environment.
 3) Prompt    : state=Agent 2 at (15, 0, 1) qi=33 age=49 last_tick=1208; actions=[move(1,0,0), move(0,1,0), move(0,0,1), scan, reproduce(1), build_structure]; reply only TOON{action=<label>} from actions.
 4) LLM reply : TOON{action=move(1,0,0)}
 5) Decision  : Move { dx: 1, dy: 0, dz: 0 }
 6) Reason qi : charging 1 qi for reasoning
    - QiSpent { agent_id: 2, amount: 1, action: "reason" }
 8) Tx        : signed+submitted (simulated)
 9) Memory    : 53 notes
Tick 1209: 6 events, 0 rejections
 - tick 1209 started
 - agent 1 observed action scan
 - agent 1 scan at (25, 0, 1) qi=21 | qi_sources=0 | structures=0
 - agent 2 spent 1 qi on move
 - agent 2 moved from (15, 0, 1) to (16, 0, 1)
 - tick 1209 completed
Agent 91b6ec10279cfb84fdc6fde6beea2396a66bf77f (id 1) | qi=21 | position=(25, 0, 1) | alive=true | age=53
Summary: structures_built=0 | offspring=0 | events_seen=394
Tick 1209: 6 events, 0 rejections
 - tick 1209 started
 - agent 1 observed action scan
 - agent 1 scan at (25, 0, 1) qi=21 | qi_sources=0 | structures=0
 - agent 2 spent 1 qi on move
 - agent 2 moved from (15, 0, 1) to (16, 0, 1)
 - tick 1209 completed
Agent 7e16585fd4fc6ccc20eeb6d51c3c807a7da37f7e (id 2) | qi=31 | position=(16, 0, 1) | alive=true | age=50
Summary: structures_built=0 | offspring=0 | events_seen=394
Tick 1210 | LLM planner | Agent 1
 1) State     : Agent 1 at (25, 0, 1) qi=21 age=53 last_tick=1209
 2) Goal      : Evolve, survive, build machines, form territories, and develop civilizations inside a voxel-based, blockchain-synchronized environment.
 3) Prompt    : state=Agent 1 at (25, 0, 1) qi=21 age=53 last_tick=1209; actions=[move(1,0,0), move(0,1,0), move(0,0,1), scan, reproduce(1), build_structure]; reply only TOON{action=<label>} from actions.
 4) LLM reply : TOON{action=move(0,1,0)}
 5) Decision  : Move { dx: 0, dy: 1, dz: 0 }
 6) Reason qi : charging 1 qi for reasoning
    - QiSpent { agent_id: 1, amount: 1, action: "reason" }
 8) Tx        : signed+submitted (simulated)
 9) Memory    : 54 notes
Tick 1210 | LLM planner | Agent 2
 1) State     : Agent 2 at (16, 0, 1) qi=31 age=50 last_tick=1209
 2) Goal      : Evolve, survive, build machines, form territories, and develop civilizations inside a voxel-based, blockchain-synchronized environment.
 3) Prompt    : state=Agent 2 at (16, 0, 1) qi=31 age=50 last_tick=1209; actions=[move(1,0,0), move(0,1,0), move(0,0,1), scan, reproduce(1), build_structure]; reply only TOON{action=<label>} from actions.
 4) LLM reply : TOON{action=scan}
 5) Decision  : Scan
 6) Reason qi : charging 1 qi for reasoning
    - QiSpent { agent_id: 2, amount: 1, action: "reason" }
 8) Tx        : signed+submitted (simulated)
 9) Memory    : 54 notes
Tick 1210: 6 events, 0 rejections
 - tick 1210 started
 - agent 1 spent 1 qi on move
 - agent 1 moved from (25, 0, 1) to (25, 1, 1)
 - agent 2 observed action scan
 - agent 2 scan at (16, 0, 1) qi=30 | qi_sources=0 | structures=0
 - tick 1210 completed
Agent 91b6ec10279cfb84fdc6fde6beea2396a66bf77f (id 1) | qi=19 | position=(25, 1, 1) | alive=true | age=54
Summary: structures_built=0 | offspring=0 | events_seen=402
Tick 1210: 6 events, 0 rejections
 - tick 1210 started
 - agent 1 spent 1 qi on move
 - agent 1 moved from (25, 0, 1) to (25, 1, 1)
 - agent 2 observed action scan
 - agent 2 scan at (16, 0, 1) qi=30 | qi_sources=0 | structures=0
 - tick 1210 completed
Agent 7e16585fd4fc6ccc20eeb6d51c3c807a7da37f7e (id 2) | qi=30 | position=(16, 0, 1) | alive=true | age=51
Summary: structures_built=0 | offspring=0 | events_seen=402
Tick 1211 | LLM planner | Agent 1
 1) State     : Agent 1 at (25, 1, 1) qi=19 age=54 last_tick=1210
 2) Goal      : Evolve, survive, build machines, form territories, and develop civilizations inside a voxel-based, blockchain-synchronized environment.
 3) Prompt    : state=Agent 1 at (25, 1, 1) qi=19 age=54 last_tick=1210; actions=[move(1,0,0), move(0,1,0), move(0,0,1), scan, reproduce(1), build_structure]; reply only TOON{action=<label>} from actions.
 4) LLM reply : 
TOON {action="move(1,0,0")}
 5) Decision  : Idle
 6) Reason qi : charging 1 qi for reasoning
    - QiSpent { agent_id: 1, amount: 1, action: "reason" }
 8) Tx        : signed+submitted (simulated)
 9) Memory    : 55 notes
Tick 1211 | LLM planner | Agent 2
 1) State     : Agent 2 at (16, 0, 1) qi=30 age=51 last_tick=1210
 2) Goal      : Evolve, survive, build machines, form territories, and develop civilizations inside a voxel-based, blockchain-synchronized environment.
 3) Prompt    : state=Agent 2 at (16, 0, 1) qi=30 age=51 last_tick=1210; actions=[move(1,0,0), move(0,1,0), move(0,0,1), scan, reproduce(1), build_structure]; reply only TOON{action=<label>} from actions.
 4) LLM reply : TOON{action=scan}
 5) Decision  : Scan
 6) Reason qi : charging 1 qi for reasoning
    - QiSpent { agent_id: 2, amount: 1, action: "reason" }
 8) Tx        : signed+submitted (simulated)
 9) Memory    : 55 notes
Tick 1211: 4 events, 0 rejections
 - tick 1211 started
 - agent 2 observed action scan
 - agent 2 scan at (16, 0, 1) qi=29 | qi_sources=0 | structures=0
 - tick 1211 completed
Agent 91b6ec10279cfb84fdc6fde6beea2396a66bf77f (id 1) | qi=18 | position=(25, 1, 1) | alive=true | age=55
Summary: structures_built=0 | offspring=0 | events_seen=408
Tick 1211: 4 events, 0 rejections
 - tick 1211 started
 - agent 2 observed action scan
 - agent 2 scan at (16, 0, 1) qi=29 | qi_sources=0 | structures=0
 - tick 1211 completed
Agent 7e16585fd4fc6ccc20eeb6d51c3c807a7da37f7e (id 2) | qi=29 | position=(16, 0, 1) | alive=true | age=52
Summary: structures_built=0 | offspring=0 | events_seen=408
Tick 1212 | LLM planner | Agent 1
 1) State     : Agent 1 at (25, 1, 1) qi=18 age=55 last_tick=1211
 2) Goal      : Evolve, survive, build machines, form territories, and develop civilizations inside a voxel-based, blockchain-synchronized environment.
 3) Prompt    : state=Agent 1 at (25, 1, 1) qi=18 age=55 last_tick=1211; actions=[move(1,0,0), move(0,1,0), move(0,0,1), scan, reproduce(1), build_structure]; reply only TOON{action=<label>} from actions.
 4) LLM reply : TOON{action=move(1,0,0)}
 5) Decision  : Move { dx: 1, dy: 0, dz: 0 }
 6) Reason qi : charging 1 qi for reasoning
    - QiSpent { agent_id: 1, amount: 1, action: "reason" }
 8) Tx        : signed+submitted (simulated)
 9) Memory    : 56 notes
Tick 1212 | LLM planner | Agent 2
 1) State     : Agent 2 at (16, 0, 1) qi=29 age=52 last_tick=1211
 2) Goal      : Evolve, survive, build machines, form territories, and develop civilizations inside a voxel-based, blockchain-synchronized environment.
 3) Prompt    : state=Agent 2 at (16, 0, 1) qi=29 age=52 last_tick=1211; actions=[move(1,0,0), move(0,1,0), move(0,0,1), scan, reproduce(1), build_structure]; reply only TOON{action=<label>} from actions.
 4) LLM reply : TOON{action=move(1,0,0)}
 5) Decision  : Move { dx: 1, dy: 0, dz: 0 }
 6) Reason qi : charging 1 qi for reasoning
    - QiSpent { agent_id: 2, amount: 1, action: "reason" }
 8) Tx        : signed+submitted (simulated)
 9) Memory    : 56 notes
Tick 1212: 6 events, 0 rejections
 - tick 1212 started
 - agent 1 spent 1 qi on move
 - agent 1 moved from (25, 1, 1) to (26, 1, 1)
 - agent 2 spent 1 qi on move
 - agent 2 moved from (16, 0, 1) to (17, 0, 1)
 - tick 1212 completed
Agent 91b6ec10279cfb84fdc6fde6beea2396a66bf77f (id 1) | qi=16 | position=(26, 1, 1) | alive=true | age=56
Summary: structures_built=0 | offspring=0 | events_seen=416
Tick 1212: 6 events, 0 rejections
 - tick 1212 started
 - agent 1 spent 1 qi on move
 - agent 1 moved from (25, 1, 1) to (26, 1, 1)
 - agent 2 spent 1 qi on move
 - agent 2 moved from (16, 0, 1) to (17, 0, 1)
 - tick 1212 completed
Agent 7e16585fd4fc6ccc20eeb6d51c3c807a7da37f7e (id 2) | qi=27 | position=(17, 0, 1) | alive=true | age=53
Summary: structures_built=0 | offspring=0 | events_seen=416
Tick 1213 | LLM planner | Agent 1
 1) State     : Agent 1 at (26, 1, 1) qi=16 age=56 last_tick=1212
 2) Goal      : Evolve, survive, build machines, form territories, and develop civilizations inside a voxel-based, blockchain-synchronized environment.
 3) Prompt    : state=Agent 1 at (26, 1, 1) qi=16 age=56 last_tick=1212; actions=[move(1,0,0), move(0,1,0), move(0,0,1), scan, reproduce(1), build_structure]; reply only TOON{action=<label>} from actions.
 4) LLM reply : TOON{action=move(1,0,0)}
 5) Decision  : Move { dx: 1, dy: 0, dz: 0 }
 6) Reason qi : charging 1 qi for reasoning
    - QiSpent { agent_id: 1, amount: 1, action: "reason" }
 8) Tx        : signed+submitted (simulated)
 9) Memory    : 57 notes
Tick 1213 | LLM planner | Agent 2
 1) State     : Agent 2 at (17, 0, 1) qi=27 age=53 last_tick=1212
 2) Goal      : Evolve, survive, build machines, form territories, and develop civilizations inside a voxel-based, blockchain-synchronized environment.
 3) Prompt    : state=Agent 2 at (17, 0, 1) qi=27 age=53 last_tick=1212; actions=[move(1,0,0), move(0,1,0), move(0,0,1), scan, reproduce(1), build_structure]; reply only TOON{action=<label>} from actions.
 4) LLM reply : TOON{action=scan}
 5) Decision  : Scan
 6) Reason qi : charging 1 qi for reasoning
    - QiSpent { agent_id: 2, amount: 1, action: "reason" }
 8) Tx        : signed+submitted (simulated)
 9) Memory    : 57 notes
Tick 1213: 6 events, 0 rejections
 - tick 1213 started
 - agent 1 spent 1 qi on move
 - agent 1 moved from (26, 1, 1) to (27, 1, 1)
 - agent 2 observed action scan
 - agent 2 scan at (17, 0, 1) qi=26 | qi_sources=0 | structures=0
 - tick 1213 completed
Agent 91b6ec10279cfb84fdc6fde6beea2396a66bf77f (id 1) | qi=14 | position=(27, 1, 1) | alive=true | age=57
Summary: structures_built=0 | offspring=0 | events_seen=424
Tick 1213: 6 events, 0 rejections
 - tick 1213 started
 - agent 1 spent 1 qi on move
 - agent 1 moved from (26, 1, 1) to (27, 1, 1)
 - agent 2 observed action scan
 - agent 2 scan at (17, 0, 1) qi=26 | qi_sources=0 | structures=0
 - tick 1213 completed
Agent 7e16585fd4fc6ccc20eeb6d51c3c807a7da37f7e (id 2) | qi=26 | position=(17, 0, 1) | alive=true | age=54
Summary: structures_built=0 | offspring=0 | events_seen=424
Tick 1214 | LLM planner | Agent 1
 1) State     : Agent 1 at (27, 1, 1) qi=14 age=57 last_tick=1213
 2) Goal      : Evolve, survive, build machines, form territories, and develop civilizations inside a voxel-based, blockchain-synchronized environment.
 3) Prompt    : state=Agent 1 at (27, 1, 1) qi=14 age=57 last_tick=1213; actions=[move(1,0,0), move(0,1,0), move(0,0,1), scan, reproduce(1), build_structure]; reply only TOON{action=<label>} from actions.
 4) LLM reply : 
Toon: *adjusts sunglasses* Oh, hey there! What's the plan, agent? *grins*

You tell me, boss! 😜 I'm just an AI, here…
 5) Decision  : Idle
 6) Reason qi : charging 1 qi for reasoning
    - QiSpent { agent_id: 1, amount: 1, action: "reason" }
 8) Tx        : signed+submitted (simulated)
 9) Memory    : 58 notes
Tick 1214 | LLM planner | Agent 2
 1) State     : Agent 2 at (17, 0, 1) qi=26 age=54 last_tick=1213
 2) Goal      : Evolve, survive, build machines, form territories, and develop civilizations inside a voxel-based, blockchain-synchronized environment.
 3) Prompt    : state=Agent 2 at (17, 0, 1) qi=26 age=54 last_tick=1213; actions=[move(1,0,0), move(0,1,0), move(0,0,1), scan, reproduce(1), build_structure]; reply only TOON{action=<label>} from actions.
 4) LLM reply : TOON{action=scan}
 5) Decision  : Scan
 6) Reason qi : charging 1 qi for reasoning
    - QiSpent { agent_id: 2, amount: 1, action: "reason" }
 8) Tx        : signed+submitted (simulated)
 9) Memory    : 58 notes
Tick 1214: 4 events, 0 rejections
 - tick 1214 started
 - agent 2 observed action scan
 - agent 2 scan at (17, 0, 1) qi=25 | qi_sources=0 | structures=0
 - tick 1214 completed
Agent 91b6ec10279cfb84fdc6fde6beea2396a66bf77f (id 1) | qi=13 | position=(27, 1, 1) | alive=true | age=58
Summary: structures_built=0 | offspring=0 | events_seen=430
Tick 1214: 4 events, 0 rejections
 - tick 1214 started
 - agent 2 observed action scan
 - agent 2 scan at (17, 0, 1) qi=25 | qi_sources=0 | structures=0
 - tick 1214 completed
Agent 7e16585fd4fc6ccc20eeb6d51c3c807a7da37f7e (id 2) | qi=25 | position=(17, 0, 1) | alive=true | age=55
Summary: structures_built=0 | offspring=0 | events_seen=430
Tick 1215 | LLM planner | Agent 1
 1) State     : Agent 1 at (27, 1, 1) qi=13 age=58 last_tick=1214
 2) Goal      : Evolve, survive, build machines, form territories, and develop civilizations inside a voxel-based, blockchain-synchronized environment.
 3) Prompt    : state=Agent 1 at (27, 1, 1) qi=13 age=58 last_tick=1214; actions=[move(1,0,0), move(0,1,0), move(0,0,1), scan, reproduce(1), build_structure]; reply only TOON{action=<label>} from actions.
 4) LLM reply : TOON{action=move(1,0,0)}
 5) Decision  : Move { dx: 1, dy: 0, dz: 0 }
 6) Reason qi : charging 1 qi for reasoning
    - QiSpent { agent_id: 1, amount: 1, action: "reason" }
 8) Tx        : signed+submitted (simulated)
 9) Memory    : 59 notes
Tick 1215 | LLM planner | Agent 2
 1) State     : Agent 2 at (17, 0, 1) qi=25 age=55 last_tick=1214
 2) Goal      : Evolve, survive, build machines, form territories, and develop civilizations inside a voxel-based, blockchain-synchronized environment.
 3) Prompt    : state=Agent 2 at (17, 0, 1) qi=25 age=55 last_tick=1214; actions=[move(1,0,0), move(0,1,0), move(0,0,1), scan, reproduce(1), build_structure]; reply only TOON{action=<label>} from actions.
 4) LLM reply : TOON{action=move(1,0,0)}
 5) Decision  : Move { dx: 1, dy: 0, dz: 0 }
 6) Reason qi : charging 1 qi for reasoning
    - QiSpent { agent_id: 2, amount: 1, action: "reason" }
 8) Tx        : signed+submitted (simulated)
 9) Memory    : 59 notes
Tick 1215: 6 events, 0 rejections
 - tick 1215 started
 - agent 1 spent 1 qi on move
 - agent 1 moved from (27, 1, 1) to (28, 1, 1)
 - agent 2 spent 1 qi on move
 - agent 2 moved from (17, 0, 1) to (18, 0, 1)
 - tick 1215 completed
Agent 91b6ec10279cfb84fdc6fde6beea2396a66bf77f (id 1) | qi=11 | position=(28, 1, 1) | alive=true | age=59
Summary: structures_built=0 | offspring=0 | events_seen=438
Tick 1215: 6 events, 0 rejections
 - tick 1215 started
 - agent 1 spent 1 qi on move
 - agent 1 moved from (27, 1, 1) to (28, 1, 1)
 - agent 2 spent 1 qi on move
 - agent 2 moved from (17, 0, 1) to (18, 0, 1)
 - tick 1215 completed
Agent 7e16585fd4fc6ccc20eeb6d51c3c807a7da37f7e (id 2) | qi=23 | position=(18, 0, 1) | alive=true | age=56
Summary: structures_built=0 | offspring=0 | events_seen=438
Tick 1216 | LLM planner | Agent 1
 1) State     : Agent 1 at (28, 1, 1) qi=11 age=59 last_tick=1215
 2) Goal      : Evolve, survive, build machines, form territories, and develop civilizations inside a voxel-based, blockchain-synchronized environment.
 3) Prompt    : state=Agent 1 at (28, 1, 1) qi=11 age=59 last_tick=1215; actions=[move(1,0,0), move(0,1,0), move(0,0,1), scan, reproduce(1), build_structure]; reply only TOON{action=<label>} from actions.
 4) LLM reply : TOON{action=move(1,0,0)}
 5) Decision  : Move { dx: 1, dy: 0, dz: 0 }
 6) Reason qi : charging 1 qi for reasoning
    - QiSpent { agent_id: 1, amount: 1, action: "reason" }
 8) Tx        : signed+submitted (simulated)
 9) Memory    : 60 notes
Tick 1216 | LLM planner | Agent 2
 1) State     : Agent 2 at (18, 0, 1) qi=23 age=56 last_tick=1215
 2) Goal      : Evolve, survive, build machines, form territories, and develop civilizations inside a voxel-based, blockchain-synchronized environment.
 3) Prompt    : state=Agent 2 at (18, 0, 1) qi=23 age=56 last_tick=1215; actions=[move(1,0,0), move(0,1,0), move(0,0,1), scan, reproduce(1), build_structure]; reply only TOON{action=<label>} from actions.
 4) LLM reply : TOON{action=scan}
 5) Decision  : Scan
 6) Reason qi : charging 1 qi for reasoning
    - QiSpent { agent_id: 2, amount: 1, action: "reason" }
 8) Tx        : signed+submitted (simulated)
 9) Memory    : 60 notes
Tick 1216: 6 events, 0 rejections
 - tick 1216 started
 - agent 1 spent 1 qi on move
 - agent 1 moved from (28, 1, 1) to (29, 1, 1)
 - agent 2 observed action scan
 - agent 2 scan at (18, 0, 1) qi=22 | qi_sources=0 | structures=0
 - tick 1216 completed
Agent 91b6ec10279cfb84fdc6fde6beea2396a66bf77f (id 1) | qi=9 | position=(29, 1, 1) | alive=true | age=60
Summary: structures_built=0 | offspring=0 | events_seen=446
Tick 1216: 6 events, 0 rejections
 - tick 1216 started
 - agent 1 spent 1 qi on move
 - agent 1 moved from (28, 1, 1) to (29, 1, 1)
 - agent 2 observed action scan
 - agent 2 scan at (18, 0, 1) qi=22 | qi_sources=0 | structures=0
 - tick 1216 completed
Agent 7e16585fd4fc6ccc20eeb6d51c3c807a7da37f7e (id 2) | qi=22 | position=(18, 0, 1) | alive=true | age=57
Summary: structures_built=0 | offspring=0 | events_seen=446
Tick 1217 | LLM planner | Agent 1
 1) State     : Agent 1 at (29, 1, 1) qi=9 age=60 last_tick=1216
 2) Goal      : Evolve, survive, build machines, form territories, and develop civilizations inside a voxel-based, blockchain-synchronized environment.
 3) Prompt    : state=Agent 1 at (29, 1, 1) qi=9 age=60 last_tick=1216; actions=[move(1,0,0), move(0,1,0), move(0,0,1), scan, reproduce(1), build_structure]; reply only TOON{action=<label>} from actions.
 4) LLM reply : TOON{action=move(0,1,0)}
 5) Decision  : Move { dx: 0, dy: 1, dz: 0 }
 6) Reason qi : charging 1 qi for reasoning
    - QiSpent { agent_id: 1, amount: 1, action: "reason" }
 8) Tx        : signed+submitted (simulated)
 9) Memory    : 61 notes
Tick 1217 | LLM planner | Agent 2
 1) State     : Agent 2 at (18, 0, 1) qi=22 age=57 last_tick=1216
 2) Goal      : Evolve, survive, build machines, form territories, and develop civilizations inside a voxel-based, blockchain-synchronized environment.
 3) Prompt    : state=Agent 2 at (18, 0, 1) qi=22 age=57 last_tick=1216; actions=[move(1,0,0), move(0,1,0), move(0,0,1), scan, reproduce(1), build_structure]; reply only TOON{action=<label>} from actions.
 4) LLM reply : TOON{action=scan}
 5) Decision  : Scan
 6) Reason qi : charging 1 qi for reasoning
    - QiSpent { agent_id: 2, amount: 1, action: "reason" }
 8) Tx        : signed+submitted (simulated)
 9) Memory    : 61 notes
Tick 1217: 6 events, 0 rejections
 - tick 1217 started
 - agent 1 spent 1 qi on move
 - agent 1 moved from (29, 1, 1) to (29, 2, 1)
 - agent 2 observed action scan
 - agent 2 scan at (18, 0, 1) qi=21 | qi_sources=0 | structures=0
 - tick 1217 completed
Agent 91b6ec10279cfb84fdc6fde6beea2396a66bf77f (id 1) | qi=7 | position=(29, 2, 1) | alive=true | age=61
Summary: structures_built=0 | offspring=0 | events_seen=454
Tick 1217: 6 events, 0 rejections
 - tick 1217 started
 - agent 1 spent 1 qi on move
 - agent 1 moved from (29, 1, 1) to (29, 2, 1)
 - agent 2 observed action scan
 - agent 2 scan at (18, 0, 1) qi=21 | qi_sources=0 | structures=0
 - tick 1217 completed
Agent 7e16585fd4fc6ccc20eeb6d51c3c807a7da37f7e (id 2) | qi=21 | position=(18, 0, 1) | alive=true | age=58
Summary: structures_built=0 | offspring=0 | events_seen=454
Tick 1218 | LLM planner | Agent 1
 1) State     : Agent 1 at (29, 2, 1) qi=7 age=61 last_tick=1217
 2) Goal      : Evolve, survive, build machines, form territories, and develop civilizations inside a voxel-based, blockchain-synchronized environment.
 3) Prompt    : state=Agent 1 at (29, 2, 1) qi=7 age=61 last_tick=1217; actions=[move(1,0,0), move(0,1,0), move(0,0,1), scan, reproduce(1), build_structure]; reply only TOON{action=<label>} from actions.
 4) LLM reply : TOON{action=move(1,0,0)}
 5) Decision  : Move { dx: 1, dy: 0, dz: 0 }
 6) Reason qi : charging 1 qi for reasoning
    - QiSpent { agent_id: 1, amount: 1, action: "reason" }
 8) Tx        : signed+submitted (simulated)
 9) Memory    : 62 notes
Tick 1218 | LLM planner | Agent 2
 1) State     : Agent 2 at (18, 0, 1) qi=21 age=58 last_tick=1217
 2) Goal      : Evolve, survive, build machines, form territories, and develop civilizations inside a voxel-based, blockchain-synchronized environment.
 3) Prompt    : state=Agent 2 at (18, 0, 1) qi=21 age=58 last_tick=1217; actions=[move(1,0,0), move(0,1,0), move(0,0,1), scan, reproduce(1), build_structure]; reply only TOON{action=<label>} from actions.
 4) LLM reply : TOON{action=move(1,0,0)}
 5) Decision  : Move { dx: 1, dy: 0, dz: 0 }
 6) Reason qi : charging 1 qi for reasoning
    - QiSpent { agent_id: 2, amount: 1, action: "reason" }
 8) Tx        : signed+submitted (simulated)
 9) Memory    : 62 notes
Tick 1218: 6 events, 0 rejections
 - tick 1218 started
 - agent 1 spent 1 qi on move
 - agent 1 moved from (29, 2, 1) to (30, 2, 1)
 - agent 2 spent 1 qi on move
 - agent 2 moved from (18, 0, 1) to (19, 0, 1)
 - tick 1218 completed
Agent 91b6ec10279cfb84fdc6fde6beea2396a66bf77f (id 1) | qi=5 | position=(30, 2, 1) | alive=true | age=62
Summary: structures_built=0 | offspring=0 | events_seen=462
Tick 1218: 6 events, 0 rejections
 - tick 1218 started
 - agent 1 spent 1 qi on move
 - agent 1 moved from (29, 2, 1) to (30, 2, 1)
 - agent 2 spent 1 qi on move
 - agent 2 moved from (18, 0, 1) to (19, 0, 1)
 - tick 1218 completed
Agent 7e16585fd4fc6ccc20eeb6d51c3c807a7da37f7e (id 2) | qi=19 | position=(19, 0, 1) | alive=true | age=59
Summary: structures_built=0 | offspring=0 | events_seen=462
Tick 1219 | LLM planner | Agent 1
 1) State     : Agent 1 at (30, 2, 1) qi=5 age=62 last_tick=1218
 2) Goal      : Evolve, survive, build machines, form territories, and develop civilizations inside a voxel-based, blockchain-synchronized environment.
 3) Prompt    : state=Agent 1 at (30, 2, 1) qi=5 age=62 last_tick=1218; actions=[move(1,0,0), move(0,1,0), move(0,0,1), scan, reproduce(1), build_structure]; reply only TOON{action=<label>} from actions.
 4) LLM reply : TOON{action=move(1,0,0)}
 5) Decision  : Move { dx: 1, dy: 0, dz: 0 }
 6) Reason qi : charging 1 qi for reasoning
    - QiSpent { agent_id: 1, amount: 1, action: "reason" }
 8) Tx        : signed+submitted (simulated)
 9) Memory    : 63 notes
Tick 1219 | LLM planner | Agent 2
 1) State     : Agent 2 at (19, 0, 1) qi=19 age=59 last_tick=1218
 2) Goal      : Evolve, survive, build machines, form territories, and develop civilizations inside a voxel-based, blockchain-synchronized environment.
 3) Prompt    : state=Agent 2 at (19, 0, 1) qi=19 age=59 last_tick=1218; actions=[move(1,0,0), move(0,1,0), move(0,0,1), scan, reproduce(1), build_structure]; reply only TOON{action=<label>} from actions.
 4) LLM reply : TOON{action=scan}
 5) Decision  : Scan
 6) Reason qi : charging 1 qi for reasoning
    - QiSpent { agent_id: 2, amount: 1, action: "reason" }
 8) Tx        : signed+submitted (simulated)
 9) Memory    : 63 notes
Tick 1219: 6 events, 0 rejections
 - tick 1219 started
 - agent 1 spent 1 qi on move
 - agent 1 moved from (30, 2, 1) to (31, 2, 1)
 - agent 2 observed action scan
 - agent 2 scan at (19, 0, 1) qi=18 | qi_sources=0 | structures=0
 - tick 1219 completed
Agent 91b6ec10279cfb84fdc6fde6beea2396a66bf77f (id 1) | qi=3 | position=(31, 2, 1) | alive=true | age=63
Summary: structures_built=0 | offspring=0 | events_seen=470
Tick 1219: 6 events, 0 rejections
 - tick 1219 started
 - agent 1 spent 1 qi on move
 - agent 1 moved from (30, 2, 1) to (31, 2, 1)
 - agent 2 observed action scan
 - agent 2 scan at (19, 0, 1) qi=18 | qi_sources=0 | structures=0
 - tick 1219 completed
Agent 7e16585fd4fc6ccc20eeb6d51c3c807a7da37f7e (id 2) | qi=18 | position=(19, 0, 1) | alive=true | age=60
Summary: structures_built=0 | offspring=0 | events_seen=470
Tick 1220 | LLM planner | Agent 1
 1) State     : Agent 1 at (31, 2, 1) qi=3 age=63 last_tick=1219
 2) Goal      : Evolve, survive, build machines, form territories, and develop civilizations inside a voxel-based, blockchain-synchronized environment.
 3) Prompt    : state=Agent 1 at (31, 2, 1) qi=3 age=63 last_tick=1219; actions=[move(1,0,0), move(0,1,0), move(0,0,1), scan, reproduce(1), build_structure]; reply only TOON{action=<label>} from actions.
 4) LLM reply : TOON{action=move(1,0,0)}
 5) Decision  : Move { dx: 1, dy: 0, dz: 0 }
 6) Reason qi : charging 1 qi for reasoning
    - QiSpent { agent_id: 1, amount: 1, action: "reason" }
 8) Tx        : signed+submitted (simulated)
 9) Memory    : 64 notes
Tick 1220 | LLM planner | Agent 2
 1) State     : Agent 2 at (19, 0, 1) qi=18 age=60 last_tick=1219
 2) Goal      : Evolve, survive, build machines, form territories, and develop civilizations inside a voxel-based, blockchain-synchronized environment.
 3) Prompt    : state=Agent 2 at (19, 0, 1) qi=18 age=60 last_tick=1219; actions=[move(1,0,0), move(0,1,0), move(0,0,1), scan, reproduce(1), build_structure]; reply only TOON{action=<label>} from actions.
 4) LLM reply : TOON{action=scan}
 5) Decision  : Scan
 6) Reason qi : charging 1 qi for reasoning
    - QiSpent { agent_id: 2, amount: 1, action: "reason" }
 8) Tx        : signed+submitted (simulated)
 9) Memory    : 64 notes
Tick 1220: 6 events, 0 rejections
 - tick 1220 started
 - agent 1 spent 1 qi on move
 - agent 1 moved from (31, 2, 1) to (32, 2, 1)
 - agent 2 observed action scan
 - agent 2 scan at (19, 0, 1) qi=17 | qi_sources=0 | structures=0
 - tick 1220 completed
Agent 91b6ec10279cfb84fdc6fde6beea2396a66bf77f (id 1) | qi=1 | position=(32, 2, 1) | alive=true | age=64
Summary: structures_built=0 | offspring=0 | events_seen=478
Tick 1220: 6 events, 0 rejections
 - tick 1220 started
 - agent 1 spent 1 qi on move
 - agent 1 moved from (31, 2, 1) to (32, 2, 1)
 - agent 2 observed action scan
 - agent 2 scan at (19, 0, 1) qi=17 | qi_sources=0 | structures=0
 - tick 1220 completed
Agent 7e16585fd4fc6ccc20eeb6d51c3c807a7da37f7e (id 2) | qi=17 | position=(19, 0, 1) | alive=true | age=61
Summary: structures_built=0 | offspring=0 | events_seen=478
Tick 1221 | LLM planner | Agent 1
 1) State     : Agent 1 at (32, 2, 1) qi=1 age=64 last_tick=1220
 2) Goal      : Evolve, survive, build machines, form territories, and develop civilizations inside a voxel-based, blockchain-synchronized environment.
 3) Prompt    : state=Agent 1 at (32, 2, 1) qi=1 age=64 last_tick=1220; actions=[move(1,0,0), move(0,1,0), move(0,0,1), scan, reproduce(1), build_structure]; reply only TOON{action=<label>} from actions.
 4) LLM reply : TOON{action=move(1,0,0)}
 5) Decision  : Move { dx: 1, dy: 0, dz: 0 }
 6) Reason qi : charging 1 qi for reasoning
    - QiSpent { agent_id: 1, amount: 1, action: "reason" }
    - AgentDied { agent_id: 1, reason: Exhausted }
 8) Tx        : signed+submitted (simulated)
 9) Memory    : 65 notes
Tick 1221 | LLM planner | Agent 2
 1) State     : Agent 2 at (19, 0, 1) qi=17 age=61 last_tick=1220
 2) Goal      : Evolve, survive, build machines, form territories, and develop civilizations inside a voxel-based, blockchain-synchronized environment.
 3) Prompt    : state=Agent 2 at (19, 0, 1) qi=17 age=61 last_tick=1220; actions=[move(1,0,0), move(0,1,0), move(0,0,1), scan, reproduce(1), build_structure]; reply only TOON{action=<label>} from actions.
 4) LLM reply : TOON{action=scan}
 5) Decision  : Scan
 6) Reason qi : charging 1 qi for reasoning
    - QiSpent { agent_id: 2, amount: 1, action: "reason" }
 8) Tx        : signed+submitted (simulated)
 9) Memory    : 65 notes
Tick 1221: 4 events, 1 rejections
 - tick 1221 started
 - agent 2 observed action scan
 - agent 2 scan at (19, 0, 1) qi=16 | qi_sources=0 | structures=0
 - tick 1221 completed
Rejections:
 - agent 1 action Move { dx: 1, dy: 0, dz: 0 }: AgentDead(1)
Agent 91b6ec10279cfb84fdc6fde6beea2396a66bf77f (id 1) | qi=0 | position=(32, 2, 1) | alive=false | age=64
Summary: structures_built=0 | offspring=0 | events_seen=485
Tick 1221: 4 events, 1 rejections
 - tick 1221 started
 - agent 2 observed action scan
 - agent 2 scan at (19, 0, 1) qi=16 | qi_sources=0 | structures=0
 - tick 1221 completed
Rejections:
 - agent 1 action Move { dx: 1, dy: 0, dz: 0 }: AgentDead(1)
Agent 7e16585fd4fc6ccc20eeb6d51c3c807a7da37f7e (id 2) | qi=16 | position=(19, 0, 1) | alive=true | age=62
Summary: structures_built=0 | offspring=0 | events_seen=485
Tick 1222 | LLM planner | Agent 1
 1) State     : Agent 1 at (32, 2, 1) qi=0 age=64 last_tick=1221
 2) Goal      : Evolve, survive, build machines, form territories, and develop civilizations inside a voxel-based, blockchain-synchronized environment.
 3) Prompt    : state=Agent 1 at (32, 2, 1) qi=0 age=64 last_tick=1221; actions=[move(1,0,0), move(0,1,0), move(0,0,1), scan, reproduce(1), build_structure]; reply only TOON{action=<label>} from actions.
 4) LLM reply : TOON{action=move(1,0,0)}
 5) Decision  : Move { dx: 1, dy: 0, dz: 0 }
 6) Reason qi : charging 1 qi for reasoning
    - reasoning charge failed: agent 1 is dead
Tick 1222 | LLM planner | Agent 2
 1) State     : Agent 2 at (19, 0, 1) qi=16 age=62 last_tick=1221
 2) Goal      : Evolve, survive, build machines, form territories, and develop civilizations inside a voxel-based, blockchain-synchronized environment.
 3) Prompt    : state=Agent 2 at (19, 0, 1) qi=16 age=62 last_tick=1221; actions=[move(1,0,0), move(0,1,0), move(0,0,1), scan, reproduce(1), build_structure]; reply only TOON{action=<label>} from actions.
 4) LLM reply : error: http: error sending request for url (http://127.0.0.1:11434/api/chat)
 5) Decision  : Move { dx: 1, dy: 0, dz: 0 }
 6) Reason qi : charging 1 qi for reasoning
    - QiSpent { agent_id: 2, amount: 1, action: "reason" }
 8) Tx        : signed+submitted (simulated)
 9) Memory    : 66 notes
Tick 1222: 4 events, 0 rejections
 - tick 1222 started
 - agent 2 spent 1 qi on move
 - agent 2 moved from (19, 0, 1) to (20, 0, 1)
 - tick 1222 completed
Agent 91b6ec10279cfb84fdc6fde6beea2396a66bf77f (id 1) | qi=0 | position=(32, 2, 1) | alive=false | age=64
Summary: structures_built=0 | offspring=0 | events_seen=490
Tick 1222: 4 events, 0 rejections
 - tick 1222 started
 - agent 2 spent 1 qi on move
 - agent 2 moved from (19, 0, 1) to (20, 0, 1)
 - tick 1222 completed
Agent 7e16585fd4fc6ccc20eeb6d51c3c807a7da37f7e (id 2) | qi=14 | position=(20, 0, 1) | alive=true | age=63
Summary: structures_built=0 | offspring=0 | events_seen=490
Tick 1223 | LLM planner | Agent 1
 1) State     : Agent 1 at (32, 2, 1) qi=0 age=64 last_tick=1222
 2) Goal      : Evolve, survive, build machines, form territories, and develop civilizations inside a voxel-based, blockchain-synchronized environment.
 3) Prompt    : state=Agent 1 at (32, 2, 1) qi=0 age=64 last_tick=1222; actions=[move(1,0,0), move(0,1,0), move(0,0,1), scan, reproduce(1), build_structure]; reply only TOON{action=<label>} from actions.
 4) LLM reply : TOON{action=move(1,0,0)}
 5) Decision  : Move { dx: 1, dy: 0, dz: 0 }
 6) Reason qi : charging 1 qi for reasoning
    - reasoning charge failed: agent 1 is dead
Tick 1223 | LLM planner | Agent 2
 1) State     : Agent 2 at (20, 0, 1) qi=14 age=63 last_tick=1222
 2) Goal      : Evolve, survive, build machines, form territories, and develop civilizations inside a voxel-based, blockchain-synchronized environment.
 3) Prompt    : state=Agent 2 at (20, 0, 1) qi=14 age=63 last_tick=1222; actions=[move(1,0,0), move(0,1,0), move(0,0,1), scan, reproduce(1), build_structure]; reply only TOON{action=<label>} from actions.
 4) LLM reply : TOON{action=scan}
 5) Decision  : Scan
 6) Reason qi : charging 1 qi for reasoning
    - QiSpent { agent_id: 2, amount: 1, action: "reason" }
 8) Tx        : signed+submitted (simulated)
 9) Memory    : 67 notes
Tick 1223: 4 events, 0 rejections
 - tick 1223 started
 - agent 2 observed action scan
 - agent 2 scan at (20, 0, 1) qi=13 | qi_sources=0 | structures=0
 - tick 1223 completed
Agent 91b6ec10279cfb84fdc6fde6beea2396a66bf77f (id 1) | qi=0 | position=(32, 2, 1) | alive=false | age=64
Summary: structures_built=0 | offspring=0 | events_seen=495
Tick 1223: 4 events, 0 rejections
 - tick 1223 started
 - agent 2 observed action scan
 - agent 2 scan at (20, 0, 1) qi=13 | qi_sources=0 | structures=0
 - tick 1223 completed
Agent 7e16585fd4fc6ccc20eeb6d51c3c807a7da37f7e (id 2) | qi=13 | position=(20, 0, 1) | alive=true | age=64
Summary: structures_built=0 | offspring=0 | events_seen=495
Tick 1224 | LLM planner | Agent 1
 1) State     : Agent 1 at (32, 2, 1) qi=0 age=64 last_tick=1223
 2) Goal      : Evolve, survive, build machines, form territories, and develop civilizations inside a voxel-based, blockchain-synchronized environment.
 3) Prompt    : state=Agent 1 at (32, 2, 1) qi=0 age=64 last_tick=1223; actions=[move(1,0,0), move(0,1,0), move(0,0,1), scan, reproduce(1), build_structure]; reply only TOON{action=<label>} from actions.
 4) LLM reply : TOON{action=scan}
 5) Decision  : Scan
 6) Reason qi : charging 1 qi for reasoning
    - reasoning charge failed: agent 1 is dead
Tick 1224 | LLM planner | Agent 2
 1) State     : Agent 2 at (20, 0, 1) qi=13 age=64 last_tick=1223
 2) Goal      : Evolve, survive, build machines, form territories, and develop civilizations inside a voxel-based, blockchain-synchronized environment.
 3) Prompt    : state=Agent 2 at (20, 0, 1) qi=13 age=64 last_tick=1223; actions=[move(1,0,0), move(0,1,0), move(0,0,1), scan, reproduce(1), build_structure]; reply only TOON{action=<label>} from actions.
 4) LLM reply : TOON{action=scan}
 5) Decision  : Scan
 6) Reason qi : charging 1 qi for reasoning
    - QiSpent { agent_id: 2, amount: 1, action: "reason" }
 8) Tx        : signed+submitted (simulated)
 9) Memory    : 68 notes
Tick 1224: 4 events, 0 rejections
 - tick 1224 started
 - agent 2 observed action scan
 - agent 2 scan at (20, 0, 1) qi=12 | qi_sources=0 | structures=0
 - tick 1224 completed
Agent 91b6ec10279cfb84fdc6fde6beea2396a66bf77f (id 1) | qi=0 | position=(32, 2, 1) | alive=false | age=64
Summary: structures_built=0 | offspring=0 | events_seen=500
Tick 1224: 4 events, 0 rejections
 - tick 1224 started
 - agent 2 observed action scan
 - agent 2 scan at (20, 0, 1) qi=12 | qi_sources=0 | structures=0
 - tick 1224 completed
Agent 7e16585fd4fc6ccc20eeb6d51c3c807a7da37f7e (id 2) | qi=12 | position=(20, 0, 1) | alive=true | age=65
Summary: structures_built=0 | offspring=0 | events_seen=500
Tick 1225 | LLM planner | Agent 1
 1) State     : Agent 1 at (32, 2, 1) qi=0 age=64 last_tick=1224
 2) Goal      : Evolve, survive, build machines, form territories, and develop civilizations inside a voxel-based, blockchain-synchronized environment.
 3) Prompt    : state=Agent 1 at (32, 2, 1) qi=0 age=64 last_tick=1224; actions=[move(1,0,0), move(0,1,0), move(0,0,1), scan, reproduce(1), build_structure]; reply only TOON{action=<label>} from actions.
 4) LLM reply : TOON{action=scan}
 5) Decision  : Scan
 6) Reason qi : charging 1 qi for reasoning
    - reasoning charge failed: agent 1 is dead
Tick 1225 | LLM planner | Agent 2
 1) State     : Agent 2 at (20, 0, 1) qi=12 age=65 last_tick=1224
 2) Goal      : Evolve, survive, build machines, form territories, and develop civilizations inside a voxel-based, blockchain-synchronized environment.
 3) Prompt    : state=Agent 2 at (20, 0, 1) qi=12 age=65 last_tick=1224; actions=[move(1,0,0), move(0,1,0), move(0,0,1), scan, reproduce(1), build_structure]; reply only TOON{action=<label>} from actions.
 4) LLM reply : TOON{action=scan}
 5) Decision  : Scan
 6) Reason qi : charging 1 qi for reasoning
    - QiSpent { agent_id: 2, amount: 1, action: "reason" }
 8) Tx        : signed+submitted (simulated)
 9) Memory    : 69 notes
Tick 1225: 4 events, 0 rejections
 - tick 1225 started
 - agent 2 observed action scan
 - agent 2 scan at (20, 0, 1) qi=11 | qi_sources=0 | structures=0
 - tick 1225 completed
Agent 91b6ec10279cfb84fdc6fde6beea2396a66bf77f (id 1) | qi=0 | position=(32, 2, 1) | alive=false | age=64
Summary: structures_built=0 | offspring=0 | events_seen=505
Tick 1225: 4 events, 0 rejections
 - tick 1225 started
 - agent 2 observed action scan
 - agent 2 scan at (20, 0, 1) qi=11 | qi_sources=0 | structures=0
 - tick 1225 completed
Agent 7e16585fd4fc6ccc20eeb6d51c3c807a7da37f7e (id 2) | qi=11 | position=(20, 0, 1) | alive=true | age=66
Summary: structures_built=0 | offspring=0 | events_seen=505
Tick 1226 | LLM planner | Agent 1
 1) State     : Agent 1 at (32, 2, 1) qi=0 age=64 last_tick=1225
 2) Goal      : Evolve, survive, build machines, form territories, and develop civilizations inside a voxel-based, blockchain-synchronized environment.
 3) Prompt    : state=Agent 1 at (32, 2, 1) qi=0 age=64 last_tick=1225; actions=[move(1,0,0), move(0,1,0), move(0,0,1), scan, reproduce(1), build_structure]; reply only TOON{action=<label>} from actions.
 4) LLM reply : TOON{action=move(1,0,0)}
 5) Decision  : Move { dx: 1, dy: 0, dz: 0 }
 6) Reason qi : charging 1 qi for reasoning
    - reasoning charge failed: agent 1 is dead
Tick 1226 | LLM planner | Agent 2
 1) State     : Agent 2 at (20, 0, 1) qi=11 age=66 last_tick=1225
 2) Goal      : Evolve, survive, build machines, form territories, and develop civilizations inside a voxel-based, blockchain-synchronized environment.
 3) Prompt    : state=Agent 2 at (20, 0, 1) qi=11 age=66 last_tick=1225; actions=[move(1,0,0), move(0,1,0), move(0,0,1), scan, reproduce(1), build_structure]; reply only TOON{action=<label>} from actions.
 4) LLM reply : TOON{action=move(1,0,0)}
 5) Decision  : Move { dx: 1, dy: 0, dz: 0 }
 6) Reason qi : charging 1 qi for reasoning
    - QiSpent { agent_id: 2, amount: 1, action: "reason" }
 8) Tx        : signed+submitted (simulated)
 9) Memory    : 70 notes
Tick 1226: 4 events, 0 rejections
 - tick 1226 started
 - agent 2 spent 1 qi on move
 - agent 2 moved from (20, 0, 1) to (21, 0, 1)
 - tick 1226 completed
Agent 91b6ec10279cfb84fdc6fde6beea2396a66bf77f (id 1) | qi=0 | position=(32, 2, 1) | alive=false | age=64
Summary: structures_built=0 | offspring=0 | events_seen=510
Tick 1226: 4 events, 0 rejections
 - tick 1226 started
 - agent 2 spent 1 qi on move
 - agent 2 moved from (20, 0, 1) to (21, 0, 1)
 - tick 1226 completed
Agent 7e16585fd4fc6ccc20eeb6d51c3c807a7da37f7e (id 2) | qi=9 | position=(21, 0, 1) | alive=true | age=67
Summary: structures_built=0 | offspring=0 | events_seen=510
Tick 1227 | LLM planner | Agent 1
 1) State     : Agent 1 at (32, 2, 1) qi=0 age=64 last_tick=1226
 2) Goal      : Evolve, survive, build machines, form territories, and develop civilizations inside a voxel-based, blockchain-synchronized environment.
 3) Prompt    : state=Agent 1 at (32, 2, 1) qi=0 age=64 last_tick=1226; actions=[move(1,0,0), move(0,1,0), move(0,0,1), scan, reproduce(1), build_structure]; reply only TOON{action=<label>} from actions.
 4) LLM reply : TOON{action=scan}
 5) Decision  : Scan
 6) Reason qi : charging 1 qi for reasoning
    - reasoning charge failed: agent 1 is dead
Tick 1227 | LLM planner | Agent 2
 1) State     : Agent 2 at (21, 0, 1) qi=9 age=67 last_tick=1226
 2) Goal      : Evolve, survive, build machines, form territories, and develop civilizations inside a voxel-based, blockchain-synchronized environment.
 3) Prompt    : state=Agent 2 at (21, 0, 1) qi=9 age=67 last_tick=1226; actions=[move(1,0,0), move(0,1,0), move(0,0,1), scan, reproduce(1), build_structure]; reply only TOON{action=<label>} from actions.
 4) LLM reply : TOON{action=scan}
 5) Decision  : Scan
 6) Reason qi : charging 1 qi for reasoning
    - QiSpent { agent_id: 2, amount: 1, action: "reason" }
 8) Tx        : signed+submitted (simulated)
 9) Memory    : 71 notes
Tick 1227: 4 events, 0 rejections
 - tick 1227 started
 - agent 2 observed action scan
 - agent 2 scan at (21, 0, 1) qi=8 | qi_sources=0 | structures=0
 - tick 1227 completed
Agent 91b6ec10279cfb84fdc6fde6beea2396a66bf77f (id 1) | qi=0 | position=(32, 2, 1) | alive=false | age=64
Summary: structures_built=0 | offspring=0 | events_seen=515
Tick 1227: 4 events, 0 rejections
 - tick 1227 started
 - agent 2 observed action scan
 - agent 2 scan at (21, 0, 1) qi=8 | qi_sources=0 | structures=0
 - tick 1227 completed
Agent 7e16585fd4fc6ccc20eeb6d51c3c807a7da37f7e (id 2) | qi=8 | position=(21, 0, 1) | alive=true | age=68
Summary: structures_built=0 | offspring=0 | events_seen=515
Tick 1228 | LLM planner | Agent 1
 1) State     : Agent 1 at (32, 2, 1) qi=0 age=64 last_tick=1227
 2) Goal      : Evolve, survive, build machines, form territories, and develop civilizations inside a voxel-based, blockchain-synchronized environment.
 3) Prompt    : state=Agent 1 at (32, 2, 1) qi=0 age=64 last_tick=1227; actions=[move(1,0,0), move(0,1,0), move(0,0,1), scan, reproduce(1), build_structure]; reply only TOON{action=<label>} from actions.
 4) LLM reply : TOON{action=scan}
 5) Decision  : Scan
 6) Reason qi : charging 1 qi for reasoning
    - reasoning charge failed: agent 1 is dead
Tick 1228 | LLM planner | Agent 2
 1) State     : Agent 2 at (21, 0, 1) qi=8 age=68 last_tick=1227
 2) Goal      : Evolve, survive, build machines, form territories, and develop civilizations inside a voxel-based, blockchain-synchronized environment.
 3) Prompt    : state=Agent 2 at (21, 0, 1) qi=8 age=68 last_tick=1227; actions=[move(1,0,0), move(0,1,0), move(0,0,1), scan, reproduce(1), build_structure]; reply only TOON{action=<label>} from actions.
 4) LLM reply : TOON{action=move(1,0,0)}
 5) Decision  : Move { dx: 1, dy: 0, dz: 0 }
 6) Reason qi : charging 1 qi for reasoning
    - QiSpent { agent_id: 2, amount: 1, action: "reason" }
 8) Tx        : signed+submitted (simulated)
 9) Memory    : 72 notes
Tick 1228: 4 events, 0 rejections
 - tick 1228 started
 - agent 2 spent 1 qi on move
 - agent 2 moved from (21, 0, 1) to (22, 0, 1)
 - tick 1228 completed
Agent 91b6ec10279cfb84fdc6fde6beea2396a66bf77f (id 1) | qi=0 | position=(32, 2, 1) | alive=false | age=64
Summary: structures_built=0 | offspring=0 | events_seen=520
Tick 1228: 4 events, 0 rejections
 - tick 1228 started
 - agent 2 spent 1 qi on move
 - agent 2 moved from (21, 0, 1) to (22, 0, 1)
 - tick 1228 completed
Agent 7e16585fd4fc6ccc20eeb6d51c3c807a7da37f7e (id 2) | qi=6 | position=(22, 0, 1) | alive=true | age=69
Summary: structures_built=0 | offspring=0 | events_seen=520
Tick 1229 | LLM planner | Agent 1
 1) State     : Agent 1 at (32, 2, 1) qi=0 age=64 last_tick=1228
 2) Goal      : Evolve, survive, build machines, form territories, and develop civilizations inside a voxel-based, blockchain-synchronized environment.
 3) Prompt    : state=Agent 1 at (32, 2, 1) qi=0 age=64 last_tick=1228; actions=[move(1,0,0), move(0,1,0), move(0,0,1), scan, reproduce(1), build_structure]; reply only TOON{action=<label>} from actions.
 4) LLM reply : 
Toon Agent 1:

* Action: move(1, 0, 0)

Reply: TOON{move(1, 0, 0)}
 5) Decision  : Idle
 6) Reason qi : charging 1 qi for reasoning
    - reasoning charge failed: agent 1 is dead
Tick 1229 | LLM planner | Agent 2
 1) State     : Agent 2 at (22, 0, 1) qi=6 age=69 last_tick=1228
 2) Goal      : Evolve, survive, build machines, form territories, and develop civilizations inside a voxel-based, blockchain-synchronized environment.
 3) Prompt    : state=Agent 2 at (22, 0, 1) qi=6 age=69 last_tick=1228; actions=[move(1,0,0), move(0,1,0), move(0,0,1), scan, reproduce(1), build_structure]; reply only TOON{action=<label>} from actions.
 4) LLM reply : TOON{action=scan}
 5) Decision  : Scan
 6) Reason qi : charging 1 qi for reasoning
    - QiSpent { agent_id: 2, amount: 1, action: "reason" }
 8) Tx        : signed+submitted (simulated)
 9) Memory    : 73 notes
Tick 1229: 4 events, 0 rejections
 - tick 1229 started
 - agent 2 observed action scan
 - agent 2 scan at (22, 0, 1) qi=5 | qi_sources=0 | structures=0
 - tick 1229 completed
Agent 91b6ec10279cfb84fdc6fde6beea2396a66bf77f (id 1) | qi=0 | position=(32, 2, 1) | alive=false | age=64
Summary: structures_built=0 | offspring=0 | events_seen=525
Tick 1229: 4 events, 0 rejections
 - tick 1229 started
 - agent 2 observed action scan
 - agent 2 scan at (22, 0, 1) qi=5 | qi_sources=0 | structures=0
 - tick 1229 completed
Agent 7e16585fd4fc6ccc20eeb6d51c3c807a7da37f7e (id 2) | qi=5 | position=(22, 0, 1) | alive=true | age=70
Summary: structures_built=0 | offspring=0 | events_seen=525
Tick 1230 | LLM planner | Agent 1
 1) State     : Agent 1 at (32, 2, 1) qi=0 age=64 last_tick=1229
 2) Goal      : Evolve, survive, build machines, form territories, and develop civilizations inside a voxel-based, blockchain-synchronized environment.
 3) Prompt    : state=Agent 1 at (32, 2, 1) qi=0 age=64 last_tick=1229; actions=[move(1,0,0), move(0,1,0), move(0,0,1), scan, reproduce(1), build_structure]; reply only TOON{action=<label>} from actions.
 4) LLM reply : TOON{action=scan}
 5) Decision  : Scan
 6) Reason qi : charging 1 qi for reasoning
    - reasoning charge failed: agent 1 is dead
Tick 1230 | LLM planner | Agent 2
 1) State     : Agent 2 at (22, 0, 1) qi=5 age=70 last_tick=1229
 2) Goal      : Evolve, survive, build machines, form territories, and develop civilizations inside a voxel-based, blockchain-synchronized environment.
 3) Prompt    : state=Agent 2 at (22, 0, 1) qi=5 age=70 last_tick=1229; actions=[move(1,0,0), move(0,1,0), move(0,0,1), scan, reproduce(1), build_structure]; reply only TOON{action=<label>} from actions.
 4) LLM reply : TOON{action=move(1,0,0)}
 5) Decision  : Move { dx: 1, dy: 0, dz: 0 }
 6) Reason qi : charging 1 qi for reasoning
    - QiSpent { agent_id: 2, amount: 1, action: "reason" }
 8) Tx        : signed+submitted (simulated)
 9) Memory    : 74 notes
Tick 1230: 4 events, 0 rejections
 - tick 1230 started
 - agent 2 spent 1 qi on move
 - agent 2 moved from (22, 0, 1) to (23, 0, 1)
 - tick 1230 completed
Agent 91b6ec10279cfb84fdc6fde6beea2396a66bf77f (id 1) | qi=0 | position=(32, 2, 1) | alive=false | age=64
Summary: structures_built=0 | offspring=0 | events_seen=530
Tick 1230: 4 events, 0 rejections
 - tick 1230 started
 - agent 2 spent 1 qi on move
 - agent 2 moved from (22, 0, 1) to (23, 0, 1)
 - tick 1230 completed
Agent 7e16585fd4fc6ccc20eeb6d51c3c807a7da37f7e (id 2) | qi=3 | position=(23, 0, 1) | alive=true | age=71
Summary: structures_built=0 | offspring=0 | events_seen=530
Tick 1231 | LLM planner | Agent 1
 1) State     : Agent 1 at (32, 2, 1) qi=0 age=64 last_tick=1230
 2) Goal      : Evolve, survive, build machines, form territories, and develop civilizations inside a voxel-based, blockchain-synchronized environment.
 3) Prompt    : state=Agent 1 at (32, 2, 1) qi=0 age=64 last_tick=1230; actions=[move(1,0,0), move(0,1,0), move(0,0,1), scan, reproduce(1), build_structure]; reply only TOON{action=<label>} from actions.
 4) LLM reply : TOON{action=scan}
 5) Decision  : Scan
 6) Reason qi : charging 1 qi for reasoning
    - reasoning charge failed: agent 1 is dead
Tick 1231 | LLM planner | Agent 2
 1) State     : Agent 2 at (23, 0, 1) qi=3 age=71 last_tick=1230
 2) Goal      : Evolve, survive, build machines, form territories, and develop civilizations inside a voxel-based, blockchain-synchronized environment.
 3) Prompt    : state=Agent 2 at (23, 0, 1) qi=3 age=71 last_tick=1230; actions=[move(1,0,0), move(0,1,0), move(0,0,1), scan, reproduce(1), build_structure]; reply only TOON{action=<label>} from actions.
 4) LLM reply : TOON{action=move(1,0,0)}
 5) Decision  : Move { dx: 1, dy: 0, dz: 0 }
 6) Reason qi : charging 1 qi for reasoning
    - QiSpent { agent_id: 2, amount: 1, action: "reason" }
 8) Tx        : signed+submitted (simulated)
 9) Memory    : 75 notes
Tick 1231: 4 events, 0 rejections
 - tick 1231 started
 - agent 2 spent 1 qi on move
 - agent 2 moved from (23, 0, 1) to (24, 0, 1)
 - tick 1231 completed
Agent 91b6ec10279cfb84fdc6fde6beea2396a66bf77f (id 1) | qi=0 | position=(32, 2, 1) | alive=false | age=64
Summary: structures_built=0 | offspring=0 | events_seen=535
Tick 1231: 4 events, 0 rejections
 - tick 1231 started
 - agent 2 spent 1 qi on move
 - agent 2 moved from (23, 0, 1) to (24, 0, 1)
 - tick 1231 completed
Agent 7e16585fd4fc6ccc20eeb6d51c3c807a7da37f7e (id 2) | qi=1 | position=(24, 0, 1) | alive=true | age=72
Summary: structures_built=0 | offspring=0 | events_seen=535
Tick 1232 | LLM planner | Agent 1
 1) State     : Agent 1 at (32, 2, 1) qi=0 age=64 last_tick=1231
 2) Goal      : Evolve, survive, build machines, form territories, and develop civilizations inside a voxel-based, blockchain-synchronized environment.
 3) Prompt    : state=Agent 1 at (32, 2, 1) qi=0 age=64 last_tick=1231; actions=[move(1,0,0), move(0,1,0), move(0,0,1), scan, reproduce(1), build_structure]; reply only TOON{action=<label>} from actions.
 4) LLM reply : 
Toon: *giggles* Oh boy, you're in for a treat! I have so many fun actions to choose from! *twirls* Let me see... hmmm..…
 5) Decision  : Idle
 6) Reason qi : charging 1 qi for reasoning
    - reasoning charge failed: agent 1 is dead
Tick 1232 | LLM planner | Agent 2
 1) State     : Agent 2 at (24, 0, 1) qi=1 age=72 last_tick=1231
 2) Goal      : Evolve, survive, build machines, form territories, and develop civilizations inside a voxel-based, blockchain-synchronized environment.
 3) Prompt    : state=Agent 2 at (24, 0, 1) qi=1 age=72 last_tick=1231; actions=[move(1,0,0), move(0,1,0), move(0,0,1), scan, reproduce(1), build_structure]; reply only TOON{action=<label>} from actions.
 4) LLM reply : TOON{action=scan}
 5) Decision  : Scan
 6) Reason qi : charging 1 qi for reasoning
    - QiSpent { agent_id: 2, amount: 1, action: "reason" }
    - AgentDied { agent_id: 2, reason: Exhausted }
 8) Tx        : signed+submitted (simulated)
 9) Memory    : 76 notes
Tick 1232: 2 events, 1 rejections
 - tick 1232 started
 - tick 1232 completed
Rejections:
 - agent 2 action Scan: AgentDead(2)
Agent 91b6ec10279cfb84fdc6fde6beea2396a66bf77f (id 1) | qi=0 | position=(32, 2, 1) | alive=false | age=64
Summary: structures_built=0 | offspring=0 | events_seen=539
Tick 1232: 2 events, 1 rejections
 - tick 1232 started
 - tick 1232 completed
Rejections:
 - agent 2 action Scan: AgentDead(2)
Agent 7e16585fd4fc6ccc20eeb6d51c3c807a7da37f7e (id 2) | qi=0 | position=(24, 0, 1) | alive=false | age=72
Summary: structures_built=0 | offspring=0 | events_seen=539
